<html>
<body>
<pre>
<h1>µVision Build Log</h1>
<h2>Tool Versions:</h2>
IDE-Version: ¦ÌVision V5.14.2
Copyright (C) 2015 ARM Ltd and ARM Germany GmbH. All rights reserved.
License Information: Cortex-M4, VICTECH, LIC=DSNNN-YYMXZ-WIN5K-Z6QC7-VTY5F-UR3IK
 
Tool Versions:
Toolchain:       MDK-ARM Professional  Version: 5.21a
Toolchain Path:  D:\Install\Keil_v5\ARM\ARMCC\Bin
C Compiler:      Armcc.exe V5.06 update 3 (build 300)
Assembler:       Armasm.exe V5.06 update 3 (build 300)
Linker/Locator:  ArmLink.exe V5.06 update 3 (build 300)
Library Manager: ArmAr.exe V5.06 update 3 (build 300)
Hex Converter:   FromElf.exe V5.06 update 3 (build 300)
CPU DLL:         SARMCM3.DLL V5.21a
Dialog DLL:      DCM.DLL V1.13.8.0
Target DLL:      Segger\JL2CM3.dll V2.99.23.0
Dialog DLL:      TCM.DLL V1.14.14.0
 
<h2>Project:</h2>
C:\Users\vicru\Desktop\Schuco\FlyingSchuco\HAL_F4\HAL_F4_RTOS\MDK-ARM\HAL_F4_RTOS.uvprojx
Project File Date:  11/21/2020

<h2>Output:</h2>
*** Using Compiler 'V5.06 update 3 (build 300)', folder: 'D:\Install\Keil_v5\ARM\ARMCC\Bin'
Build target 'HAL_F4_RTOS'
compiling main.c...
../Src/main.c(951): warning:  #550-D: variable "pwmLF" was set but never used
        int pwmLF = 0, pwmLB = 0, pwmRF = 0, pwmRB = 0;
../Src/main.c: 1 warning, 0 errors
linking...
Program Size: Code=31804 RO-data=4308 RW-data=284 ZI-data=35940  
FromELF: creating hex file...
"HAL_F4_RTOS\HAL_F4_RTOS.axf" - 0 Error(s), 1 Warning(s).

<h2>Collection of Component include folders:</h2>
  C:\Users\vicru\Desktop\Schuco\FlyingSchuco\HAL_F4\HAL_F4_RTOS\MDK-ARM\RTE
  D:\Install\Keil_v5\ARM\PACK\Keil\STM32F4xx_DFP\2.14.0\Drivers\CMSIS\Device\ST\STM32F4xx\Include

<h2>Collection of Component Files used:</h2>
</pre>
</body>
</html>
