Component: ARM Compiler 5.06 update 3 (build 300) Tool: armlink [4d35c9]

==============================================================================

Section Cross References

    startup_stm32f407xx.o(RESET) refers to startup_stm32f407xx.o(STACK) for __initial_sp
    startup_stm32f407xx.o(RESET) refers to startup_stm32f407xx.o(.text) for Reset_Handler
    startup_stm32f407xx.o(RESET) refers to stm32f4xx_it.o(i.NMI_Handler) for NMI_Handler
    startup_stm32f407xx.o(RESET) refers to stm32f4xx_it.o(i.HardFault_Handler) for HardFault_Handler
    startup_stm32f407xx.o(RESET) refers to stm32f4xx_it.o(i.MemManage_Handler) for MemManage_Handler
    startup_stm32f407xx.o(RESET) refers to stm32f4xx_it.o(i.BusFault_Handler) for BusFault_Handler
    startup_stm32f407xx.o(RESET) refers to stm32f4xx_it.o(i.UsageFault_Handler) for UsageFault_Handler
    startup_stm32f407xx.o(RESET) refers to port.o(.emb_text) for SVC_Handler
    startup_stm32f407xx.o(RESET) refers to stm32f4xx_it.o(i.DebugMon_Handler) for DebugMon_Handler
    startup_stm32f407xx.o(RESET) refers to port.o(i.SysTick_Handler) for SysTick_Handler
    startup_stm32f407xx.o(RESET) refers to stm32f4xx_it.o(i.EXTI3_IRQHandler) for EXTI3_IRQHandler
    startup_stm32f407xx.o(RESET) refers to stm32f4xx_it.o(i.EXTI4_IRQHandler) for EXTI4_IRQHandler
    startup_stm32f407xx.o(RESET) refers to stm32f4xx_it.o(i.EXTI9_5_IRQHandler) for EXTI9_5_IRQHandler
    startup_stm32f407xx.o(RESET) refers to stm32f4xx_it.o(i.USART1_IRQHandler) for USART1_IRQHandler
    startup_stm32f407xx.o(RESET) refers to stm32f4xx_it.o(i.USART2_IRQHandler) for USART2_IRQHandler
    startup_stm32f407xx.o(RESET) refers to stm32f4xx_it.o(i.EXTI15_10_IRQHandler) for EXTI15_10_IRQHandler
    startup_stm32f407xx.o(RESET) refers to stm32f4xx_it.o(i.TIM8_UP_TIM13_IRQHandler) for TIM8_UP_TIM13_IRQHandler
    startup_stm32f407xx.o(.text) refers to system_stm32f4xx.o(i.SystemInit) for SystemInit
    startup_stm32f407xx.o(.text) refers to entry.o(.ARM.Collect$$$$00000000) for __main
    main.o(i.HAL_TIM_PeriodElapsedCallback) refers to stm32f4xx_hal.o(i.HAL_IncTick) for HAL_IncTick
    main.o(i.MX_GPIO_Init) refers to memseta.o(.text) for __aeabi_memclr4
    main.o(i.MX_GPIO_Init) refers to stm32f4xx_hal_gpio.o(i.HAL_GPIO_WritePin) for HAL_GPIO_WritePin
    main.o(i.MX_GPIO_Init) refers to stm32f4xx_hal_gpio.o(i.HAL_GPIO_Init) for HAL_GPIO_Init
    main.o(i.MX_GPIO_Init) refers to stm32f4xx_hal_cortex.o(i.HAL_NVIC_SetPriority) for HAL_NVIC_SetPriority
    main.o(i.MX_GPIO_Init) refers to stm32f4xx_hal_cortex.o(i.HAL_NVIC_EnableIRQ) for HAL_NVIC_EnableIRQ
    main.o(i.MX_TIM12_Init) refers to memseta.o(.text) for __aeabi_memclr4
    main.o(i.MX_TIM12_Init) refers to stm32f4xx_hal_tim.o(i.HAL_TIM_PWM_Init) for HAL_TIM_PWM_Init
    main.o(i.MX_TIM12_Init) refers to stm32f4xx_hal_tim.o(i.HAL_TIM_PWM_ConfigChannel) for HAL_TIM_PWM_ConfigChannel
    main.o(i.MX_TIM12_Init) refers to stm32f4xx_hal_msp.o(i.HAL_TIM_MspPostInit) for HAL_TIM_MspPostInit
    main.o(i.MX_TIM12_Init) refers to main.o(.bss) for .bss
    main.o(i.MX_TIM1_Init) refers to memseta.o(.text) for __aeabi_memclr4
    main.o(i.MX_TIM1_Init) refers to stm32f4xx_hal_tim.o(i.HAL_TIM_Encoder_Init) for HAL_TIM_Encoder_Init
    main.o(i.MX_TIM1_Init) refers to stm32f4xx_hal_tim_ex.o(i.HAL_TIMEx_MasterConfigSynchronization) for HAL_TIMEx_MasterConfigSynchronization
    main.o(i.MX_TIM1_Init) refers to main.o(.bss) for .bss
    main.o(i.MX_TIM2_Init) refers to memseta.o(.text) for __aeabi_memclr4
    main.o(i.MX_TIM2_Init) refers to stm32f4xx_hal_tim.o(i.HAL_TIM_Encoder_Init) for HAL_TIM_Encoder_Init
    main.o(i.MX_TIM2_Init) refers to stm32f4xx_hal_tim_ex.o(i.HAL_TIMEx_MasterConfigSynchronization) for HAL_TIMEx_MasterConfigSynchronization
    main.o(i.MX_TIM2_Init) refers to main.o(.bss) for .bss
    main.o(i.MX_TIM3_Init) refers to memseta.o(.text) for __aeabi_memclr4
    main.o(i.MX_TIM3_Init) refers to stm32f4xx_hal_tim.o(i.HAL_TIM_Encoder_Init) for HAL_TIM_Encoder_Init
    main.o(i.MX_TIM3_Init) refers to stm32f4xx_hal_tim_ex.o(i.HAL_TIMEx_MasterConfigSynchronization) for HAL_TIMEx_MasterConfigSynchronization
    main.o(i.MX_TIM3_Init) refers to main.o(.bss) for .bss
    main.o(i.MX_TIM4_Init) refers to memseta.o(.text) for __aeabi_memclr4
    main.o(i.MX_TIM4_Init) refers to stm32f4xx_hal_tim.o(i.HAL_TIM_Encoder_Init) for HAL_TIM_Encoder_Init
    main.o(i.MX_TIM4_Init) refers to stm32f4xx_hal_tim_ex.o(i.HAL_TIMEx_MasterConfigSynchronization) for HAL_TIMEx_MasterConfigSynchronization
    main.o(i.MX_TIM4_Init) refers to main.o(.bss) for .bss
    main.o(i.MX_TIM8_Init) refers to memseta.o(.text) for __aeabi_memclr4
    main.o(i.MX_TIM8_Init) refers to stm32f4xx_hal_tim.o(i.HAL_TIM_PWM_Init) for HAL_TIM_PWM_Init
    main.o(i.MX_TIM8_Init) refers to stm32f4xx_hal_tim_ex.o(i.HAL_TIMEx_MasterConfigSynchronization) for HAL_TIMEx_MasterConfigSynchronization
[...]
    i.pxPortInitialiseStack                  0x080065fc   Section        0  port.o(i.pxPortInitialiseStack)
    i.sign                                   0x08006628   Section        0  mymath.o(i.sign)
    i.sqrt                                   0x0800664a   Section        0  sqrt.o(i.sqrt)
    i.uxListRemove                           0x080066b8   Section        0  list.o(i.uxListRemove)
    i.vApplicationGetIdleTaskMemory          0x080066e0   Section        0  cmsis_os2.o(i.vApplicationGetIdleTaskMemory)
    i.vApplicationGetTimerTaskMemory         0x080066f4   Section        0  cmsis_os2.o(i.vApplicationGetTimerTaskMemory)
    i.vListInitialise                        0x0800670c   Section        0  list.o(i.vListInitialise)
    i.vListInitialiseItem                    0x08006722   Section        0  list.o(i.vListInitialiseItem)
    i.vListInsert                            0x08006728   Section        0  list.o(i.vListInsert)
    i.vListInsertEnd                         0x08006758   Section        0  list.o(i.vListInsertEnd)
    i.vPortEnterCritical                     0x08006770   Section        0  port.o(i.vPortEnterCritical)
    i.vPortExitCritical                      0x080067b0   Section        0  port.o(i.vPortExitCritical)
    i.vPortFree                              0x080067d8   Section        0  heap_4.o(i.vPortFree)
    i.vPortSetupTimerInterrupt               0x08006834   Section        0  port.o(i.vPortSetupTimerInterrupt)
    i.vPortValidateInterruptPriority         0x08006858   Section        0  port.o(i.vPortValidateInterruptPriority)
    i.vQueueAddToRegistry                    0x080068ac   Section        0  queue.o(i.vQueueAddToRegistry)
    i.vQueueWaitForMessageRestricted         0x080068d4   Section        0  queue.o(i.vQueueWaitForMessageRestricted)
    i.vTaskDelay                             0x08006918   Section        0  tasks.o(i.vTaskDelay)
    i.vTaskInternalSetTimeOutState           0x08006964   Section        0  tasks.o(i.vTaskInternalSetTimeOutState)
    i.vTaskMissedYield                       0x08006974   Section        0  tasks.o(i.vTaskMissedYield)
    i.vTaskPlaceOnEventList                  0x08006980   Section        0  tasks.o(i.vTaskPlaceOnEventList)
    i.vTaskPlaceOnEventListRestricted        0x080069b0   Section        0  tasks.o(i.vTaskPlaceOnEventListRestricted)
    i.vTaskStartScheduler                    0x080069e8   Section        0  tasks.o(i.vTaskStartScheduler)
    i.vTaskSuspendAll                        0x08006a70   Section        0  tasks.o(i.vTaskSuspendAll)
    i.vTaskSwitchContext                     0x08006a80   Section        0  tasks.o(i.vTaskSwitchContext)
    i.xPortStartScheduler                    0x08006ae4   Section        0  port.o(i.xPortStartScheduler)
    i.xQueueGenericCreateStatic              0x08006bd8   Section        0  queue.o(i.xQueueGenericCreateStatic)
    i.xQueueGenericReset                     0x08006c40   Section        0  queue.o(i.xQueueGenericReset)
    i.xQueueGenericSend                      0x08006cc8   Section        0  queue.o(i.xQueueGenericSend)
    i.xQueueGenericSendFromISR               0x08006e28   Section        0  queue.o(i.xQueueGenericSendFromISR)
    i.xQueueReceive                          0x08006ee4   Section        0  queue.o(i.xQueueReceive)
    i.xTaskCheckForTimeOut                   0x0800701c   Section        0  tasks.o(i.xTaskCheckForTimeOut)
    i.xTaskCreate                            0x08007090   Section        0  tasks.o(i.xTaskCreate)
    i.xTaskCreateStatic                      0x080070ea   Section        0  tasks.o(i.xTaskCreateStatic)
    i.xTaskGetSchedulerState                 0x08007140   Section        0  tasks.o(i.xTaskGetSchedulerState)
    i.xTaskGetTickCount                      0x0800715c   Section        0  tasks.o(i.xTaskGetTickCount)
    i.xTaskIncrementTick                     0x08007168   Section        0  tasks.o(i.xTaskIncrementTick)
    i.xTaskPriorityDisinherit                0x08007230   Section        0  tasks.o(i.xTaskPriorityDisinherit)
    i.xTaskRemoveFromEventList               0x080072b0   Section        0  tasks.o(i.xTaskRemoveFromEventList)
    i.xTaskResumeAll                         0x08007320   Section        0  tasks.o(i.xTaskResumeAll)
    i.xTimerCreateTimerTask                  0x080073e4   Section        0  timers.o(i.xTimerCreateTimerTask)
    i.xTimerGenericCommand                   0x08007444   Section        0  timers.o(i.xTimerGenericCommand)
    .constdata                               0x080074ac   Section      368  main.o(.constdata)
    .constdata                               0x0800761c   Section       16  system_stm32f4xx.o(.constdata)
    .constdata                               0x0800762c   Section        8  system_stm32f4xx.o(.constdata)
    .constdata                               0x08007634   Section       27  inv_mpu.o(.constdata)
    .constdata                               0x08007650   Section       12  inv_mpu.o(.constdata)
    .constdata                               0x0800765c   Section       40  inv_mpu.o(.constdata)
    .constdata                               0x08007688   Section       80  asin.o(.constdata)
    pS                                       0x08007688   Data          48  asin.o(.constdata)
    qS                                       0x080076b8   Data          32  asin.o(.constdata)
    .constdata                               0x080076d8   Section      152  atan.o(.constdata)
    atanhi                                   0x080076d8   Data          32  atan.o(.constdata)
    atanlo                                   0x080076f8   Data          32  atan.o(.constdata)
    aTodd                                    0x08007718   Data          40  atan.o(.constdata)
    aTeven                                   0x08007740   Data          48  atan.o(.constdata)
    .constdata                               0x08007770   Section       48  cos_i.o(.constdata)
    C                                        0x08007770   Data          48  cos_i.o(.constdata)
    .constdata                               0x080077a0   Section        8  qnan.o(.constdata)
    .constdata                               0x080077a8   Section      200  rred.o(.constdata)
    pio2s                                    0x080077a8   Data          48  rred.o(.constdata)
    twooverpi                                0x080077d8   Data         152  rred.o(.constdata)
    .constdata                               0x08007870   Section       40  sin_i.o(.constdata)
    S                                        0x08007870   Data          40  sin_i.o(.constdata)
    .conststring                             0x08007898   Section      103  main.o(.conststring)
    .data                                    0x20000000   Section       56  main.o(.data)
    .data                                    0x20000038   Section       12  stm32f4xx_hal.o(.data)
    .data                                    0x20000044   Section        4  system_stm32f4xx.o(.data)
    .data                                    0x20000048   Section       60  tasks.o(.data)
    pxDelayedTaskList                        0x2000004c   Data           4  tasks.o(.data)
    pxOverflowDelayedTaskList                0x20000050   Data           4  tasks.o(.data)
    uxDeletedTasksWaitingCleanUp             0x20000054   Data           4  tasks.o(.data)
    uxCurrentNumberOfTasks                   0x20000058   Data           4  tasks.o(.data)
    xTickCount                               0x2000005c   Data           4  tasks.o(.data)
    uxTopReadyPriority                       0x20000060   Data           4  tasks.o(.data)
    xSchedulerRunning                        0x20000064   Data           4  tasks.o(.data)
    uxPendedTicks                            0x20000068   Data           4  tasks.o(.data)
    xYieldPending                            0x2000006c   Data           4  tasks.o(.data)
    xNumOfOverflows                          0x20000070   Data           4  tasks.o(.data)
    uxTaskNumber                             0x20000074   Data           4  tasks.o(.data)
    xNextTaskUnblockTime                     0x20000078   Data           4  tasks.o(.data)
    xIdleTaskHandle                          0x2000007c   Data           4  tasks.o(.data)
    uxSchedulerSuspended                     0x20000080   Data           4  tasks.o(.data)
    .data                                    0x20000084   Section       20  timers.o(.data)
    pxCurrentTimerList                       0x20000084   Data           4  timers.o(.data)
    pxOverflowTimerList                      0x20000088   Data           4  timers.o(.data)
    xTimerQueue                              0x2000008c   Data           4  timers.o(.data)
    xTimerTaskHandle                         0x20000090   Data           4  timers.o(.data)
    xLastTime                                0x20000094   Data           4  timers.o(.data)
    .data                                    0x20000098   Section        4  cmsis_os2.o(.data)
    KernelState                              0x20000098   Data           4  cmsis_os2.o(.data)
    .data                                    0x2000009c   Section       24  heap_4.o(.data)
    pxEnd                                    0x2000009c   Data           4  heap_4.o(.data)
    xFreeBytesRemaining                      0x200000a0   Data           4  heap_4.o(.data)
    xMinimumEverFreeBytesRemaining           0x200000a4   Data           4  heap_4.o(.data)
    xBlockAllocatedBit                       0x200000a8   Data           4  heap_4.o(.data)
    xStart                                   0x200000ac   Data           8  heap_4.o(.data)
    .data                                    0x200000b4   Section       12  port.o(.data)
    ucMaxSysCallPriority                     0x200000b4   Data           1  port.o(.data)
    uxCriticalNesting                        0x200000b8   Data           4  port.o(.data)
    ulMaxPRIGROUPValue                       0x200000bc   Data           4  port.o(.data)
    .data                                    0x200000c0   Section       48  bsp.o(.data)
    .data                                    0x200000f0   Section        4  debug.o(.data)
    .data                                    0x200000f4   Section       53  inv_mpu.o(.data)
    st                                       0x200000f4   Data          44  inv_mpu.o(.data)
    gyro_orientation                         0x20000120   Data           9  inv_mpu.o(.data)
    .data                                    0x2000012c   Section        8  comm.o(.data)
    .data                                    0x20000134   Section        4  mvars.o(.data)
    .data                                    0x20000138   Section        4  mvars.o(.data)
    .data                                    0x2000013c   Section        4  errno.o(.data)
    _errno                                   0x2000013c   Data           4  errno.o(.data)
    .bss                                     0x20000140   Section      704  main.o(.bss)
    .bss                                     0x20000400   Section       64  stm32f4xx_hal_timebase_tim.o(.bss)
    .bss                                     0x20000440   Section       64  queue.o(.bss)
    .bss                                     0x20000480   Section     1220  tasks.o(.bss)
    pxReadyTasksLists                        0x20000480   Data        1120  tasks.o(.bss)
    xDelayedTaskList1                        0x200008e0   Data          20  tasks.o(.bss)
    xDelayedTaskList2                        0x200008f4   Data          20  tasks.o(.bss)
    xPendingReadyList                        0x20000908   Data          20  tasks.o(.bss)
    xTasksWaitingTermination                 0x2000091c   Data          20  tasks.o(.bss)
    xSuspendedTaskList                       0x20000930   Data          20  tasks.o(.bss)
    .bss                                     0x20000944   Section      280  timers.o(.bss)
    xActiveTimerList1                        0x20000944   Data          20  timers.o(.bss)
    xActiveTimerList2                        0x20000958   Data          20  timers.o(.bss)
    xStaticTimerQueue                        0x2000096c   Data          80  timers.o(.bss)
    ucStaticTimerQueueStorage                0x200009bc   Data         160  timers.o(.bss)
    .bss                                     0x20000a5c   Section     1720  cmsis_os2.o(.bss)
    Idle_TCB                                 0x20000a5c   Data          92  cmsis_os2.o(.bss)
    Idle_Stack                               0x20000ab8   Data         512  cmsis_os2.o(.bss)
    Timer_TCB                                0x20000cb8   Data          92  cmsis_os2.o(.bss)
    Timer_Stack                              0x20000d14   Data        1024  cmsis_os2.o(.bss)
    .bss                                     0x20001114   Section    30720  heap_4.o(.bss)
    ucHeap                                   0x20001114   Data       30720  heap_4.o(.bss)
    .bss                                     0x20008914   Section       16  inv_mpu_dmp_motion_driver.o(.bss)
    dmp                                      0x20008914   Data          16  inv_mpu_dmp_motion_driver.o(.bss)
    .bss                                     0x20008924   Section      128  comm.o(.bss)
    HEAP                                     0x200089a8   Section      512  startup_stm32f407xx.o(HEAP)
    STACK                                    0x20008ba8   Section     1024  startup_stm32f407xx.o(STACK)

    Global Symbols

    Symbol Name                              Value     Ov Type        Size  Object(Section)

    BuildAttributes$$THM_ISAv4$E$P$D$K$B$S$7EM$VFPi3$EXTD16$VFPS$VFMA$PE$A:L22UL41UL21$X:L11$S22US41US21$IEEE1$IW$USESV6$~STKCKD$USESV7$~SHL$OTIME$ROPI$IEEEX$EBA8$MICROLIB$REQ8$PRES8$EABIv2 0x00000000   Number         0  anon$$obj.o ABSOLUTE
    __ARM_use_no_argv                        0x00000000   Number         0  main.o ABSOLUTE
    _printf_a                                0x00000000   Number         0  stubs.o ABSOLUTE
    _printf_c                                0x00000000   Number         0  stubs.o ABSOLUTE
    _printf_charcount                        0x00000000   Number         0  stubs.o ABSOLUTE
    _printf_d                                0x00000000   Number         0  stubs.o ABSOLUTE
    _printf_e                                0x00000000   Number         0  stubs.o ABSOLUTE
    _printf_f                                0x00000000   Number         0  stubs.o ABSOLUTE
    _printf_flags                            0x00000000   Number         0  stubs.o ABSOLUTE
    _printf_fp_dec                           0x00000000   Number         0  stubs.o ABSOLUTE
    _printf_fp_hex                           0x00000000   Number         0  stubs.o ABSOLUTE
    _printf_g                                0x00000000   Number         0  stubs.o ABSOLUTE
    _printf_i                                0x00000000   Number         0  stubs.o ABSOLUTE
    _printf_int_dec                          0x00000000   Number         0  stubs.o ABSOLUTE
    _printf_l                                0x00000000   Number         0  stubs.o ABSOLUTE
    _printf_lc                               0x00000000   Number         0  stubs.o ABSOLUTE
    _printf_ll                               0x00000000   Number         0  stubs.o ABSOLUTE
    _printf_lld                              0x00000000   Number         0  stubs.o ABSOLUTE
    _printf_lli                              0x00000000   Number         0  stubs.o ABSOLUTE
    _printf_llo                              0x00000000   Number         0  stubs.o ABSOLUTE
    _printf_llu                              0x00000000   Number         0  stubs.o ABSOLUTE
    _printf_llx                              0x00000000   Number         0  stubs.o ABSOLUTE
    _printf_longlong_dec                     0x00000000   Number         0  stubs.o ABSOLUTE
    _printf_longlong_hex                     0x00000000   Number         0  stubs.o ABSOLUTE
    _printf_longlong_oct                     0x00000000   Number         0  stubs.o ABSOLUTE
    _printf_ls                               0x00000000   Number         0  stubs.o ABSOLUTE
    _printf_mbtowc                           0x00000000   Number         0  stubs.o ABSOLUTE
    _printf_n                                0x00000000   Number         0  stubs.o ABSOLUTE
    _printf_o                                0x00000000   Number         0  stubs.o ABSOLUTE
    _printf_p                                0x00000000   Number         0  stubs.o ABSOLUTE
    _printf_percent                          0x00000000   Number         0  stubs.o ABSOLUTE
    _printf_pre_padding                      0x00000000   Number         0  stubs.o ABSOLUTE
    _printf_return_value                     0x00000000   Number         0  stubs.o ABSOLUTE
    _printf_s                                0x00000000   Number         0  stubs.o ABSOLUTE
    _printf_sizespec                         0x00000000   Number         0  stubs.o ABSOLUTE
    _printf_str                              0x00000000   Number         0  stubs.o ABSOLUTE
    _printf_truncate_signed                  0x00000000   Number         0  stubs.o ABSOLUTE
    _printf_truncate_unsigned                0x00000000   Number         0  stubs.o ABSOLUTE
    _printf_u                                0x00000000   Number         0  stubs.o ABSOLUTE
    _printf_wc                               0x00000000   Number         0  stubs.o ABSOLUTE
    _printf_wctomb                           0x00000000   Number         0  stubs.o ABSOLUTE
    _printf_widthprec                        0x00000000   Number         0  stubs.o ABSOLUTE
    _printf_x                                0x00000000   Number         0  stubs.o ABSOLUTE
    __cpp_initialize__aeabi_                  - Undefined Weak Reference
    __cxa_finalize                            - Undefined Weak Reference
    _clock_init                               - Undefined Weak Reference
    _microlib_exit                            - Undefined Weak Reference
    __Vectors_Size                           0x00000188   Number         0  startup_stm32f407xx.o ABSOLUTE
    __Vectors                                0x08000000   Data           4  startup_stm32f407xx.o(RESET)
    __Vectors_End                            0x08000188   Data           0  startup_stm32f407xx.o(RESET)
    __main                                   0x08000189   Thumb Code     0  entry.o(.ARM.Collect$$$$00000000)
    _main_stk                                0x08000189   Thumb Code     0  entry2.o(.ARM.Collect$$$$00000001)
    _main_scatterload                        0x0800018d   Thumb Code     0  entry5.o(.ARM.Collect$$$$00000004)
    __main_after_scatterload                 0x08000191   Thumb Code     0  entry5.o(.ARM.Collect$$$$00000004)
    _main_clock                              0x08000191   Thumb Code     0  entry7b.o(.ARM.Collect$$$$00000008)
    _main_cpp_init                           0x08000191   Thumb Code     0  entry8b.o(.ARM.Collect$$$$0000000A)
    _main_init                               0x08000191   Thumb Code     0  entry9a.o(.ARM.Collect$$$$0000000B)
    __rt_final_cpp                           0x08000199   Thumb Code     0  entry10a.o(.ARM.Collect$$$$0000000D)
    __rt_final_exit                          0x08000199   Thumb Code     0  entry11a.o(.ARM.Collect$$$$0000000F)
    SVC_Handler                              0x0800019d   Thumb Code    28  port.o(.emb_text)
    __asm___6_port_c_39a90d8d__prvStartFirstTask 0x080001bd   Thumb Code    36  port.o(.emb_text)
    __asm___6_port_c_39a90d8d__prvEnableVFP  0x080001e5   Thumb Code    16  port.o(.emb_text)
    PendSV_Handler                           0x080001f9   Thumb Code    88  port.o(.emb_text)
    vPortGetIPSR                             0x08000255   Thumb Code     6  port.o(.emb_text)
    Reset_Handler                            0x0800025d   Thumb Code     8  startup_stm32f407xx.o(.text)
    ADC_IRQHandler                           0x08000277   Thumb Code     0  startup_stm32f407xx.o(.text)
    CAN1_RX0_IRQHandler                      0x08000277   Thumb Code     0  startup_stm32f407xx.o(.text)
    CAN1_RX1_IRQHandler                      0x08000277   Thumb Code     0  startup_stm32f407xx.o(.text)
    CAN1_SCE_IRQHandler                      0x08000277   Thumb Code     0  startup_stm32f407xx.o(.text)
    CAN1_TX_IRQHandler                       0x08000277   Thumb Code     0  startup_stm32f407xx.o(.text)
    CAN2_RX0_IRQHandler                      0x08000277   Thumb Code     0  startup_stm32f407xx.o(.text)
    CAN2_RX1_IRQHandler                      0x08000277   Thumb Code     0  startup_stm32f407xx.o(.text)
    CAN2_SCE_IRQHandler                      0x08000277   Thumb Code     0  startup_stm32f407xx.o(.text)
    CAN2_TX_IRQHandler                       0x08000277   Thumb Code     0  startup_stm32f407xx.o(.text)
    DCMI_IRQHandler                          0x08000277   Thumb Code     0  startup_stm32f407xx.o(.text)
    DMA1_Stream0_IRQHandler                  0x08000277   Thumb Code     0  startup_stm32f407xx.o(.text)
    DMA1_Stream1_IRQHandler                  0x08000277   Thumb Code     0  startup_stm32f407xx.o(.text)
    DMA1_Stream2_IRQHandler                  0x08000277   Thumb Code     0  startup_stm32f407xx.o(.text)
    DMA1_Stream3_IRQHandler                  0x08000277   Thumb Code     0  startup_stm32f407xx.o(.text)
    DMA1_Stream4_IRQHandler                  0x08000277   Thumb Code     0  startup_stm32f407xx.o(.text)
    DMA1_Stream5_IRQHandler                  0x08000277   Thumb Code     0  startup_stm32f407xx.o(.text)
    DMA1_Stream6_IRQHandler                  0x08000277   Thumb Code     0  startup_stm32f407xx.o(.text)
    DMA1_Stream7_IRQHandler                  0x08000277   Thumb Code     0  startup_stm32f407xx.o(.text)
    DMA2_Stream0_IRQHandler                  0x08000277   Thumb Code     0  startup_stm32f407xx.o(.text)
    DMA2_Stream1_IRQHandler                  0x08000277   Thumb Code     0  startup_stm32f407xx.o(.text)
    DMA2_Stream2_IRQHandler                  0x08000277   Thumb Code     0  startup_stm32f407xx.o(.text)
    DMA2_Stream3_IRQHandler                  0x08000277   Thumb Code     0  startup_stm32f407xx.o(.text)
    DMA2_Stream4_IRQHandler                  0x08000277   Thumb Code     0  startup_stm32f407xx.o(.text)
    DMA2_Stream5_IRQHandler                  0x08000277   Thumb Code     0  startup_stm32f407xx.o(.text)
    DMA2_Stream6_IRQHandler                  0x08000277   Thumb Code     0  startup_stm32f407xx.o(.text)
    DMA2_Stream7_IRQHandler                  0x08000277   Thumb Code     0  startup_stm32f407xx.o(.text)
    ETH_IRQHandler                           0x08000277   Thumb Code     0  startup_stm32f407xx.o(.text)
    ETH_WKUP_IRQHandler                      0x08000277   Thumb Code     0  startup_stm32f407xx.o(.text)
    EXTI0_IRQHandler                         0x08000277   Thumb Code     0  startup_stm32f407xx.o(.text)
    EXTI1_IRQHandler                         0x08000277   Thumb Code     0  startup_stm32f407xx.o(.text)
    EXTI2_IRQHandler                         0x08000277   Thumb Code     0  startup_stm32f407xx.o(.text)
    FLASH_IRQHandler                         0x08000277   Thumb Code     0  startup_stm32f407xx.o(.text)
    FMC_IRQHandler                           0x08000277   Thumb Code     0  startup_stm32f407xx.o(.text)
    FPU_IRQHandler                           0x08000277   Thumb Code     0  startup_stm32f407xx.o(.text)
    HASH_RNG_IRQHandler                      0x08000277   Thumb Code     0  startup_stm32f407xx.o(.text)
    I2C1_ER_IRQHandler                       0x08000277   Thumb Code     0  startup_stm32f407xx.o(.text)
    I2C1_EV_IRQHandler                       0x08000277   Thumb Code     0  startup_stm32f407xx.o(.text)
    I2C2_ER_IRQHandler                       0x08000277   Thumb Code     0  startup_stm32f407xx.o(.text)
    I2C2_EV_IRQHandler                       0x08000277   Thumb Code     0  startup_stm32f407xx.o(.text)
    I2C3_ER_IRQHandler                       0x08000277   Thumb Code     0  startup_stm32f407xx.o(.text)
    I2C3_EV_IRQHandler                       0x08000277   Thumb Code     0  startup_stm32f407xx.o(.text)
    OTG_FS_IRQHandler                        0x08000277   Thumb Code     0  startup_stm32f407xx.o(.text)
    OTG_FS_WKUP_IRQHandler                   0x08000277   Thumb Code     0  startup_stm32f407xx.o(.text)
    OTG_HS_EP1_IN_IRQHandler                 0x08000277   Thumb Code     0  startup_stm32f407xx.o(.text)
    OTG_HS_EP1_OUT_IRQHandler                0x08000277   Thumb Code     0  startup_stm32f407xx.o(.text)
    OTG_HS_IRQHandler                        0x08000277   Thumb Code     0  startup_stm32f407xx.o(.text)
    OTG_HS_WKUP_IRQHandler                   0x08000277   Thumb Code     0  startup_stm32f407xx.o(.text)
    PVD_IRQHandler                           0x08000277   Thumb Code     0  startup_stm32f407xx.o(.text)
    RCC_IRQHandler                           0x08000277   Thumb Code     0  startup_stm32f407xx.o(.text)
    RTC_Alarm_IRQHandler                     0x08000277   Thumb Code     0  startup_stm32f407xx.o(.text)
    RTC_WKUP_IRQHandler                      0x08000277   Thumb Code     0  startup_stm32f407xx.o(.text)
    SDIO_IRQHandler                          0x08000277   Thumb Code     0  startup_stm32f407xx.o(.text)
    SPI1_IRQHandler                          0x08000277   Thumb Code     0  startup_stm32f407xx.o(.text)
    SPI2_IRQHandler                          0x08000277   Thumb Code     0  startup_stm32f407xx.o(.text)
    SPI3_IRQHandler                          0x08000277   Thumb Code     0  startup_stm32f407xx.o(.text)
    TAMP_STAMP_IRQHandler                    0x08000277   Thumb Code     0  startup_stm32f407xx.o(.text)
    TIM1_BRK_TIM9_IRQHandler                 0x08000277   Thumb Code     0  startup_stm32f407xx.o(.text)
    TIM1_CC_IRQHandler                       0x08000277   Thumb Code     0  startup_stm32f407xx.o(.text)
    TIM1_TRG_COM_TIM11_IRQHandler            0x08000277   Thumb Code     0  startup_stm32f407xx.o(.text)
    TIM1_UP_TIM10_IRQHandler                 0x08000277   Thumb Code     0  startup_stm32f407xx.o(.text)
    TIM2_IRQHandler                          0x08000277   Thumb Code     0  startup_stm32f407xx.o(.text)
    TIM3_IRQHandler                          0x08000277   Thumb Code     0  startup_stm32f407xx.o(.text)
    TIM4_IRQHandler                          0x08000277   Thumb Code     0  startup_stm32f407xx.o(.text)
    TIM5_IRQHandler                          0x08000277   Thumb Code     0  startup_stm32f407xx.o(.text)
    TIM6_DAC_IRQHandler                      0x08000277   Thumb Code     0  startup_stm32f407xx.o(.text)
    TIM7_IRQHandler                          0x08000277   Thumb Code     0  startup_stm32f407xx.o(.text)
    TIM8_BRK_TIM12_IRQHandler                0x08000277   Thumb Code     0  startup_stm32f407xx.o(.text)
    TIM8_CC_IRQHandler                       0x08000277   Thumb Code     0  startup_stm32f407xx.o(.text)
    TIM8_TRG_COM_TIM14_IRQHandler            0x08000277   Thumb Code     0  startup_stm32f407xx.o(.text)
    UART4_IRQHandler                         0x08000277   Thumb Code     0  startup_stm32f407xx.o(.text)
    UART5_IRQHandler                         0x08000277   Thumb Code     0  startup_stm32f407xx.o(.text)
    USART3_IRQHandler                        0x08000277   Thumb Code     0  startup_stm32f407xx.o(.text)
    USART6_IRQHandler                        0x08000277   Thumb Code     0  startup_stm32f407xx.o(.text)
    WWDG_IRQHandler                          0x08000277   Thumb Code     0  startup_stm32f407xx.o(.text)
    __aeabi_uldivmod                         0x08000281   Thumb Code    98  uldiv.o(.text)
    qsort                                    0x080002e3   Thumb Code   156  qsort.o(.text)
    __aeabi_memcpy                           0x0800037f   Thumb Code    36  memcpya.o(.text)
    __aeabi_memcpy4                          0x0800037f   Thumb Code     0  memcpya.o(.text)
    __aeabi_memcpy8                          0x0800037f   Thumb Code     0  memcpya.o(.text)
    __aeabi_memset                           0x080003a3   Thumb Code    14  memseta.o(.text)
    __aeabi_memset4                          0x080003a3   Thumb Code     0  memseta.o(.text)
    __aeabi_memset8                          0x080003a3   Thumb Code     0  memseta.o(.text)
    __aeabi_memclr                           0x080003b1   Thumb Code     4  memseta.o(.text)
    __aeabi_memclr4                          0x080003b1   Thumb Code     0  memseta.o(.text)
    __aeabi_memclr8                          0x080003b1   Thumb Code     0  memseta.o(.text)
    memset                                   0x080003b5   Thumb Code    18  memseta.o(.text)
    __aeabi_dadd                             0x080003c7   Thumb Code   322  dadd.o(.text)
    __aeabi_dsub                             0x08000509   Thumb Code     6  dadd.o(.text)
    __aeabi_drsub                            0x0800050f   Thumb Code     6  dadd.o(.text)
    __aeabi_dmul                             0x08000515   Thumb Code   228  dmul.o(.text)
    __aeabi_ddiv                             0x080005f9   Thumb Code   222  ddiv.o(.text)
    __aeabi_i2d                              0x080006d7   Thumb Code    34  dflti.o(.text)
    __aeabi_d2iz                             0x080006f9   Thumb Code    62  dfixi.o(.text)
    __aeabi_f2d                              0x08000737   Thumb Code    38  f2d.o(.text)
    __aeabi_d2f                              0x0800075d   Thumb Code    56  d2f.o(.text)
    __aeabi_llsl                             0x08000795   Thumb Code    30  llshl.o(.text)
    _ll_shift_l                              0x08000795   Thumb Code     0  llshl.o(.text)
    __aeabi_llsr                             0x080007b3   Thumb Code    32  llushr.o(.text)
    _ll_ushift_r                             0x080007b3   Thumb Code     0  llushr.o(.text)
    __aeabi_lasr                             0x080007d3   Thumb Code    36  llsshr.o(.text)
    _ll_sshift_r                             0x080007d3   Thumb Code     0  llsshr.o(.text)
    __I$use$fp                               0x080007f7   Thumb Code     0  iusefp.o(.text)
    _float_round                             0x080007f7   Thumb Code    18  fepilogue.o(.text)
    _float_epilogue                          0x08000809   Thumb Code    92  fepilogue.o(.text)
    _double_round                            0x08000865   Thumb Code    30  depilogue.o(.text)
    _double_epilogue                         0x08000883   Thumb Code   156  depilogue.o(.text)
    __scatterload                            0x08000921   Thumb Code    28  init.o(.text)
    __scatterload_rt2                        0x08000921   Thumb Code     0  init.o(.text)
    _dsqrt                                   0x08000945   Thumb Code   162  dsqrt.o(.text)
    __aeabi_ui2d                             0x080009e7   Thumb Code    26  dfltui.o(.text)
    __decompress                             0x08000a01   Thumb Code     0  __dczerorl.o(.text)
    __decompress0                            0x08000a01   Thumb Code    58  __dczerorl.o(.text)
    BSP_Init                                 0x08000a3d   Thumb Code   394  bsp.o(i.BSP_Init)
    BusFault_Handler                         0x08000cbd   Thumb Code     2  stm32f4xx_it.o(i.BusFault_Handler)
    CmpFloat                                 0x08000cbf   Thumb Code    22  mymath.o(i.CmpFloat)
    DebugMon_Handler                         0x08000cd5   Thumb Code     2  stm32f4xx_it.o(i.DebugMon_Handler)
    DegRange180                              0x08000cd9   Thumb Code    36  mymath.o(i.DegRange180)
    EXTI15_10_IRQHandler                     0x08000d09   Thumb Code     8  stm32f4xx_it.o(i.EXTI15_10_IRQHandler)
    EXTI3_IRQHandler                         0x08000d11   Thumb Code     6  stm32f4xx_it.o(i.EXTI3_IRQHandler)
    EXTI4_IRQHandler                         0x08000d17   Thumb Code     6  stm32f4xx_it.o(i.EXTI4_IRQHandler)
    EXTI9_5_IRQHandler                       0x08000d1d   Thumb Code     8  stm32f4xx_it.o(i.EXTI9_5_IRQHandler)
    HAL_DMA_Abort_IT                         0x08000d25   Thumb Code    36  stm32f4xx_hal_dma.o(i.HAL_DMA_Abort_IT)
    HAL_Delay                                0x08000d49   Thumb Code    32  stm32f4xx_hal.o(i.HAL_Delay)
    HAL_GPIO_EXTI_Callback                   0x08000d6d   Thumb Code    76  it.o(i.HAL_GPIO_EXTI_Callback)
    HAL_GPIO_EXTI_IRQHandler                 0x08000dcd   Thumb Code    18  stm32f4xx_hal_gpio.o(i.HAL_GPIO_EXTI_IRQHandler)
    HAL_GPIO_Init                            0x08000de5   Thumb Code   388  stm32f4xx_hal_gpio.o(i.HAL_GPIO_Init)
    HAL_GPIO_ReadPin                         0x08000f95   Thumb Code    10  stm32f4xx_hal_gpio.o(i.HAL_GPIO_ReadPin)
    HAL_GPIO_WritePin                        0x08000f9f   Thumb Code    10  stm32f4xx_hal_gpio.o(i.HAL_GPIO_WritePin)
    HAL_GetTick                              0x08000fa9   Thumb Code     6  stm32f4xx_hal.o(i.HAL_GetTick)
    HAL_IncTick                              0x08000fb5   Thumb Code    12  stm32f4xx_hal.o(i.HAL_IncTick)
    HAL_Init                                 0x08000fc5   Thumb Code    48  stm32f4xx_hal.o(i.HAL_Init)
    HAL_InitTick                             0x08000ff9   Thumb Code   100  stm32f4xx_hal_timebase_tim.o(i.HAL_InitTick)
    HAL_MspInit                              0x0800106d   Thumb Code    52  stm32f4xx_hal_msp.o(i.HAL_MspInit)
    HAL_NVIC_EnableIRQ                       0x080010a5   Thumb Code    26  stm32f4xx_hal_cortex.o(i.HAL_NVIC_EnableIRQ)
    HAL_NVIC_SetPriority                     0x080010c1   Thumb Code    60  stm32f4xx_hal_cortex.o(i.HAL_NVIC_SetPriority)
    HAL_NVIC_SetPriorityGrouping             0x08001101   Thumb Code    26  stm32f4xx_hal_cortex.o(i.HAL_NVIC_SetPriorityGrouping)
    HAL_RCC_ClockConfig                      0x08001125   Thumb Code   286  stm32f4xx_hal_rcc.o(i.HAL_RCC_ClockConfig)
    HAL_RCC_GetClockConfig                   0x08001255   Thumb Code    54  stm32f4xx_hal_rcc.o(i.HAL_RCC_GetClockConfig)
    HAL_RCC_GetPCLK1Freq                     0x08001295   Thumb Code    20  stm32f4xx_hal_rcc.o(i.HAL_RCC_GetPCLK1Freq)
    HAL_RCC_GetPCLK2Freq                     0x080012b5   Thumb Code    20  stm32f4xx_hal_rcc.o(i.HAL_RCC_GetPCLK2Freq)
    HAL_RCC_GetSysClockFreq                  0x080012d5   Thumb Code    88  stm32f4xx_hal_rcc.o(i.HAL_RCC_GetSysClockFreq)
    HAL_RCC_OscConfig                        0x08001339   Thumb Code   770  stm32f4xx_hal_rcc.o(i.HAL_RCC_OscConfig)
    HAL_TIMEx_BreakCallback                  0x08001655   Thumb Code     2  stm32f4xx_hal_tim_ex.o(i.HAL_TIMEx_BreakCallback)
    HAL_TIMEx_CommutCallback                 0x08001657   Thumb Code     2  stm32f4xx_hal_tim_ex.o(i.HAL_TIMEx_CommutCallback)
    HAL_TIMEx_ConfigBreakDeadTime            0x08001659   Thumb Code    84  stm32f4xx_hal_tim_ex.o(i.HAL_TIMEx_ConfigBreakDeadTime)
    HAL_TIMEx_MasterConfigSynchronization    0x080016ad   Thumb Code    66  stm32f4xx_hal_tim_ex.o(i.HAL_TIMEx_MasterConfigSynchronization)
    HAL_TIM_Base_Init                        0x080016ef   Thumb Code    54  stm32f4xx_hal_tim.o(i.HAL_TIM_Base_Init)
    HAL_TIM_Base_MspInit                     0x08001725   Thumb Code    52  stm32f4xx_hal_msp.o(i.HAL_TIM_Base_MspInit)
    HAL_TIM_Base_Start                       0x08001765   Thumb Code    36  stm32f4xx_hal_tim.o(i.HAL_TIM_Base_Start)
    HAL_TIM_Base_Start_IT                    0x08001789   Thumb Code    34  stm32f4xx_hal_tim.o(i.HAL_TIM_Base_Start_IT)
    HAL_TIM_Base_Stop                        0x080017ab   Thumb Code    44  stm32f4xx_hal_tim.o(i.HAL_TIM_Base_Stop)
    HAL_TIM_Encoder_Init                     0x080017d7   Thumb Code   152  stm32f4xx_hal_tim.o(i.HAL_TIM_Encoder_Init)
    HAL_TIM_Encoder_MspInit                  0x08001871   Thumb Code   258  stm32f4xx_hal_msp.o(i.HAL_TIM_Encoder_MspInit)
    HAL_TIM_Encoder_Start                    0x08001991   Thumb Code    52  stm32f4xx_hal_tim.o(i.HAL_TIM_Encoder_Start)
    HAL_TIM_IC_CaptureCallback               0x080019c5   Thumb Code     2  stm32f4xx_hal_tim.o(i.HAL_TIM_IC_CaptureCallback)
    HAL_TIM_IRQHandler                       0x080019c7   Thumb Code   358  stm32f4xx_hal_tim.o(i.HAL_TIM_IRQHandler)
    HAL_TIM_MspPostInit                      0x08001b2d   Thumb Code   154  stm32f4xx_hal_msp.o(i.HAL_TIM_MspPostInit)
    HAL_TIM_OC_DelayElapsedCallback          0x08001be5   Thumb Code     2  stm32f4xx_hal_tim.o(i.HAL_TIM_OC_DelayElapsedCallback)
    HAL_TIM_PWM_ConfigChannel                0x08001be7   Thumb Code   208  stm32f4xx_hal_tim.o(i.HAL_TIM_PWM_ConfigChannel)
    HAL_TIM_PWM_Init                         0x08001cb7   Thumb Code    54  stm32f4xx_hal_tim.o(i.HAL_TIM_PWM_Init)
    HAL_TIM_PWM_MspInit                      0x08001ced   Thumb Code    98  stm32f4xx_hal_msp.o(i.HAL_TIM_PWM_MspInit)
    HAL_TIM_PWM_PulseFinishedCallback        0x08001d61   Thumb Code     2  stm32f4xx_hal_tim.o(i.HAL_TIM_PWM_PulseFinishedCallback)
    HAL_TIM_PWM_Start                        0x08001d65   Thumb Code    58  stm32f4xx_hal_tim.o(i.HAL_TIM_PWM_Start)
    HAL_TIM_PeriodElapsedCallback            0x08001da9   Thumb Code    14  main.o(i.HAL_TIM_PeriodElapsedCallback)
    HAL_TIM_TriggerCallback                  0x08001dbd   Thumb Code     2  stm32f4xx_hal_tim.o(i.HAL_TIM_TriggerCallback)
    HAL_UART_ErrorCallback                   0x08001dbf   Thumb Code     2  stm32f4xx_hal_uart.o(i.HAL_UART_ErrorCallback)
    HAL_UART_IRQHandler                      0x08001dc1   Thumb Code   266  stm32f4xx_hal_uart.o(i.HAL_UART_IRQHandler)
    HAL_UART_Init                            0x08001ed1   Thumb Code    98  stm32f4xx_hal_uart.o(i.HAL_UART_Init)
    HAL_UART_MspInit                         0x08001f35   Thumb Code   170  stm32f4xx_hal_msp.o(i.HAL_UART_MspInit)
    HAL_UART_Receive_IT                      0x08001ff1   Thumb Code    82  stm32f4xx_hal_uart.o(i.HAL_UART_Receive_IT)
    HAL_UART_RxCpltCallback                  0x08002045   Thumb Code    24  comm.o(i.HAL_UART_RxCpltCallback)
    HAL_UART_TxCpltCallback                  0x08002065   Thumb Code     2  stm32f4xx_hal_uart.o(i.HAL_UART_TxCpltCallback)
    HardFault_Handler                        0x08002067   Thumb Code     2  stm32f4xx_it.o(i.HardFault_Handler)
    MPU_Get_Accelerometer                    0x08002069   Thumb Code    50  mpu.o(i.MPU_Get_Accelerometer)
    MPU_Get_Gyroscope                        0x0800209b   Thumb Code    50  mpu.o(i.MPU_Get_Gyroscope)
    MPU_Get_Temperature                      0x080020cd   Thumb Code    78  mpu.o(i.MPU_Get_Temperature)
    MPU_Read_Len                             0x08002131   Thumb Code   108  mpu.o(i.MPU_Read_Len)
    MPU_Write_Len                            0x0800219d   Thumb Code    70  mpu.o(i.MPU_Write_Len)
    MemManage_Handler                        0x08002695   Thumb Code     2  stm32f4xx_it.o(i.MemManage_Handler)
    MotionStateInit                          0x08002699   Thumb Code    74  motion.o(i.MotionStateInit)
    MotorInit                                0x080026e9   Thumb Code    98  motor.o(i.MotorInit)
    MotorRun                                 0x0800274b   Thumb Code   218  motor.o(i.MotorRun)
    MotorRunToTarget                         0x08002825   Thumb Code   246  motor.o(i.MotorRunToTarget)
    MotorSpeedMeasure                        0x0800291d   Thumb Code   124  motor.o(i.MotorSpeedMeasure)
    NMI_Handler                              0x080029b9   Thumb Code     2  stm32f4xx_it.o(i.NMI_Handler)
    PID_Calc                                 0x080029bb   Thumb Code   306  pid.o(i.PID_Calc)
    PID_Init                                 0x08002aed   Thumb Code    78  pid.o(i.PID_Init)
    RxConfirm                                0x08002b41   Thumb Code   110  comm.o(i.RxConfirm)
    RxDecode                                 0x08002bb9   Thumb Code    78  comm.o(i.RxDecode)
    SonarInit                                0x08002c25   Thumb Code    60  ultrasonar.o(i.SonarInit)
    SonarMeasure                             0x08002c61   Thumb Code    98  ultrasonar.o(i.SonarMeasure)
    SonarTrig                                0x08002cd9   Thumb Code    52  ultrasonar.o(i.SonarTrig)
    StartDecision                            0x08002d0d   Thumb Code   552  main.o(i.StartDecision)
    StartDefaultTask                         0x08002f85   Thumb Code     8  main.o(i.StartDefaultTask)
    StartIMUData                             0x08002f8d   Thumb Code   180  main.o(i.StartIMUData)
    StartOpenmvCom                           0x08003049   Thumb Code    54  main.o(i.StartOpenmvCom)
    StartStepperControl                      0x08003089   Thumb Code    38  main.o(i.StartStepperControl)
    StartUltraSonar                          0x080030c5   Thumb Code   340  main.o(i.StartUltraSonar)
    StartWheelControl                        0x08003235   Thumb Code   648  main.o(i.StartWheelControl)
    StartWheelSpeed                          0x080034fd   Thumb Code    40  main.o(i.StartWheelSpeed)
    StepperInit                              0x08003535   Thumb Code    38  stepper.o(i.StepperInit)
    SysTick_Handler                          0x08003561   Thumb Code    38  port.o(i.SysTick_Handler)
    SystemClock_Config                       0x0800358d   Thumb Code   124  main.o(i.SystemClock_Config)
    SystemInit                               0x08003611   Thumb Code    66  system_stm32f4xx.o(i.SystemInit)
    TIM8_UP_TIM13_IRQHandler                 0x08003665   Thumb Code    18  stm32f4xx_it.o(i.TIM8_UP_TIM13_IRQHandler)
    TIM_Base_SetConfig                       0x08003681   Thumb Code   156  stm32f4xx_hal_tim.o(i.TIM_Base_SetConfig)
    TIM_CCxChannelCmd                        0x08003749   Thumb Code    26  stm32f4xx_hal_tim.o(i.TIM_CCxChannelCmd)
    TIM_OC2_SetConfig                        0x080037c5   Thumb Code    98  stm32f4xx_hal_tim.o(i.TIM_OC2_SetConfig)
    USART1_IRQHandler                        0x08003cbd   Thumb Code     6  stm32f4xx_it.o(i.USART1_IRQHandler)
    USART2_IRQHandler                        0x08003cc9   Thumb Code     6  stm32f4xx_it.o(i.USART2_IRQHandler)
    UsageFault_Handler                       0x08003cd5   Thumb Code     2  stm32f4xx_it.o(i.UsageFault_Handler)
    __0printf$8                              0x08003cd9   Thumb Code    22  printf8.o(i.__0printf$8)
    __1printf$8                              0x08003cd9   Thumb Code     0  printf8.o(i.__0printf$8)
    __2printf                                0x08003cd9   Thumb Code     0  printf8.o(i.__0printf$8)
    __ARM_fpclassify                         0x08003cf9   Thumb Code    48  fpclassify.o(i.__ARM_fpclassify)
    __hardfp_asin                            0x08003d49   Thumb Code   770  asin.o(i.__hardfp_asin)
    __hardfp_atan                            0x080040a9   Thumb Code   622  atan.o(i.__hardfp_atan)
    __hardfp_atan2                           0x08004381   Thumb Code   432  atan2.o(i.__hardfp_atan2)
    __hardfp_cos                             0x08004571   Thumb Code   180  cos.o(i.__hardfp_cos)
    __hardfp_sin                             0x08004639   Thumb Code   180  sin.o(i.__hardfp_sin)
    __ieee754_rem_pio2                       0x08004701   Thumb Code   938  rred.o(i.__ieee754_rem_pio2)
    __kernel_cos                             0x08004b39   Thumb Code   322  cos_i.o(i.__kernel_cos)
    __kernel_poly                            0x08004ca9   Thumb Code   248  poly.o(i.__kernel_poly)
    __kernel_sin                             0x08004da1   Thumb Code   280  sin_i.o(i.__kernel_sin)
    __mathlib_dbl_infnan                     0x08004ed1   Thumb Code    20  dunder.o(i.__mathlib_dbl_infnan)
    __mathlib_dbl_infnan2                    0x08004ee5   Thumb Code    20  dunder.o(i.__mathlib_dbl_infnan2)
    __mathlib_dbl_invalid                    0x08004ef9   Thumb Code    24  dunder.o(i.__mathlib_dbl_invalid)
    __mathlib_dbl_underflow                  0x08004f19   Thumb Code    24  dunder.o(i.__mathlib_dbl_underflow)
    __scatterload_copy                       0x08004f39   Thumb Code    14  handlers.o(i.__scatterload_copy)
    __scatterload_null                       0x08004f47   Thumb Code     2  handlers.o(i.__scatterload_null)
    __scatterload_zeroinit                   0x08004f49   Thumb Code    14  handlers.o(i.__scatterload_zeroinit)
    __set_errno                              0x08004f59   Thumb Code     6  errno.o(i.__set_errno)
    atan                                     0x080053c7   Thumb Code    16  atan.o(i.atan)
    dmp_read_fifo                            0x080053d9   Thumb Code   324  inv_mpu_dmp_motion_driver.o(i.dmp_read_fifo)
    fabs                                     0x08005521   Thumb Code    24  fabs.o(i.fabs)
    fputc                                    0x08005539   Thumb Code    22  debug.o(i.fputc)
    gen_delay_us                             0x08005555   Thumb Code    44  delay.o(i.gen_delay_us)
    i2c_Ack                                  0x08005585   Thumb Code    44  i2c.o(i.i2c_Ack)
    i2c_NAck                                 0x080055b5   Thumb Code    38  i2c.o(i.i2c_NAck)
    i2c_ReadByte                             0x080055e1   Thumb Code    70  i2c.o(i.i2c_ReadByte)
    i2c_SendByte                             0x0800562d   Thumb Code    84  i2c.o(i.i2c_SendByte)
    i2c_Start                                0x08005685   Thumb Code    46  i2c.o(i.i2c_Start)
    i2c_Stop                                 0x080056b9   Thumb Code    34  i2c.o(i.i2c_Stop)
    i2c_WaitAck                              0x080056e1   Thumb Code    50  i2c.o(i.i2c_WaitAck)
    main                                     0x08005719   Thumb Code   370  main.o(i.main)
    malloc                                   0x080058cd   Thumb Code    92  malloc.o(i.malloc)
    mget_ms                                  0x08005939   Thumb Code     2  inv_mpu.o(i.mget_ms)
    mpu_dmp_get_data                         0x0800593d   Thumb Code   344  inv_mpu.o(i.mpu_dmp_get_data)
    mpu_read_fifo_stream                     0x08005aa1   Thumb Code   140  inv_mpu.o(i.mpu_read_fifo_stream)
    mpu_reset_fifo                           0x08005b31   Thumb Code   346  inv_mpu.o(i.mpu_reset_fifo)
    osDelay                                  0x08005c91   Thumb Code    46  cmsis_os2.o(i.osDelay)
    osKernelInitialize                       0x08005cc5   Thumb Code    50  cmsis_os2.o(i.osKernelInitialize)
    osKernelStart                            0x08005cfd   Thumb Code    58  cmsis_os2.o(i.osKernelStart)
    osThreadNew                              0x08005d3d   Thumb Code   160  cmsis_os2.o(i.osThreadNew)
    pvPortMalloc                             0x08006525   Thumb Code   210  heap_4.o(i.pvPortMalloc)
    pxPortInitialiseStack                    0x080065fd   Thumb Code    40  port.o(i.pxPortInitialiseStack)
    sign                                     0x08006629   Thumb Code    34  mymath.o(i.sign)
    sqrt                                     0x0800664b   Thumb Code   110  sqrt.o(i.sqrt)
    uxListRemove                             0x080066b9   Thumb Code    38  list.o(i.uxListRemove)
    vApplicationGetIdleTaskMemory            0x080066e1   Thumb Code    16  cmsis_os2.o(i.vApplicationGetIdleTaskMemory)
    vApplicationGetTimerTaskMemory           0x080066f5   Thumb Code    18  cmsis_os2.o(i.vApplicationGetTimerTaskMemory)
    vListInitialise                          0x0800670d   Thumb Code    22  list.o(i.vListInitialise)
    vListInitialiseItem                      0x08006723   Thumb Code     6  list.o(i.vListInitialiseItem)
    vListInsert                              0x08006729   Thumb Code    48  list.o(i.vListInsert)
    vListInsertEnd                           0x08006759   Thumb Code    24  list.o(i.vListInsertEnd)
    vPortEnterCritical                       0x08006771   Thumb Code    54  port.o(i.vPortEnterCritical)
    vPortExitCritical                        0x080067b1   Thumb Code    34  port.o(i.vPortExitCritical)
    vPortFree                                0x080067d9   Thumb Code    88  heap_4.o(i.vPortFree)
    vPortSetupTimerInterrupt                 0x08006835   Thumb Code    32  port.o(i.vPortSetupTimerInterrupt)
    vPortValidateInterruptPriority           0x08006859   Thumb Code    74  port.o(i.vPortValidateInterruptPriority)
    vQueueAddToRegistry                      0x080068ad   Thumb Code    34  queue.o(i.vQueueAddToRegistry)
    vQueueWaitForMessageRestricted           0x080068d5   Thumb Code    68  queue.o(i.vQueueWaitForMessageRestricted)
    vTaskDelay                               0x08006919   Thumb Code    66  tasks.o(i.vTaskDelay)
    vTaskInternalSetTimeOutState             0x08006965   Thumb Code    12  tasks.o(i.vTaskInternalSetTimeOutState)
    vTaskMissedYield                         0x08006975   Thumb Code     8  tasks.o(i.vTaskMissedYield)
    vTaskPlaceOnEventList                    0x08006981   Thumb Code    44  tasks.o(i.vTaskPlaceOnEventList)
    vTaskPlaceOnEventListRestricted          0x080069b1   Thumb Code    52  tasks.o(i.vTaskPlaceOnEventListRestricted)
    vTaskStartScheduler                      0x080069e9   Thumb Code   118  tasks.o(i.vTaskStartScheduler)
    vTaskSuspendAll                          0x08006a71   Thumb Code    10  tasks.o(i.vTaskSuspendAll)
    vTaskSwitchContext                       0x08006a81   Thumb Code    90  tasks.o(i.vTaskSwitchContext)
    xPortStartScheduler                      0x08006ae5   Thumb Code   222  port.o(i.xPortStartScheduler)
    xQueueGenericCreateStatic                0x08006bd9   Thumb Code   102  queue.o(i.xQueueGenericCreateStatic)
    xQueueGenericReset                       0x08006c41   Thumb Code   132  queue.o(i.xQueueGenericReset)
    xQueueGenericSend                        0x08006cc9   Thumb Code   346  queue.o(i.xQueueGenericSend)
    xQueueGenericSendFromISR                 0x08006e29   Thumb Code   188  queue.o(i.xQueueGenericSendFromISR)
    xQueueReceive                            0x08006ee5   Thumb Code   308  queue.o(i.xQueueReceive)
    xTaskCheckForTimeOut                     0x0800701d   Thumb Code   112  tasks.o(i.xTaskCheckForTimeOut)
    xTaskCreate                              0x08007091   Thumb Code    90  tasks.o(i.xTaskCreate)
    xTaskCreateStatic                        0x080070eb   Thumb Code    86  tasks.o(i.xTaskCreateStatic)
    xTaskGetSchedulerState                   0x08007141   Thumb Code    22  tasks.o(i.xTaskGetSchedulerState)
    xTaskGetTickCount                        0x0800715d   Thumb Code     6  tasks.o(i.xTaskGetTickCount)
    xTaskIncrementTick                       0x08007169   Thumb Code   190  tasks.o(i.xTaskIncrementTick)
    xTaskPriorityDisinherit                  0x08007231   Thumb Code   118  tasks.o(i.xTaskPriorityDisinherit)
    xTaskRemoveFromEventList                 0x080072b1   Thumb Code    98  tasks.o(i.xTaskRemoveFromEventList)
    xTaskResumeAll                           0x08007321   Thumb Code   182  tasks.o(i.xTaskResumeAll)
    xTimerCreateTimerTask                    0x080073e5   Thumb Code    78  timers.o(i.xTimerCreateTimerTask)
    xTimerGenericCommand                     0x08007445   Thumb Code    98  timers.o(i.xTimerGenericCommand)
    AHBPrescTable                            0x0800761c   Data          16  system_stm32f4xx.o(.constdata)
    APBPrescTable                            0x0800762c   Data           8  system_stm32f4xx.o(.constdata)
    reg                                      0x08007634   Data          27  inv_mpu.o(.constdata)
    hw                                       0x08007650   Data          12  inv_mpu.o(.constdata)
    test                                     0x0800765c   Data          40  inv_mpu.o(.constdata)
    __mathlib_zero                           0x080077a0   Data           8  qnan.o(.constdata)
    Region$$Table$$Base                      0x08007900   Number         0  anon$$obj.o(Region$$Table)
    Region$$Table$$Limit                     0x08007920   Number         0  anon$$obj.o(Region$$Table)
    vx                                       0x20000000   Data           4  main.o(.data)
    vy                                       0x20000004   Data           4  main.o(.data)
    omega                                    0x20000008   Data           4  main.o(.data)
    yaw                                      0x2000000c   Data           4  main.o(.data)
    L                                        0x20000010   Data           4  main.o(.data)
    R                                        0x20000014   Data           4  main.o(.data)
    defaultTaskHandle                        0x20000018   Data           4  main.o(.data)
    IMUDataHandle                            0x2000001c   Data           4  main.o(.data)
    wheelControlHandle                       0x20000020   Data           4  main.o(.data)
    wheelSpeedHandle                         0x20000024   Data           4  main.o(.data)
    moveDecisionHandle                       0x20000028   Data           4  main.o(.data)
    stepperControlHandle                     0x2000002c   Data           4  main.o(.data)
    ultraSonarHandle                         0x20000030   Data           4  main.o(.data)
    openmvComHandle                          0x20000034   Data           4  main.o(.data)
    uwTickFreq                               0x20000038   Data           1  stm32f4xx_hal.o(.data)
    uwTickPrio                               0x2000003c   Data           4  stm32f4xx_hal.o(.data)
    uwTick                                   0x20000040   Data           4  stm32f4xx_hal.o(.data)
    SystemCoreClock                          0x20000044   Data           4  system_stm32f4xx.o(.data)
    pxCurrentTCB                             0x20000048   Data           4  tasks.o(.data)
    FrontBuffer                              0x200000c0   Data           1  bsp.o(.data)
    BackBuffer                               0x200000c1   Data           1  bsp.o(.data)
    myRob                                    0x200000c4   Data           4  bsp.o(.data)
    motorLF                                  0x200000c8   Data           4  bsp.o(.data)
    motorLB                                  0x200000cc   Data           4  bsp.o(.data)
    motorRF                                  0x200000d0   Data           4  bsp.o(.data)
    motorRB                                  0x200000d4   Data           4  bsp.o(.data)
    stepperFront                             0x200000d8   Data           4  bsp.o(.data)
    sonarF                                   0x200000dc   Data           4  bsp.o(.data)
    sonarB                                   0x200000e0   Data           4  bsp.o(.data)
    sonarL                                   0x200000e4   Data           4  bsp.o(.data)
    sonarR                                   0x200000e8   Data           4  bsp.o(.data)
    RxData                                   0x200000ec   Data           4  bsp.o(.data)
    __stdout                                 0x200000f0   Data           4  debug.o(.data)
    UART1_Rx_Cnt                             0x2000012c   Data           1  comm.o(.data)
    state                                    0x20000130   Data           4  comm.o(.data)
    __microlib_freelist                      0x20000134   Data           4  mvars.o(.data)
    __microlib_freelist_initialised          0x20000138   Data           4  mvars.o(.data)
    htim1                                    0x20000140   Data          64  main.o(.bss)
    htim2                                    0x20000180   Data          64  main.o(.bss)
    htim3                                    0x200001c0   Data          64  main.o(.bss)
    htim4                                    0x20000200   Data          64  main.o(.bss)
    htim6                                    0x20000240   Data          64  main.o(.bss)
    htim8                                    0x20000280   Data          64  main.o(.bss)
    htim9                                    0x200002c0   Data          64  main.o(.bss)
    htim12                                   0x20000300   Data          64  main.o(.bss)
    htim14                                   0x20000340   Data          64  main.o(.bss)
    huart1                                   0x20000380   Data          64  main.o(.bss)
    huart2                                   0x200003c0   Data          64  main.o(.bss)
    htim13                                   0x20000400   Data          64  stm32f4xx_hal_timebase_tim.o(.bss)
    xQueueRegistry                           0x20000440   Data          64  queue.o(.bss)
    UART1_RxBuff                             0x20008924   Data         128  comm.o(.bss)
    __heap_base                              0x200089a8   Data           0  startup_stm32f407xx.o(HEAP)
    __heap_limit                             0x20008ba8   Data           0  startup_stm32f407xx.o(HEAP)
    __initial_sp                             0x20008fa8   Data           0  startup_stm32f407xx.o(STACK)



==============================================================================

Memory Map of the image

  Image Entry point : 0x08000189

  Load Region LR_IROM1 (Base: 0x08000000, Size: 0x00007a60, Max: 0x00100000, ABSOLUTE, COMPRESSED[0x0000794c])

    Execution Region ER_IROM1 (Base: 0x08000000, Size: 0x00007920, Max: 0x00100000, ABSOLUTE)

    Base Addr    Size         Type   Attr      Idx    E Section Name        Object

    0x08000000   0x00000188   Data   RO            3    RESET               startup_stm32f407xx.o
    0x08000188   0x00000000   Code   RO         5937  * .ARM.Collect$$$$00000000  mc_w.l(entry.o)
    0x08000188   0x00000004   Code   RO         6324    .ARM.Collect$$$$00000001  mc_w.l(entry2.o)
    0x0800018c   0x00000004   Code   RO         6327    .ARM.Collect$$$$00000004  mc_w.l(entry5.o)
    0x08000190   0x00000000   Code   RO         6329    .ARM.Collect$$$$00000008  mc_w.l(entry7b.o)
    0x08000190   0x00000000   Code   RO         6331    .ARM.Collect$$$$0000000A  mc_w.l(entry8b.o)
    0x08000190   0x00000008   Code   RO         6332    .ARM.Collect$$$$0000000B  mc_w.l(entry9a.o)
    0x08000198   0x00000000   Code   RO         6334    .ARM.Collect$$$$0000000D  mc_w.l(entry10a.o)
    0x08000198   0x00000000   Code   RO         6336    .ARM.Collect$$$$0000000F  mc_w.l(entry11a.o)
    0x08000198   0x00000004   Code   RO         6325    .ARM.Collect$$$$00002712  mc_w.l(entry2.o)
    0x0800019c   0x000000be   Code   RO         4597    .emb_text           port.o
    0x0800025a   0x00000002   PAD
    0x0800025c   0x00000024   Code   RO            4    .text               startup_stm32f407xx.o
    0x08000280   0x00000062   Code   RO         5940    .text               mc_w.l(uldiv.o)
    0x080002e2   0x0000009c   Code   RO         5944    .text               mc_w.l(qsort.o)
    0x0800037e   0x00000024   Code   RO         5946    .text               mc_w.l(memcpya.o)
    0x080003a2   0x00000024   Code   RO         5950    .text               mc_w.l(memseta.o)
    0x080003c6   0x0000014e   Code   RO         6245    .text               mf_w.l(dadd.o)
    0x08000514   0x000000e4   Code   RO         6247    .text               mf_w.l(dmul.o)
    0x080005f8   0x000000de   Code   RO         6249    .text               mf_w.l(ddiv.o)
    0x080006d6   0x00000022   Code   RO         6251    .text               mf_w.l(dflti.o)
    0x080006f8   0x0000003e   Code   RO         6253    .text               mf_w.l(dfixi.o)
    0x08000736   0x00000026   Code   RO         6255    .text               mf_w.l(f2d.o)
    0x0800075c   0x00000038   Code   RO         6257    .text               mf_w.l(d2f.o)
    0x08000794   0x0000001e   Code   RO         6340    .text               mc_w.l(llshl.o)
    0x080007b2   0x00000020   Code   RO         6342    .text               mc_w.l(llushr.o)
    0x080007d2   0x00000024   Code   RO         6344    .text               mc_w.l(llsshr.o)
    0x080007f6   0x00000000   Code   RO         6355    .text               mc_w.l(iusefp.o)
    0x080007f6   0x0000006e   Code   RO         6356    .text               mf_w.l(fepilogue.o)
    0x08000864   0x000000ba   Code   RO         6358    .text               mf_w.l(depilogue.o)
    0x0800091e   0x00000002   PAD
    0x08000920   0x00000024   Code   RO         6366    .text               mc_w.l(init.o)
    0x08000944   0x000000a2   Code   RO         6368    .text               mf_w.l(dsqrt.o)
    0x080009e6   0x0000001a   Code   RO         6370    .text               mf_w.l(dfltui.o)
    0x08000a00   0x0000003a   Code   RO         6382    .text               mc_w.l(__dczerorl.o)
    0x08000a3a   0x00000002   PAD
    0x08000a3c   0x00000280   Code   RO         4677    i.BSP_Init          bsp.o
    0x08000cbc   0x00000002   Code   RO          366    i.BusFault_Handler  stm32f4xx_it.o
    0x08000cbe   0x00000016   Code   RO         5860    i.CmpFloat          mymath.o
    0x08000cd4   0x00000002   Code   RO          367    i.DebugMon_Handler  stm32f4xx_it.o
    0x08000cd6   0x00000002   PAD
    0x08000cd8   0x00000030   Code   RO         5861    i.DegRange180       mymath.o
    0x08000d08   0x00000008   Code   RO          368    i.EXTI15_10_IRQHandler  stm32f4xx_it.o
    0x08000d10   0x00000006   Code   RO          369    i.EXTI3_IRQHandler  stm32f4xx_it.o
    0x08000d16   0x00000006   Code   RO          370    i.EXTI4_IRQHandler  stm32f4xx_it.o
    0x08000d1c   0x00000008   Code   RO          371    i.EXTI9_5_IRQHandler  stm32f4xx_it.o
    0x08000d24   0x00000024   Code   RO         1100    i.HAL_DMA_Abort_IT  stm32f4xx_hal_dma.o
    0x08000d48   0x00000024   Code   RO         1518    i.HAL_Delay         stm32f4xx_hal.o
    0x08000d6c   0x00000060   Code   RO         5297    i.HAL_GPIO_EXTI_Callback  it.o
    0x08000dcc   0x00000018   Code   RO          991    i.HAL_GPIO_EXTI_IRQHandler  stm32f4xx_hal_gpio.o
    0x08000de4   0x000001b0   Code   RO          992    i.HAL_GPIO_Init     stm32f4xx_hal_gpio.o
    0x08000f94   0x0000000a   Code   RO          994    i.HAL_GPIO_ReadPin  stm32f4xx_hal_gpio.o
    0x08000f9e   0x0000000a   Code   RO          996    i.HAL_GPIO_WritePin  stm32f4xx_hal_gpio.o
    0x08000fa8   0x0000000c   Code   RO         1524    i.HAL_GetTick       stm32f4xx_hal.o
    0x08000fb4   0x00000010   Code   RO         1530    i.HAL_IncTick       stm32f4xx_hal.o
    0x08000fc4   0x00000034   Code   RO         1531    i.HAL_Init          stm32f4xx_hal.o
    0x08000ff8   0x00000074   Code   RO          544    i.HAL_InitTick      stm32f4xx_hal_timebase_tim.o
    0x0800106c   0x00000038   Code   RO          466    i.HAL_MspInit       stm32f4xx_hal_msp.o
    0x080010a4   0x0000001a   Code   RO         1381    i.HAL_NVIC_EnableIRQ  stm32f4xx_hal_cortex.o
    0x080010be   0x00000002   PAD
    0x080010c0   0x00000040   Code   RO         1387    i.HAL_NVIC_SetPriority  stm32f4xx_hal_cortex.o
    0x08001100   0x00000024   Code   RO         1388    i.HAL_NVIC_SetPriorityGrouping  stm32f4xx_hal_cortex.o
    0x08001124   0x00000130   Code   RO          638    i.HAL_RCC_ClockConfig  stm32f4xx_hal_rcc.o
    0x08001254   0x00000040   Code   RO          642    i.HAL_RCC_GetClockConfig  stm32f4xx_hal_rcc.o
    0x08001294   0x00000020   Code   RO          645    i.HAL_RCC_GetPCLK1Freq  stm32f4xx_hal_rcc.o
    0x080012b4   0x00000020   Code   RO          646    i.HAL_RCC_GetPCLK2Freq  stm32f4xx_hal_rcc.o
    0x080012d4   0x00000064   Code   RO          647    i.HAL_RCC_GetSysClockFreq  stm32f4xx_hal_rcc.o
    0x08001338   0x0000031c   Code   RO          650    i.HAL_RCC_OscConfig  stm32f4xx_hal_rcc.o
    0x08001654   0x00000002   Code   RO         2443    i.HAL_TIMEx_BreakCallback  stm32f4xx_hal_tim_ex.o
    0x08001656   0x00000002   Code   RO         2444    i.HAL_TIMEx_CommutCallback  stm32f4xx_hal_tim_ex.o
    0x08001658   0x00000054   Code   RO         2446    i.HAL_TIMEx_ConfigBreakDeadTime  stm32f4xx_hal_tim_ex.o
    0x080016ac   0x00000042   Code   RO         2461    i.HAL_TIMEx_MasterConfigSynchronization  stm32f4xx_hal_tim_ex.o
    0x080016ee   0x00000036   Code   RO         1768    i.HAL_TIM_Base_Init  stm32f4xx_hal_tim.o
    0x08001724   0x00000040   Code   RO          468    i.HAL_TIM_Base_MspInit  stm32f4xx_hal_msp.o
    0x08001764   0x00000024   Code   RO         1771    i.HAL_TIM_Base_Start  stm32f4xx_hal_tim.o
    0x08001788   0x00000022   Code   RO         1773    i.HAL_TIM_Base_Start_IT  stm32f4xx_hal_tim.o
    0x080017aa   0x0000002c   Code   RO         1774    i.HAL_TIM_Base_Stop  stm32f4xx_hal_tim.o
    0x080017d6   0x00000098   Code   RO         1786    i.HAL_TIM_Encoder_Init  stm32f4xx_hal_tim.o
    0x0800186e   0x00000002   PAD
    0x08001870   0x00000120   Code   RO          470    i.HAL_TIM_Encoder_MspInit  stm32f4xx_hal_msp.o
    0x08001990   0x00000034   Code   RO         1789    i.HAL_TIM_Encoder_Start  stm32f4xx_hal_tim.o
    0x080019c4   0x00000002   Code   RO         1797    i.HAL_TIM_IC_CaptureCallback  stm32f4xx_hal_tim.o
    0x080019c6   0x00000166   Code   RO         1811    i.HAL_TIM_IRQHandler  stm32f4xx_hal_tim.o
    0x08001b2c   0x000000b8   Code   RO          471    i.HAL_TIM_MspPostInit  stm32f4xx_hal_msp.o
    0x08001be4   0x00000002   Code   RO         1814    i.HAL_TIM_OC_DelayElapsedCallback  stm32f4xx_hal_tim.o
    0x08001be6   0x000000d0   Code   RO         1835    i.HAL_TIM_PWM_ConfigChannel  stm32f4xx_hal_tim.o
    0x08001cb6   0x00000036   Code   RO         1838    i.HAL_TIM_PWM_Init  stm32f4xx_hal_tim.o
    0x08001cec   0x00000074   Code   RO          473    i.HAL_TIM_PWM_MspInit  stm32f4xx_hal_msp.o
    0x08001d60   0x00000002   Code   RO         1841    i.HAL_TIM_PWM_PulseFinishedCallback  stm32f4xx_hal_tim.o
    0x08001d62   0x00000002   PAD
    0x08001d64   0x00000044   Code   RO         1843    i.HAL_TIM_PWM_Start  stm32f4xx_hal_tim.o
    0x08001da8   0x00000014   Code   RO           14    i.HAL_TIM_PeriodElapsedCallback  main.o
    0x08001dbc   0x00000002   Code   RO         1854    i.HAL_TIM_TriggerCallback  stm32f4xx_hal_tim.o
    0x08001dbe   0x00000002   Code   RO         2715    i.HAL_UART_ErrorCallback  stm32f4xx_hal_uart.o
    0x08001dc0   0x00000110   Code   RO         2718    i.HAL_UART_IRQHandler  stm32f4xx_hal_uart.o
    0x08001ed0   0x00000062   Code   RO         2719    i.HAL_UART_Init     stm32f4xx_hal_uart.o
    0x08001f32   0x00000002   PAD
    0x08001f34   0x000000bc   Code   RO          475    i.HAL_UART_MspInit  stm32f4xx_hal_msp.o
    0x08001ff0   0x00000052   Code   RO         2724    i.HAL_UART_Receive_IT  stm32f4xx_hal_uart.o
    0x08002042   0x00000002   PAD
    0x08002044   0x00000020   Code   RO         5771    i.HAL_UART_RxCpltCallback  comm.o
    0x08002064   0x00000002   Code   RO         2730    i.HAL_UART_TxCpltCallback  stm32f4xx_hal_uart.o
    0x08002066   0x00000002   Code   RO          372    i.HardFault_Handler  stm32f4xx_it.o
    0x08002068   0x00000032   Code   RO         5385    i.MPU_Get_Accelerometer  mpu.o
    0x0800209a   0x00000032   Code   RO         5386    i.MPU_Get_Gyroscope  mpu.o
    0x080020cc   0x00000064   Code   RO         5387    i.MPU_Get_Temperature  mpu.o
    0x08002130   0x0000006c   Code   RO         5390    i.MPU_Read_Len      mpu.o
    0x0800219c   0x00000046   Code   RO         5396    i.MPU_Write_Len     mpu.o
    0x080021e2   0x00000002   PAD
    0x080021e4   0x000001dc   Code   RO           15    i.MX_GPIO_Init      main.o
    0x080023c0   0x0000005c   Code   RO           16    i.MX_TIM12_Init     main.o
    0x0800241c   0x00000060   Code   RO           17    i.MX_TIM1_Init      main.o
    0x0800247c   0x0000005c   Code   RO           18    i.MX_TIM2_Init      main.o
    0x080024d8   0x0000005c   Code   RO           19    i.MX_TIM3_Init      main.o
    0x08002534   0x0000005c   Code   RO           20    i.MX_TIM4_Init      main.o
    0x08002590   0x000000a8   Code   RO           21    i.MX_TIM8_Init      main.o
    0x08002638   0x0000005c   Code   RO           22    i.MX_TIM9_Init      main.o
    0x08002694   0x00000002   Code   RO          373    i.MemManage_Handler  stm32f4xx_it.o
    0x08002696   0x00000002   PAD
    0x08002698   0x00000050   Code   RO         5323    i.MotionStateInit   motion.o
    0x080026e8   0x00000062   Code   RO         5343    i.MotorInit         motor.o
    0x0800274a   0x000000da   Code   RO         5344    i.MotorRun          motor.o
    0x08002824   0x000000f6   Code   RO         5345    i.MotorRunToTarget  motor.o
    0x0800291a   0x00000002   PAD
    0x0800291c   0x0000009c   Code   RO         5346    i.MotorSpeedMeasure  motor.o
    0x080029b8   0x00000002   Code   RO          374    i.NMI_Handler       stm32f4xx_it.o
    0x080029ba   0x00000132   Code   RO         5600    i.PID_Calc          pid.o
    0x08002aec   0x00000054   Code   RO         5601    i.PID_Init          pid.o
    0x08002b40   0x00000078   Code   RO         5772    i.RxConfirm         comm.o
    0x08002bb8   0x0000006c   Code   RO         5773    i.RxDecode          comm.o
    0x08002c24   0x0000003c   Code   RO         5735    i.SonarInit         ultrasonar.o
    0x08002c60   0x00000078   Code   RO         5736    i.SonarMeasure      ultrasonar.o
    0x08002cd8   0x00000034   Code   RO         5737    i.SonarTrig         ultrasonar.o
    0x08002d0c   0x00000278   Code   RO           23    i.StartDecision     main.o
    0x08002f84   0x00000008   Code   RO           24    i.StartDefaultTask  main.o
    0x08002f8c   0x000000bc   Code   RO           25    i.StartIMUData      main.o
    0x08003048   0x00000040   Code   RO           26    i.StartOpenmvCom    main.o
    0x08003088   0x0000003c   Code   RO           27    i.StartStepperControl  main.o
    0x080030c4   0x00000170   Code   RO           28    i.StartUltraSonar   main.o
    0x08003234   0x000002c8   Code   RO           29    i.StartWheelControl  main.o
    0x080034fc   0x00000038   Code   RO           30    i.StartWheelSpeed   main.o
    0x08003534   0x0000002c   Code   RO         5822    i.StepperInit       stepper.o
    0x08003560   0x0000002c   Code   RO         4598    i.SysTick_Handler   port.o
    0x0800358c   0x00000084   Code   RO           31    i.SystemClock_Config  main.o
    0x08003610   0x00000054   Code   RO         3021    i.SystemInit        system_stm32f4xx.o
    0x08003664   0x0000001c   Code   RO          375    i.TIM8_UP_TIM13_IRQHandler  stm32f4xx_it.o
    0x08003680   0x000000c8   Code   RO         1856    i.TIM_Base_SetConfig  stm32f4xx_hal_tim.o
    0x08003748   0x0000001a   Code   RO         1857    i.TIM_CCxChannelCmd  stm32f4xx_hal_tim.o
    0x08003762   0x00000002   PAD
    0x08003764   0x00000060   Code   RO         1869    i.TIM_OC1_SetConfig  stm32f4xx_hal_tim.o
    0x080037c4   0x0000006c   Code   RO         1870    i.TIM_OC2_SetConfig  stm32f4xx_hal_tim.o
    0x08003830   0x00000068   Code   RO         1871    i.TIM_OC3_SetConfig  stm32f4xx_hal_tim.o
    0x08003898   0x00000050   Code   RO         1872    i.TIM_OC4_SetConfig  stm32f4xx_hal_tim.o
    0x080038e8   0x00000010   Code   RO         2732    i.UART_DMAAbortOnError  stm32f4xx_hal_uart.o
    0x080038f8   0x0000001c   Code   RO         2742    i.UART_EndRxTransfer  stm32f4xx_hal_uart.o
    0x08003914   0x00000096   Code   RO         2744    i.UART_Receive_IT   stm32f4xx_hal_uart.o
    0x080039aa   0x00000002   PAD
    0x080039ac   0x000002ac   Code   RO         2745    i.UART_SetConfig    stm32f4xx_hal_uart.o
    0x08003c58   0x00000062   Code   RO         2746    i.UART_Transmit_IT  stm32f4xx_hal_uart.o
    0x08003cba   0x00000002   PAD
    0x08003cbc   0x0000000c   Code   RO          376    i.USART1_IRQHandler  stm32f4xx_it.o
    0x08003cc8   0x0000000c   Code   RO          377    i.USART2_IRQHandler  stm32f4xx_it.o
    0x08003cd4   0x00000002   Code   RO          378    i.UsageFault_Handler  stm32f4xx_it.o
    0x08003cd6   0x00000002   PAD
    0x08003cd8   0x00000020   Code   RO         6163    i.__0printf$8       mc_w.l(printf8.o)
    0x08003cf8   0x00000030   Code   RO         6296    i.__ARM_fpclassify  m_wm.l(fpclassify.o)
    0x08003d28   0x00000020   Code   RO         1394    i.__NVIC_SetPriority  stm32f4xx_hal_cortex.o
    0x08003d48   0x00000360   Code   RO         5887    i.__hardfp_asin     m_wm.l(asin.o)
    0x080040a8   0x000002d8   Code   RO         6259    i.__hardfp_atan     m_wm.l(atan.o)
    0x08004380   0x000001f0   Code   RO         5901    i.__hardfp_atan2    m_wm.l(atan2.o)
    0x08004570   0x000000c8   Code   RO         5913    i.__hardfp_cos      m_wm.l(cos.o)
    0x08004638   0x000000c8   Code   RO         5925    i.__hardfp_sin      m_wm.l(sin.o)
    0x08004700   0x00000438   Code   RO         6301    i.__ieee754_rem_pio2  m_wm.l(rred.o)
    0x08004b38   0x00000170   Code   RO         6273    i.__kernel_cos      m_wm.l(cos_i.o)
    0x08004ca8   0x000000f8   Code   RO         6298    i.__kernel_poly     m_wm.l(poly.o)
    0x08004da0   0x00000130   Code   RO         6306    i.__kernel_sin      m_wm.l(sin_i.o)
    0x08004ed0   0x00000014   Code   RO         6277    i.__mathlib_dbl_infnan  m_wm.l(dunder.o)
    0x08004ee4   0x00000014   Code   RO         6278    i.__mathlib_dbl_infnan2  m_wm.l(dunder.o)
    0x08004ef8   0x00000020   Code   RO         6279    i.__mathlib_dbl_invalid  m_wm.l(dunder.o)
    0x08004f18   0x00000020   Code   RO         6282    i.__mathlib_dbl_underflow  m_wm.l(dunder.o)
    0x08004f38   0x0000000e   Code   RO         6376    i.__scatterload_copy  mc_w.l(handlers.o)
    0x08004f46   0x00000002   Code   RO         6377    i.__scatterload_null  mc_w.l(handlers.o)
    0x08004f48   0x0000000e   Code   RO         6378    i.__scatterload_zeroinit  mc_w.l(handlers.o)
    0x08004f56   0x00000002   PAD
    0x08004f58   0x0000000c   Code   RO         6350    i.__set_errno       mc_w.l(errno.o)
    0x08004f64   0x00000410   Code   RO         6170    i._printf_core      mc_w.l(printf8.o)
    0x08005374   0x00000024   Code   RO         6171    i._printf_post_padding  mc_w.l(printf8.o)
    0x08005398   0x0000002e   Code   RO         6172    i._printf_pre_padding  mc_w.l(printf8.o)
    0x080053c6   0x00000010   Code   RO         6261    i.atan              m_wm.l(atan.o)
    0x080053d6   0x00000002   PAD
    0x080053d8   0x00000148   Code   RO         5130    i.dmp_read_fifo     inv_mpu_dmp_motion_driver.o
    0x08005520   0x00000018   Code   RO         6292    i.fabs              m_wm.l(fabs.o)
    0x08005538   0x0000001c   Code   RO         4746    i.fputc             debug.o
    0x08005554   0x00000030   Code   RO         5711    i.gen_delay_us      delay.o
    0x08005584   0x00000030   Code   RO         5625    i.i2c_Ack           i2c.o
    0x080055b4   0x0000002c   Code   RO         5627    i.i2c_NAck          i2c.o
    0x080055e0   0x0000004c   Code   RO         5628    i.i2c_ReadByte      i2c.o
    0x0800562c   0x00000058   Code   RO         5629    i.i2c_SendByte      i2c.o
    0x08005684   0x00000034   Code   RO         5630    i.i2c_Start         i2c.o
    0x080056b8   0x00000028   Code   RO         5631    i.i2c_Stop          i2c.o
    0x080056e0   0x00000038   Code   RO         5632    i.i2c_WaitAck       i2c.o
    0x08005718   0x000001b4   Code   RO           32    i.main              main.o
    0x080058cc   0x0000006c   Code   RO         6218    i.malloc            mc_w.l(malloc.o)
    0x08005938   0x00000002   Code   RO         4775    i.mget_ms           inv_mpu.o
    0x0800593a   0x00000002   PAD
    0x0800593c   0x00000164   Code   RO         4777    i.mpu_dmp_get_data  inv_mpu.o
    0x08005aa0   0x00000090   Code   RO         4800    i.mpu_read_fifo_stream  inv_mpu.o
    0x08005b30   0x00000160   Code   RO         4804    i.mpu_reset_fifo    inv_mpu.o
    0x08005c90   0x00000034   Code   RO         4127    i.osDelay           cmsis_os2.o
    0x08005cc4   0x00000038   Code   RO         4141    i.osKernelInitialize  cmsis_os2.o
    0x08005cfc   0x00000040   Code   RO         4144    i.osKernelStart     cmsis_os2.o
    0x08005d3c   0x000000a4   Code   RO         4178    i.osThreadNew       cmsis_os2.o
    0x08005de0   0x0000005c   Code   RO         3623    i.prvAddCurrentTaskToDelayedList  tasks.o
    0x08005e3c   0x000000d0   Code   RO         3624    i.prvAddNewTaskToReadyList  tasks.o
    0x08005f0c   0x00000058   Code   RO         3973    i.prvCheckForValidListAndQueue  timers.o
    0x08005f64   0x00000026   Code   RO         3226    i.prvCopyDataFromQueue  queue.o
    0x08005f8a   0x0000006c   Code   RO         3227    i.prvCopyDataToQueue  queue.o
    0x08005ff6   0x00000034   Code   RO         3625    i.prvDeleteTCB      tasks.o
    0x0800602a   0x00000002   PAD
    0x0800602c   0x0000004c   Code   RO         4548    i.prvHeapInit       heap_4.o
    0x08006078   0x00000060   Code   RO         3626    i.prvIdleTask       tasks.o
    0x080060d8   0x00000022   Code   RO         3229    i.prvInitialiseNewQueue  queue.o
    0x080060fa   0x0000009c   Code   RO         3627    i.prvInitialiseNewTask  tasks.o
    0x08006196   0x00000002   PAD
    0x08006198   0x0000004c   Code   RO         4549    i.prvInsertBlockIntoFreeList  heap_4.o
    0x080061e4   0x00000038   Code   RO         3975    i.prvInsertTimerInActiveList  timers.o
    0x0800621c   0x0000001c   Code   RO         3230    i.prvIsQueueEmpty   queue.o
    0x08006238   0x000000cc   Code   RO         3976    i.prvProcessReceivedCommands  timers.o
    0x08006304   0x000000b4   Code   RO         3977    i.prvProcessTimerOrBlockTask  timers.o
    0x080063b8   0x00000020   Code   RO         3629    i.prvResetNextTaskUnblockTime  tasks.o
    0x080063d8   0x00000028   Code   RO         3978    i.prvSampleTimeNow  timers.o
    0x08006400   0x0000006c   Code   RO         3979    i.prvSwitchTimerLists  timers.o
    0x0800646c   0x00000028   Code   RO         4599    i.prvTaskExitError  port.o
    0x08006494   0x00000024   Code   RO         3980    i.prvTimerTask      timers.o
    0x080064b8   0x0000006a   Code   RO         3231    i.prvUnlockQueue    queue.o
    0x08006522   0x00000002   PAD
    0x08006524   0x000000d8   Code   RO         4550    i.pvPortMalloc      heap_4.o
    0x080065fc   0x0000002c   Code   RO         4600    i.pxPortInitialiseStack  port.o
    0x08006628   0x00000022   Code   RO         5862    i.sign              mymath.o
    0x0800664a   0x0000006e   Code   RO         6314    i.sqrt              m_wm.l(sqrt.o)
    0x080066b8   0x00000026   Code   RO         3186    i.uxListRemove      list.o
    0x080066de   0x00000002   PAD
    0x080066e0   0x00000014   Code   RO         4190    i.vApplicationGetIdleTaskMemory  cmsis_os2.o
    0x080066f4   0x00000018   Code   RO         4191    i.vApplicationGetTimerTaskMemory  cmsis_os2.o
    0x0800670c   0x00000016   Code   RO         3187    i.vListInitialise   list.o
    0x08006722   0x00000006   Code   RO         3188    i.vListInitialiseItem  list.o
    0x08006728   0x00000030   Code   RO         3189    i.vListInsert       list.o
    0x08006758   0x00000018   Code   RO         3190    i.vListInsertEnd    list.o
    0x08006770   0x00000040   Code   RO         4602    i.vPortEnterCritical  port.o
    0x080067b0   0x00000028   Code   RO         4603    i.vPortExitCritical  port.o
    0x080067d8   0x0000005c   Code   RO         4551    i.vPortFree         heap_4.o
    0x08006834   0x00000024   Code   RO         4604    i.vPortSetupTimerInterrupt  port.o
    0x08006858   0x00000054   Code   RO         4605    i.vPortValidateInterruptPriority  port.o
    0x080068ac   0x00000028   Code   RO         3237    i.vQueueAddToRegistry  queue.o
    0x080068d4   0x00000044   Code   RO         3241    i.vQueueWaitForMessageRestricted  queue.o
    0x08006918   0x0000004c   Code   RO         3641    i.vTaskDelay        tasks.o
    0x08006964   0x00000010   Code   RO         3646    i.vTaskInternalSetTimeOutState  tasks.o
    0x08006974   0x0000000c   Code   RO         3647    i.vTaskMissedYield  tasks.o
    0x08006980   0x00000030   Code   RO         3649    i.vTaskPlaceOnEventList  tasks.o
    0x080069b0   0x00000038   Code   RO         3650    i.vTaskPlaceOnEventListRestricted  tasks.o
    0x080069e8   0x00000088   Code   RO         3658    i.vTaskStartScheduler  tasks.o
    0x08006a70   0x00000010   Code   RO         3660    i.vTaskSuspendAll   tasks.o
    0x08006a80   0x00000064   Code   RO         3661    i.vTaskSwitchContext  tasks.o
    0x08006ae4   0x000000f4   Code   RO         4606    i.xPortStartScheduler  port.o
    0x08006bd8   0x00000066   Code   RO         3247    i.xQueueGenericCreateStatic  queue.o
    0x08006c3e   0x00000002   PAD
    0x08006c40   0x00000088   Code   RO         3248    i.xQueueGenericReset  queue.o
    0x08006cc8   0x00000160   Code   RO         3249    i.xQueueGenericSend  queue.o
    0x08006e28   0x000000bc   Code   RO         3250    i.xQueueGenericSendFromISR  queue.o
    0x08006ee4   0x00000138   Code   RO         3259    i.xQueueReceive     queue.o
    0x0800701c   0x00000074   Code   RO         3662    i.xTaskCheckForTimeOut  tasks.o
    0x08007090   0x0000005a   Code   RO         3663    i.xTaskCreate       tasks.o
    0x080070ea   0x00000056   Code   RO         3664    i.xTaskCreateStatic  tasks.o
    0x08007140   0x0000001c   Code   RO         3668    i.xTaskGetSchedulerState  tasks.o
    0x0800715c   0x0000000c   Code   RO         3669    i.xTaskGetTickCount  tasks.o
    0x08007168   0x000000c8   Code   RO         3671    i.xTaskIncrementTick  tasks.o
    0x08007230   0x00000080   Code   RO         3674    i.xTaskPriorityDisinherit  tasks.o
    0x080072b0   0x00000070   Code   RO         3676    i.xTaskRemoveFromEventList  tasks.o
    0x08007320   0x000000c4   Code   RO         3677    i.xTaskResumeAll    tasks.o
    0x080073e4   0x00000060   Code   RO         3987    i.xTimerCreateTimerTask  timers.o
    0x08007444   0x00000068   Code   RO         3988    i.xTimerGenericCommand  timers.o
    0x080074ac   0x00000170   Data   RO           34    .constdata          main.o
    0x0800761c   0x00000010   Data   RO         3022    .constdata          system_stm32f4xx.o
    0x0800762c   0x00000008   Data   RO         3023    .constdata          system_stm32f4xx.o
    0x08007634   0x0000001b   Data   RO         4821    .constdata          inv_mpu.o
    0x0800764f   0x00000001   PAD
    0x08007650   0x0000000c   Data   RO         4822    .constdata          inv_mpu.o
    0x0800765c   0x00000028   Data   RO         4823    .constdata          inv_mpu.o
    0x08007684   0x00000004   PAD
    0x08007688   0x00000050   Data   RO         5890    .constdata          m_wm.l(asin.o)
    0x080076d8   0x00000098   Data   RO         6262    .constdata          m_wm.l(atan.o)
    0x08007770   0x00000030   Data   RO         6274    .constdata          m_wm.l(cos_i.o)
    0x080077a0   0x00000008   Data   RO         6300    .constdata          m_wm.l(qnan.o)
    0x080077a8   0x000000c8   Data   RO         6303    .constdata          m_wm.l(rred.o)
    0x08007870   0x00000028   Data   RO         6307    .constdata          m_wm.l(sin_i.o)
    0x08007898   0x00000067   Data   RO           35    .conststring        main.o
    0x080078ff   0x00000001   PAD
    0x08007900   0x00000020   Data   RO         6374    Region$$Table       anon$$obj.o


    Execution Region RW_IRAM1 (Base: 0x20000000, Size: 0x00008fa8, Max: 0x00020000, ABSOLUTE, COMPRESSED[0x0000002c])

    Base Addr    Size         Type   Attr      Idx    E Section Name        Object

    0x20000000   0x00000038   Data   RW           36    .data               main.o
    0x20000038   0x0000000c   Data   RW         1538    .data               stm32f4xx_hal.o
    0x20000044   0x00000004   Data   RW         3024    .data               system_stm32f4xx.o
    0x20000048   0x0000003c   Data   RW         3680    .data               tasks.o
    0x20000084   0x00000014   Data   RW         3996    .data               timers.o
    0x20000098   0x00000004   Data   RW         4193    .data               cmsis_os2.o
    0x2000009c   0x00000018   Data   RW         4556    .data               heap_4.o
    0x200000b4   0x0000000c   Data   RW         4607    .data               port.o
    0x200000c0   0x00000030   Data   RW         4678    .data               bsp.o
    0x200000f0   0x00000004   Data   RW         4747    .data               debug.o
    0x200000f4   0x00000035   Data   RW         4825    .data               inv_mpu.o
    0x20000129   0x00000003   PAD
    0x2000012c   0x00000008   Data   RW         5776    .data               comm.o
    0x20000134   0x00000004   Data   RW         6346    .data               mc_w.l(mvars.o)
    0x20000138   0x00000004   Data   RW         6347    .data               mc_w.l(mvars.o)
    0x2000013c   0x00000004   Data   RW         6351    .data               mc_w.l(errno.o)
    0x20000140   0x000002c0   Zero   RW           33    .bss                main.o
    0x20000400   0x00000040   Zero   RW          547    .bss                stm32f4xx_hal_timebase_tim.o
    0x20000440   0x00000040   Zero   RW         3263    .bss                queue.o
    0x20000480   0x000004c4   Zero   RW         3679    .bss                tasks.o
    0x20000944   0x00000118   Zero   RW         3995    .bss                timers.o
    0x20000a5c   0x000006b8   Zero   RW         4192    .bss                cmsis_os2.o
    0x20001114   0x00007800   Zero   RW         4555    .bss                heap_4.o
    0x20008914   0x00000010   Zero   RW         5148    .bss                inv_mpu_dmp_motion_driver.o
    0x20008924   0x00000080   Zero   RW         5775    .bss                comm.o
    0x200089a4   0x00000004   PAD
    0x200089a8   0x00000200   Zero   RW            2    HEAP                startup_stm32f407xx.o
    0x20008ba8   0x00000400   Zero   RW            1    STACK               startup_stm32f407xx.o


==============================================================================

Image component sizes


      Code (inc. data)   RO Data    RW Data    ZI Data      Debug   Object Name

       640        246          0         48          0       5383   bsp.o
       380         32          0          4       1720      16258   cmsis_os2.o
       260         48          0          8        128       2435   comm.o
        28          6          0          4          0       2562   debug.o
        48          4          0          0          0        579   delay.o
         0          0          0          0          0      20240   event_groups.o
       460         24          0         24      30720       4931   heap_4.o
       404         38          0          0          0       4520   i2c.o
       854         22         79         53          0       8216   inv_mpu.o
       328          4          0          0         16       7527   inv_mpu_dmp_motion_driver.o
        96         20          0          0          0        605   it.o
       138          0          0          0          0       3702   list.o
      3876        398        471         56        704     717417   main.o
        80          6          0          0          0        854   motion.o
       718         32          0          0          0       3130   motor.o
       378         22          0          0          0       4226   mpu.o
       104         12          0          0          0       1756   mymath.o
       390          6          0          0          0       2034   pid.o
       786         82          0         12          0      11885   port.o
      1512         20          0          0         64      17636   queue.o
        36          8        392          0       1536        860   startup_stm32f407xx.o
        44          6          0          0          0       1042   stepper.o
       116         18          0         12          0       4034   stm32f4xx_hal.o
       158         14          0          0          0      33290   stm32f4xx_hal_cortex.o
        36          0          0          0          0       1259   stm32f4xx_hal_dma.o
       476         50          0          0          0       3826   stm32f4xx_hal_gpio.o
       896        112          0          0          0       5126   stm32f4xx_hal_msp.o
      1328         90          0          0          0       5977   stm32f4xx_hal_rcc.o
      1682         90          0          0          0      16044   stm32f4xx_hal_tim.o
       154          0          0          0          0       3377   stm32f4xx_hal_tim_ex.o
       116         16          0          0         64       1472   stm32f4xx_hal_timebase_tim.o
      1432         14          0          0          0       7959   stm32f4xx_hal_uart.o
        92         22          0          0          0       6338   stm32f4xx_it.o
         0          0          0          0          0       8924   stream_buffer.o
        84         18         24          4          0       1231   system_stm32f4xx.o
      2064        170          0         60       1220      24604   tasks.o
       912         82          0         20        280      26595   timers.o
       232         22          0          0          0       2323   ultrasonar.o

    ----------------------------------------------------------------------
     21378       1754       1004        308      36456     990177   Object Totals
         0          0         32          0          0          0   (incl. Generated)
        40          0          6          3          4          0   (incl. Padding)

    ----------------------------------------------------------------------

      Code (inc. data)   RO Data    RW Data    ZI Data      Debug   Library Member Name

       864         94         80          0          0        280   asin.o
       744        106        152          0          0        352   atan.o
       496         64          0          0          0        192   atan2.o
       200         20          0          0          0        164   cos.o
       368         46         48          0          0        200   cos_i.o
       104         16          0          0          0        496   dunder.o
        24          0          0          0          0        124   fabs.o
        48          0          0          0          0        124   fpclassify.o
       248          0          0          0          0        152   poly.o
         0          0          8          0          0          0   qnan.o
      1080        142        200          0          0        188   rred.o
       200         20          0          0          0        164   sin.o
       304         24         40          0          0        208   sin_i.o
       110          0          0          0          0        148   sqrt.o
        58          0          0          0          0          0   __dczerorl.o
         0          0          0          0          0          0   entry.o
         0          0          0          0          0          0   entry10a.o
         0          0          0          0          0          0   entry11a.o
         8          4          0          0          0          0   entry2.o
         4          0          0          0          0          0   entry5.o
         0          0          0          0          0          0   entry7b.o
         0          0          0          0          0          0   entry8b.o
         8          4          0          0          0          0   entry9a.o
        12          6          0          4          0         68   errno.o
        30          0          0          0          0          0   handlers.o
        36          8          0          0          0         68   init.o
         0          0          0          0          0          0   iusefp.o
        30          0          0          0          0         68   llshl.o
        36          0          0          0          0         68   llsshr.o
        32          0          0          0          0         68   llushr.o
       108         16          0          0          0         84   malloc.o
        36          0          0          0          0         68   memcpya.o
        36          0          0          0          0        108   memseta.o
         0          0          0          8          0          0   mvars.o
      1154         54          0          0          0        352   printf8.o
       156          0          0          0          0         88   qsort.o
        98          0          0          0          0         92   uldiv.o
        56          0          0          0          0         88   d2f.o
       334          0          0          0          0        148   dadd.o
       222          0          0          0          0        100   ddiv.o
       186          0          0          0          0        176   depilogue.o
        62          0          0          0          0         80   dfixi.o
        34          0          0          0          0         76   dflti.o
        26          0          0          0          0         76   dfltui.o
       228          0          0          0          0         96   dmul.o
       162          0          0          0          0        100   dsqrt.o
        38          0          0          0          0         68   f2d.o
       110          0          0          0          0        168   fepilogue.o

    ----------------------------------------------------------------------
      8098        624        528         12          0       5100   Library Totals
         8          0          0          0          0          0   (incl. Padding)

    ----------------------------------------------------------------------

      Code (inc. data)   RO Data    RW Data    ZI Data      Debug   Library Name

      4790        532        528          0          0       2792   m_wm.l
      1842         92          0         12          0       1132   mc_w.l
      1458          0          0          0          0       1176   mf_w.l

    ----------------------------------------------------------------------
      8098        624        528         12          0       5100   Library Totals

    ----------------------------------------------------------------------

==============================================================================


      Code (inc. data)   RO Data    RW Data    ZI Data      Debug   

     29476       2378       1532        320      36456     973917   Grand Totals
     29476       2378       1532         44      36456     973917   ELF Image Totals (compressed)
     29476       2378       1532         44          0          0   ROM Totals

==============================================================================

    Total RO  Size (Code + RO Data)                31008 (  30.28kB)
    Total RW  Size (RW Data + ZI Data)             36776 (  35.91kB)
    Total ROM Size (Code + RO Data + RW Data)      31052 (  30.32kB)

==============================================================================

