Component: ARM Compiler 5.06 update 3 (build 300) Tool: armlink [4d35c9]

==============================================================================

Section Cross References

    startup_stm32f407xx.o(RESET) refers to startup_stm32f407xx.o(STACK) for __initial_sp
    startup_stm32f407xx.o(RESET) refers to startup_stm32f407xx.o(.text) for Reset_Handler
    startup_stm32f407xx.o(RESET) refers to stm32f4xx_it.o(i.NMI_Handler) for NMI_Handler
    startup_stm32f407xx.o(RESET) refers to stm32f4xx_it.o(i.HardFault_Handler) for HardFault_Handler
    startup_stm32f407xx.o(RESET) refers to stm32f4xx_it.o(i.MemManage_Handler) for MemManage_Handler
    startup_stm32f407xx.o(RESET) refers to stm32f4xx_it.o(i.BusFault_Handler) for BusFault_Handler
    startup_stm32f407xx.o(RESET) refers to stm32f4xx_it.o(i.UsageFault_Handler) for UsageFault_Handler
    startup_stm32f407xx.o(RESET) refers to port.o(.emb_text) for SVC_Handler
    startup_stm32f407xx.o(RESET) refers to stm32f4xx_it.o(i.DebugMon_Handler) for DebugMon_Handler
    startup_stm32f407xx.o(RESET) refers to port.o(i.SysTick_Handler) for SysTick_Handler
    startup_stm32f407xx.o(RESET) refers to stm32f4xx_it.o(i.EXTI3_IRQHandler) for EXTI3_IRQHandler
    startup_stm32f407xx.o(RESET) refers to stm32f4xx_it.o(i.EXTI4_IRQHandler) for EXTI4_IRQHandler
    startup_stm32f407xx.o(RESET) refers to stm32f4xx_it.o(i.EXTI9_5_IRQHandler) for EXTI9_5_IRQHandler
    startup_stm32f407xx.o(RESET) refers to stm32f4xx_it.o(i.USART1_IRQHandler) for USART1_IRQHandler
    startup_stm32f407xx.o(RESET) refers to stm32f4xx_it.o(i.USART2_IRQHandler) for USART2_IRQHandler
    startup_stm32f407xx.o(RESET) refers to stm32f4xx_it.o(i.EXTI15_10_IRQHandler) for EXTI15_10_IRQHandler
    startup_stm32f407xx.o(RESET) refers to stm32f4xx_it.o(i.TIM8_UP_TIM13_IRQHandler) for TIM8_UP_TIM13_IRQHandler
    startup_stm32f407xx.o(RESET) refers to stm32f4xx_it.o(i.TIM7_IRQHandler) for TIM7_IRQHandler
    startup_stm32f407xx.o(.text) refers to system_stm32f4xx.o(i.SystemInit) for SystemInit
    startup_stm32f407xx.o(.text) refers to entry.o(.ARM.Collect$$$$00000000) for __main
    main.o(i.HAL_TIM_PeriodElapsedCallback) refers to stm32f4xx_hal.o(i.HAL_IncTick) for HAL_IncTick
    main.o(i.MX_GPIO_Init) refers to memseta.o(.text) for __aeabi_memclr4
    main.o(i.MX_GPIO_Init) refers to stm32f4xx_hal_gpio.o(i.HAL_GPIO_WritePin) for HAL_GPIO_WritePin
    main.o(i.MX_GPIO_Init) refers to stm32f4xx_hal_gpio.o(i.HAL_GPIO_Init) for HAL_GPIO_Init
    main.o(i.MX_GPIO_Init) refers to stm32f4xx_hal_cortex.o(i.HAL_NVIC_SetPriority) for HAL_NVIC_SetPriority
    main.o(i.MX_GPIO_Init) refers to stm32f4xx_hal_cortex.o(i.HAL_NVIC_EnableIRQ) for HAL_NVIC_EnableIRQ
    main.o(i.MX_TIM12_Init) refers to memseta.o(.text) for __aeabi_memclr4
    main.o(i.MX_TIM12_Init) refers to stm32f4xx_hal_tim.o(i.HAL_TIM_PWM_Init) for HAL_TIM_PWM_Init
    main.o(i.MX_TIM12_Init) refers to stm32f4xx_hal_tim.o(i.HAL_TIM_PWM_ConfigChannel) for HAL_TIM_PWM_ConfigChannel
    main.o(i.MX_TIM12_Init) refers to stm32f4xx_hal_msp.o(i.HAL_TIM_MspPostInit) for HAL_TIM_MspPostInit
    main.o(i.MX_TIM12_Init) refers to main.o(.bss) for .bss
    main.o(i.MX_TIM1_Init) refers to memseta.o(.text) for __aeabi_memclr4
    main.o(i.MX_TIM1_Init) refers to stm32f4xx_hal_tim.o(i.HAL_TIM_Encoder_Init) for HAL_TIM_Encoder_Init
    main.o(i.MX_TIM1_Init) refers to stm32f4xx_hal_tim_ex.o(i.HAL_TIMEx_MasterConfigSynchronization) for HAL_TIMEx_MasterConfigSynchronization
    main.o(i.MX_TIM1_Init) refers to main.o(.bss) for .bss
    main.o(i.MX_TIM2_Init) refers to memseta.o(.text) for __aeabi_memclr4
    main.o(i.MX_TIM2_Init) refers to stm32f4xx_hal_tim.o(i.HAL_TIM_Encoder_Init) for HAL_TIM_Encoder_Init
    main.o(i.MX_TIM2_Init) refers to stm32f4xx_hal_tim_ex.o(i.HAL_TIMEx_MasterConfigSynchronization) for HAL_TIMEx_MasterConfigSynchronization
    main.o(i.MX_TIM2_Init) refers to main.o(.bss) for .bss
    main.o(i.MX_TIM3_Init) refers to memseta.o(.text) for __aeabi_memclr4
    main.o(i.MX_TIM3_Init) refers to stm32f4xx_hal_tim.o(i.HAL_TIM_Encoder_Init) for HAL_TIM_Encoder_Init
    main.o(i.MX_TIM3_Init) refers to stm32f4xx_hal_tim_ex.o(i.HAL_TIMEx_MasterConfigSynchronization) for HAL_TIMEx_MasterConfigSynchronization
    main.o(i.MX_TIM3_Init) refers to main.o(.bss) for .bss
    main.o(i.MX_TIM4_Init) refers to memseta.o(.text) for __aeabi_memclr4
    main.o(i.MX_TIM4_Init) refers to stm32f4xx_hal_tim.o(i.HAL_TIM_Encoder_Init) for HAL_TIM_Encoder_Init
    main.o(i.MX_TIM4_Init) refers to stm32f4xx_hal_tim_ex.o(i.HAL_TIMEx_MasterConfigSynchronization) for HAL_TIMEx_MasterConfigSynchronization
    main.o(i.MX_TIM4_Init) refers to main.o(.bss) for .bss
    main.o(i.MX_TIM8_Init) refers to memseta.o(.text) for __aeabi_memclr4
    main.o(i.MX_TIM8_Init) refers to stm32f4xx_hal_tim.o(i.HAL_TIM_PWM_Init) for HAL_TIM_PWM_Init
    main.o(i.MX_TIM8_Init) refers to stm32f4xx_hal_tim_ex.o(i.HAL_TIMEx_MasterConfigSynchronization) for HAL_TIMEx_MasterConfigSynchronization
[...]
    .data                                    0x2000015c   Section        4  mvars.o(.data)
    .data                                    0x20000160   Section        4  errno.o(.data)
    _errno                                   0x20000160   Data           4  errno.o(.data)
    .bss                                     0x20000164   Section      768  main.o(.bss)
    .bss                                     0x20000464   Section       64  stm32f4xx_hal_timebase_tim.o(.bss)
    .bss                                     0x200004a4   Section       64  queue.o(.bss)
    .bss                                     0x200004e4   Section     1220  tasks.o(.bss)
    pxReadyTasksLists                        0x200004e4   Data        1120  tasks.o(.bss)
    xDelayedTaskList1                        0x20000944   Data          20  tasks.o(.bss)
    xDelayedTaskList2                        0x20000958   Data          20  tasks.o(.bss)
    xPendingReadyList                        0x2000096c   Data          20  tasks.o(.bss)
    xTasksWaitingTermination                 0x20000980   Data          20  tasks.o(.bss)
    xSuspendedTaskList                       0x20000994   Data          20  tasks.o(.bss)
    .bss                                     0x200009a8   Section      280  timers.o(.bss)
    xActiveTimerList1                        0x200009a8   Data          20  timers.o(.bss)
    xActiveTimerList2                        0x200009bc   Data          20  timers.o(.bss)
    xStaticTimerQueue                        0x200009d0   Data          80  timers.o(.bss)
    ucStaticTimerQueueStorage                0x20000a20   Data         160  timers.o(.bss)
    .bss                                     0x20000ac0   Section     1720  cmsis_os2.o(.bss)
    Idle_TCB                                 0x20000ac0   Data          92  cmsis_os2.o(.bss)
    Idle_Stack                               0x20000b1c   Data         512  cmsis_os2.o(.bss)
    Timer_TCB                                0x20000d1c   Data          92  cmsis_os2.o(.bss)
    Timer_Stack                              0x20000d78   Data        1024  cmsis_os2.o(.bss)
    .bss                                     0x20001178   Section    30720  heap_4.o(.bss)
    ucHeap                                   0x20001178   Data       30720  heap_4.o(.bss)
    .bss                                     0x20008978   Section       16  inv_mpu_dmp_motion_driver.o(.bss)
    dmp                                      0x20008978   Data          16  inv_mpu_dmp_motion_driver.o(.bss)
    .bss                                     0x20008988   Section      128  comm.o(.bss)
    HEAP                                     0x20008a08   Section      512  startup_stm32f407xx.o(HEAP)
    STACK                                    0x20008c08   Section     1024  startup_stm32f407xx.o(STACK)

    Global Symbols

    Symbol Name                              Value     Ov Type        Size  Object(Section)

    BuildAttributes$$THM_ISAv4$E$P$D$K$B$S$7EM$VFPi3$EXTD16$VFPS$VFMA$PE$A:L22UL41UL21$X:L11$S22US41US21$IEEE1$IW$USESV6$~STKCKD$USESV7$~SHL$OTIME$ROPI$IEEEX$EBA8$MICROLIB$REQ8$PRES8$EABIv2 0x00000000   Number         0  anon$$obj.o ABSOLUTE
    __ARM_use_no_argv                        0x00000000   Number         0  main.o ABSOLUTE
    _printf_a                                0x00000000   Number         0  stubs.o ABSOLUTE
    _printf_c                                0x00000000   Number         0  stubs.o ABSOLUTE
    _printf_charcount                        0x00000000   Number         0  stubs.o ABSOLUTE
    _printf_d                                0x00000000   Number         0  stubs.o ABSOLUTE
    _printf_e                                0x00000000   Number         0  stubs.o ABSOLUTE
    _printf_f                                0x00000000   Number         0  stubs.o ABSOLUTE
    _printf_flags                            0x00000000   Number         0  stubs.o ABSOLUTE
    _printf_fp_dec                           0x00000000   Number         0  stubs.o ABSOLUTE
    _printf_fp_hex                           0x00000000   Number         0  stubs.o ABSOLUTE
    _printf_g                                0x00000000   Number         0  stubs.o ABSOLUTE
    _printf_i                                0x00000000   Number         0  stubs.o ABSOLUTE
    _printf_int_dec                          0x00000000   Number         0  stubs.o ABSOLUTE
    _printf_l                                0x00000000   Number         0  stubs.o ABSOLUTE
    _printf_lc                               0x00000000   Number         0  stubs.o ABSOLUTE
    _printf_ll                               0x00000000   Number         0  stubs.o ABSOLUTE
    _printf_lld                              0x00000000   Number         0  stubs.o ABSOLUTE
    _printf_lli                              0x00000000   Number         0  stubs.o ABSOLUTE
    _printf_llo                              0x00000000   Number         0  stubs.o ABSOLUTE
    _printf_llu                              0x00000000   Number         0  stubs.o ABSOLUTE
    _printf_llx                              0x00000000   Number         0  stubs.o ABSOLUTE
    _printf_longlong_dec                     0x00000000   Number         0  stubs.o ABSOLUTE
    _printf_longlong_hex                     0x00000000   Number         0  stubs.o ABSOLUTE
    _printf_longlong_oct                     0x00000000   Number         0  stubs.o ABSOLUTE
    _printf_ls                               0x00000000   Number         0  stubs.o ABSOLUTE
    _printf_mbtowc                           0x00000000   Number         0  stubs.o ABSOLUTE
    _printf_n                                0x00000000   Number         0  stubs.o ABSOLUTE
    _printf_o                                0x00000000   Number         0  stubs.o ABSOLUTE
    _printf_p                                0x00000000   Number         0  stubs.o ABSOLUTE
    _printf_percent                          0x00000000   Number         0  stubs.o ABSOLUTE
    _printf_pre_padding                      0x00000000   Number         0  stubs.o ABSOLUTE
    _printf_return_value                     0x00000000   Number         0  stubs.o ABSOLUTE
    _printf_s                                0x00000000   Number         0  stubs.o ABSOLUTE
    _printf_sizespec                         0x00000000   Number         0  stubs.o ABSOLUTE
    _printf_str                              0x00000000   Number         0  stubs.o ABSOLUTE
    _printf_truncate_signed                  0x00000000   Number         0  stubs.o ABSOLUTE
    _printf_truncate_unsigned                0x00000000   Number         0  stubs.o ABSOLUTE
    _printf_u                                0x00000000   Number         0  stubs.o ABSOLUTE
    _printf_wc                               0x00000000   Number         0  stubs.o ABSOLUTE
    _printf_wctomb                           0x00000000   Number         0  stubs.o ABSOLUTE
    _printf_widthprec                        0x00000000   Number         0  stubs.o ABSOLUTE
    _printf_x                                0x00000000   Number         0  stubs.o ABSOLUTE
    __cpp_initialize__aeabi_                  - Undefined Weak Reference
    __cxa_finalize                            - Undefined Weak Reference
    _clock_init                               - Undefined Weak Reference
    _microlib_exit                            - Undefined Weak Reference
    __Vectors_Size                           0x00000188   Number         0  startup_stm32f407xx.o ABSOLUTE
    __Vectors                                0x08000000   Data           4  startup_stm32f407xx.o(RESET)
    __Vectors_End                            0x08000188   Data           0  startup_stm32f407xx.o(RESET)
    __main                                   0x08000189   Thumb Code     0  entry.o(.ARM.Collect$$$$00000000)
    _main_stk                                0x08000189   Thumb Code     0  entry2.o(.ARM.Collect$$$$00000001)
    _main_scatterload                        0x0800018d   Thumb Code     0  entry5.o(.ARM.Collect$$$$00000004)
    __main_after_scatterload                 0x08000191   Thumb Code     0  entry5.o(.ARM.Collect$$$$00000004)
    _main_clock                              0x08000191   Thumb Code     0  entry7b.o(.ARM.Collect$$$$00000008)
    _main_cpp_init                           0x08000191   Thumb Code     0  entry8b.o(.ARM.Collect$$$$0000000A)
    _main_init                               0x08000191   Thumb Code     0  entry9a.o(.ARM.Collect$$$$0000000B)
    __rt_final_cpp                           0x08000199   Thumb Code     0  entry10a.o(.ARM.Collect$$$$0000000D)
    __rt_final_exit                          0x08000199   Thumb Code     0  entry11a.o(.ARM.Collect$$$$0000000F)
    SVC_Handler                              0x0800019d   Thumb Code    28  port.o(.emb_text)
    __asm___6_port_c_39a90d8d__prvStartFirstTask 0x080001bd   Thumb Code    36  port.o(.emb_text)
    __asm___6_port_c_39a90d8d__prvEnableVFP  0x080001e5   Thumb Code    16  port.o(.emb_text)
    PendSV_Handler                           0x080001f9   Thumb Code    88  port.o(.emb_text)
    vPortGetIPSR                             0x08000255   Thumb Code     6  port.o(.emb_text)
    Reset_Handler                            0x0800025d   Thumb Code     8  startup_stm32f407xx.o(.text)
    ADC_IRQHandler                           0x08000277   Thumb Code     0  startup_stm32f407xx.o(.text)
    CAN1_RX0_IRQHandler                      0x08000277   Thumb Code     0  startup_stm32f407xx.o(.text)
    CAN1_RX1_IRQHandler                      0x08000277   Thumb Code     0  startup_stm32f407xx.o(.text)
    CAN1_SCE_IRQHandler                      0x08000277   Thumb Code     0  startup_stm32f407xx.o(.text)
    CAN1_TX_IRQHandler                       0x08000277   Thumb Code     0  startup_stm32f407xx.o(.text)
    CAN2_RX0_IRQHandler                      0x08000277   Thumb Code     0  startup_stm32f407xx.o(.text)
    CAN2_RX1_IRQHandler                      0x08000277   Thumb Code     0  startup_stm32f407xx.o(.text)
    CAN2_SCE_IRQHandler                      0x08000277   Thumb Code     0  startup_stm32f407xx.o(.text)
    CAN2_TX_IRQHandler                       0x08000277   Thumb Code     0  startup_stm32f407xx.o(.text)
    DCMI_IRQHandler                          0x08000277   Thumb Code     0  startup_stm32f407xx.o(.text)
    DMA1_Stream0_IRQHandler                  0x08000277   Thumb Code     0  startup_stm32f407xx.o(.text)
    DMA1_Stream1_IRQHandler                  0x08000277   Thumb Code     0  startup_stm32f407xx.o(.text)
    DMA1_Stream2_IRQHandler                  0x08000277   Thumb Code     0  startup_stm32f407xx.o(.text)
    DMA1_Stream3_IRQHandler                  0x08000277   Thumb Code     0  startup_stm32f407xx.o(.text)
    DMA1_Stream4_IRQHandler                  0x08000277   Thumb Code     0  startup_stm32f407xx.o(.text)
    DMA1_Stream5_IRQHandler                  0x08000277   Thumb Code     0  startup_stm32f407xx.o(.text)
    DMA1_Stream6_IRQHandler                  0x08000277   Thumb Code     0  startup_stm32f407xx.o(.text)
    DMA1_Stream7_IRQHandler                  0x08000277   Thumb Code     0  startup_stm32f407xx.o(.text)
    DMA2_Stream0_IRQHandler                  0x08000277   Thumb Code     0  startup_stm32f407xx.o(.text)
    DMA2_Stream1_IRQHandler                  0x08000277   Thumb Code     0  startup_stm32f407xx.o(.text)
    DMA2_Stream2_IRQHandler                  0x08000277   Thumb Code     0  startup_stm32f407xx.o(.text)
    DMA2_Stream3_IRQHandler                  0x08000277   Thumb Code     0  startup_stm32f407xx.o(.text)
    DMA2_Stream4_IRQHandler                  0x08000277   Thumb Code     0  startup_stm32f407xx.o(.text)
    DMA2_Stream5_IRQHandler                  0x08000277   Thumb Code     0  startup_stm32f407xx.o(.text)
    DMA2_Stream6_IRQHandler                  0x08000277   Thumb Code     0  startup_stm32f407xx.o(.text)
    DMA2_Stream7_IRQHandler                  0x08000277   Thumb Code     0  startup_stm32f407xx.o(.text)
    ETH_IRQHandler                           0x08000277   Thumb Code     0  startup_stm32f407xx.o(.text)
    ETH_WKUP_IRQHandler                      0x08000277   Thumb Code     0  startup_stm32f407xx.o(.text)
    EXTI0_IRQHandler                         0x08000277   Thumb Code     0  startup_stm32f407xx.o(.text)
    EXTI1_IRQHandler                         0x08000277   Thumb Code     0  startup_stm32f407xx.o(.text)
    EXTI2_IRQHandler                         0x08000277   Thumb Code     0  startup_stm32f407xx.o(.text)
    FLASH_IRQHandler                         0x08000277   Thumb Code     0  startup_stm32f407xx.o(.text)
    FMC_IRQHandler                           0x08000277   Thumb Code     0  startup_stm32f407xx.o(.text)
    FPU_IRQHandler                           0x08000277   Thumb Code     0  startup_stm32f407xx.o(.text)
    HASH_RNG_IRQHandler                      0x08000277   Thumb Code     0  startup_stm32f407xx.o(.text)
    I2C1_ER_IRQHandler                       0x08000277   Thumb Code     0  startup_stm32f407xx.o(.text)
    I2C1_EV_IRQHandler                       0x08000277   Thumb Code     0  startup_stm32f407xx.o(.text)
    I2C2_ER_IRQHandler                       0x08000277   Thumb Code     0  startup_stm32f407xx.o(.text)
    I2C2_EV_IRQHandler                       0x08000277   Thumb Code     0  startup_stm32f407xx.o(.text)
    I2C3_ER_IRQHandler                       0x08000277   Thumb Code     0  startup_stm32f407xx.o(.text)
    I2C3_EV_IRQHandler                       0x08000277   Thumb Code     0  startup_stm32f407xx.o(.text)
    OTG_FS_IRQHandler                        0x08000277   Thumb Code     0  startup_stm32f407xx.o(.text)
    OTG_FS_WKUP_IRQHandler                   0x08000277   Thumb Code     0  startup_stm32f407xx.o(.text)
    OTG_HS_EP1_IN_IRQHandler                 0x08000277   Thumb Code     0  startup_stm32f407xx.o(.text)
    OTG_HS_EP1_OUT_IRQHandler                0x08000277   Thumb Code     0  startup_stm32f407xx.o(.text)
    OTG_HS_IRQHandler                        0x08000277   Thumb Code     0  startup_stm32f407xx.o(.text)
    OTG_HS_WKUP_IRQHandler                   0x08000277   Thumb Code     0  startup_stm32f407xx.o(.text)
    PVD_IRQHandler                           0x08000277   Thumb Code     0  startup_stm32f407xx.o(.text)
    RCC_IRQHandler                           0x08000277   Thumb Code     0  startup_stm32f407xx.o(.text)
    RTC_Alarm_IRQHandler                     0x08000277   Thumb Code     0  startup_stm32f407xx.o(.text)
    RTC_WKUP_IRQHandler                      0x08000277   Thumb Code     0  startup_stm32f407xx.o(.text)
    SDIO_IRQHandler                          0x08000277   Thumb Code     0  startup_stm32f407xx.o(.text)
    SPI1_IRQHandler                          0x08000277   Thumb Code     0  startup_stm32f407xx.o(.text)
    SPI2_IRQHandler                          0x08000277   Thumb Code     0  startup_stm32f407xx.o(.text)
    SPI3_IRQHandler                          0x08000277   Thumb Code     0  startup_stm32f407xx.o(.text)
    TAMP_STAMP_IRQHandler                    0x08000277   Thumb Code     0  startup_stm32f407xx.o(.text)
    TIM1_BRK_TIM9_IRQHandler                 0x08000277   Thumb Code     0  startup_stm32f407xx.o(.text)
    TIM1_CC_IRQHandler                       0x08000277   Thumb Code     0  startup_stm32f407xx.o(.text)
    TIM1_TRG_COM_TIM11_IRQHandler            0x08000277   Thumb Code     0  startup_stm32f407xx.o(.text)
    TIM1_UP_TIM10_IRQHandler                 0x08000277   Thumb Code     0  startup_stm32f407xx.o(.text)
    TIM2_IRQHandler                          0x08000277   Thumb Code     0  startup_stm32f407xx.o(.text)
    TIM3_IRQHandler                          0x08000277   Thumb Code     0  startup_stm32f407xx.o(.text)
    TIM4_IRQHandler                          0x08000277   Thumb Code     0  startup_stm32f407xx.o(.text)
    TIM5_IRQHandler                          0x08000277   Thumb Code     0  startup_stm32f407xx.o(.text)
    TIM6_DAC_IRQHandler                      0x08000277   Thumb Code     0  startup_stm32f407xx.o(.text)
    TIM8_BRK_TIM12_IRQHandler                0x08000277   Thumb Code     0  startup_stm32f407xx.o(.text)
    TIM8_CC_IRQHandler                       0x08000277   Thumb Code     0  startup_stm32f407xx.o(.text)
    TIM8_TRG_COM_TIM14_IRQHandler            0x08000277   Thumb Code     0  startup_stm32f407xx.o(.text)
    UART4_IRQHandler                         0x08000277   Thumb Code     0  startup_stm32f407xx.o(.text)
    UART5_IRQHandler                         0x08000277   Thumb Code     0  startup_stm32f407xx.o(.text)
    USART3_IRQHandler                        0x08000277   Thumb Code     0  startup_stm32f407xx.o(.text)
    USART6_IRQHandler                        0x08000277   Thumb Code     0  startup_stm32f407xx.o(.text)
    WWDG_IRQHandler                          0x08000277   Thumb Code     0  startup_stm32f407xx.o(.text)
    __aeabi_uldivmod                         0x08000281   Thumb Code    98  uldiv.o(.text)
    __aeabi_ldivmod                          0x080002e3   Thumb Code    98  ldiv.o(.text)
    qsort                                    0x08000345   Thumb Code   156  qsort.o(.text)
    __aeabi_memcpy                           0x080003e1   Thumb Code    36  memcpya.o(.text)
    __aeabi_memcpy4                          0x080003e1   Thumb Code     0  memcpya.o(.text)
    __aeabi_memcpy8                          0x080003e1   Thumb Code     0  memcpya.o(.text)
    __aeabi_memset                           0x08000405   Thumb Code    14  memseta.o(.text)
    __aeabi_memset4                          0x08000405   Thumb Code     0  memseta.o(.text)
    __aeabi_memset8                          0x08000405   Thumb Code     0  memseta.o(.text)
    __aeabi_memclr                           0x08000413   Thumb Code     4  memseta.o(.text)
    __aeabi_memclr4                          0x08000413   Thumb Code     0  memseta.o(.text)
    __aeabi_memclr8                          0x08000413   Thumb Code     0  memseta.o(.text)
    memset                                   0x08000417   Thumb Code    18  memseta.o(.text)
    strlen                                   0x08000429   Thumb Code    14  strlen.o(.text)
    memcmp                                   0x08000437   Thumb Code    26  memcmp.o(.text)
    __aeabi_dadd                             0x08000451   Thumb Code   322  dadd.o(.text)
    __aeabi_dsub                             0x08000593   Thumb Code     6  dadd.o(.text)
    __aeabi_drsub                            0x08000599   Thumb Code     6  dadd.o(.text)
    __aeabi_dmul                             0x0800059f   Thumb Code   228  dmul.o(.text)
    __aeabi_ddiv                             0x08000683   Thumb Code   222  ddiv.o(.text)
    __aeabi_d2iz                             0x08000761   Thumb Code    62  dfixi.o(.text)
    __aeabi_f2d                              0x0800079f   Thumb Code    38  f2d.o(.text)
    __aeabi_d2f                              0x080007c5   Thumb Code    56  d2f.o(.text)
    __aeabi_uidiv                            0x080007fd   Thumb Code     0  uidiv.o(.text)
    __aeabi_uidivmod                         0x080007fd   Thumb Code    44  uidiv.o(.text)
    __aeabi_llsl                             0x08000829   Thumb Code    30  llshl.o(.text)
    _ll_shift_l                              0x08000829   Thumb Code     0  llshl.o(.text)
    __aeabi_llsr                             0x08000847   Thumb Code    32  llushr.o(.text)
    _ll_ushift_r                             0x08000847   Thumb Code     0  llushr.o(.text)
    __aeabi_lasr                             0x08000867   Thumb Code    36  llsshr.o(.text)
    _ll_sshift_r                             0x08000867   Thumb Code     0  llsshr.o(.text)
    __I$use$fp                               0x0800088b   Thumb Code     0  iusefp.o(.text)
    _float_round                             0x0800088b   Thumb Code    18  fepilogue.o(.text)
    _float_epilogue                          0x0800089d   Thumb Code    92  fepilogue.o(.text)
    _double_round                            0x080008f9   Thumb Code    30  depilogue.o(.text)
    _double_epilogue                         0x08000917   Thumb Code   156  depilogue.o(.text)
    __aeabi_d2ulz                            0x080009b3   Thumb Code    48  dfixul.o(.text)
    __aeabi_cdrcmple                         0x080009e5   Thumb Code    48  cdrcmple.o(.text)
    __scatterload                            0x08000a15   Thumb Code    28  init.o(.text)
    __scatterload_rt2                        0x08000a15   Thumb Code     0  init.o(.text)
    _dsqrt                                   0x08000a39   Thumb Code   162  dsqrt.o(.text)
    __decompress                             0x08000adb   Thumb Code     0  __dczerorl2.o(.text)
    __decompress1                            0x08000adb   Thumb Code    86  __dczerorl2.o(.text)
    BSP_Init                                 0x08000b31   Thumb Code   568  bsp.o(i.BSP_Init)
    BusFault_Handler                         0x08000e99   Thumb Code     2  stm32f4xx_it.o(i.BusFault_Handler)
    CmpFloat                                 0x08000e9b   Thumb Code    22  mymath.o(i.CmpFloat)
    DebugMon_Handler                         0x08000eb1   Thumb Code     2  stm32f4xx_it.o(i.DebugMon_Handler)
    DegRange180                              0x08000eb5   Thumb Code    36  mymath.o(i.DegRange180)
    EXTI15_10_IRQHandler                     0x08000ee5   Thumb Code     8  stm32f4xx_it.o(i.EXTI15_10_IRQHandler)
    EXTI3_IRQHandler                         0x08000eed   Thumb Code     6  stm32f4xx_it.o(i.EXTI3_IRQHandler)
    EXTI4_IRQHandler                         0x08000ef3   Thumb Code     6  stm32f4xx_it.o(i.EXTI4_IRQHandler)
    EXTI9_5_IRQHandler                       0x08000ef9   Thumb Code     8  stm32f4xx_it.o(i.EXTI9_5_IRQHandler)
    HAL_DMA_Abort_IT                         0x08000f01   Thumb Code    36  stm32f4xx_hal_dma.o(i.HAL_DMA_Abort_IT)
    HAL_Delay                                0x08000f25   Thumb Code    32  stm32f4xx_hal.o(i.HAL_Delay)
    HAL_GPIO_EXTI_Callback                   0x08000f49   Thumb Code    76  it.o(i.HAL_GPIO_EXTI_Callback)
    HAL_GPIO_EXTI_IRQHandler                 0x08000fa9   Thumb Code    18  stm32f4xx_hal_gpio.o(i.HAL_GPIO_EXTI_IRQHandler)
    HAL_GPIO_Init                            0x08000fc1   Thumb Code   388  stm32f4xx_hal_gpio.o(i.HAL_GPIO_Init)
    HAL_GPIO_ReadPin                         0x08001171   Thumb Code    10  stm32f4xx_hal_gpio.o(i.HAL_GPIO_ReadPin)
    HAL_GPIO_WritePin                        0x0800117b   Thumb Code    10  stm32f4xx_hal_gpio.o(i.HAL_GPIO_WritePin)
    HAL_GetTick                              0x08001185   Thumb Code     6  stm32f4xx_hal.o(i.HAL_GetTick)
    HAL_IncTick                              0x08001191   Thumb Code    12  stm32f4xx_hal.o(i.HAL_IncTick)
    HAL_Init                                 0x080011a1   Thumb Code    48  stm32f4xx_hal.o(i.HAL_Init)
    HAL_InitTick                             0x080011d5   Thumb Code   100  stm32f4xx_hal_timebase_tim.o(i.HAL_InitTick)
    HAL_MspInit                              0x08001249   Thumb Code    52  stm32f4xx_hal_msp.o(i.HAL_MspInit)
    HAL_NVIC_EnableIRQ                       0x08001281   Thumb Code    26  stm32f4xx_hal_cortex.o(i.HAL_NVIC_EnableIRQ)
    HAL_NVIC_SetPriority                     0x0800129d   Thumb Code    60  stm32f4xx_hal_cortex.o(i.HAL_NVIC_SetPriority)
    HAL_NVIC_SetPriorityGrouping             0x080012dd   Thumb Code    26  stm32f4xx_hal_cortex.o(i.HAL_NVIC_SetPriorityGrouping)
    HAL_RCC_ClockConfig                      0x08001301   Thumb Code   286  stm32f4xx_hal_rcc.o(i.HAL_RCC_ClockConfig)
    HAL_RCC_GetClockConfig                   0x08001431   Thumb Code    54  stm32f4xx_hal_rcc.o(i.HAL_RCC_GetClockConfig)
    HAL_RCC_GetPCLK1Freq                     0x08001471   Thumb Code    20  stm32f4xx_hal_rcc.o(i.HAL_RCC_GetPCLK1Freq)
    HAL_RCC_GetPCLK2Freq                     0x08001491   Thumb Code    20  stm32f4xx_hal_rcc.o(i.HAL_RCC_GetPCLK2Freq)
    HAL_RCC_GetSysClockFreq                  0x080014b1   Thumb Code    88  stm32f4xx_hal_rcc.o(i.HAL_RCC_GetSysClockFreq)
    HAL_RCC_OscConfig                        0x08001515   Thumb Code   770  stm32f4xx_hal_rcc.o(i.HAL_RCC_OscConfig)
    HAL_TIMEx_BreakCallback                  0x08001831   Thumb Code     2  stm32f4xx_hal_tim_ex.o(i.HAL_TIMEx_BreakCallback)
    HAL_TIMEx_CommutCallback                 0x08001833   Thumb Code     2  stm32f4xx_hal_tim_ex.o(i.HAL_TIMEx_CommutCallback)
    HAL_TIMEx_ConfigBreakDeadTime            0x08001835   Thumb Code    84  stm32f4xx_hal_tim_ex.o(i.HAL_TIMEx_ConfigBreakDeadTime)
    HAL_TIMEx_MasterConfigSynchronization    0x08001889   Thumb Code    66  stm32f4xx_hal_tim_ex.o(i.HAL_TIMEx_MasterConfigSynchronization)
    HAL_TIM_Base_Init                        0x080018cb   Thumb Code    54  stm32f4xx_hal_tim.o(i.HAL_TIM_Base_Init)
    HAL_TIM_Base_MspInit                     0x08001901   Thumb Code    94  stm32f4xx_hal_msp.o(i.HAL_TIM_Base_MspInit)
    HAL_TIM_Base_Start                       0x08001971   Thumb Code    36  stm32f4xx_hal_tim.o(i.HAL_TIM_Base_Start)
    HAL_TIM_Base_Start_IT                    0x08001995   Thumb Code    34  stm32f4xx_hal_tim.o(i.HAL_TIM_Base_Start_IT)
    HAL_TIM_Base_Stop                        0x080019b7   Thumb Code    44  stm32f4xx_hal_tim.o(i.HAL_TIM_Base_Stop)
    HAL_TIM_Encoder_Init                     0x080019e3   Thumb Code   152  stm32f4xx_hal_tim.o(i.HAL_TIM_Encoder_Init)
    HAL_TIM_Encoder_MspInit                  0x08001a7d   Thumb Code   294  stm32f4xx_hal_msp.o(i.HAL_TIM_Encoder_MspInit)
    HAL_TIM_Encoder_Start                    0x08001bc5   Thumb Code    52  stm32f4xx_hal_tim.o(i.HAL_TIM_Encoder_Start)
    HAL_TIM_IC_CaptureCallback               0x08001bf9   Thumb Code     2  stm32f4xx_hal_tim.o(i.HAL_TIM_IC_CaptureCallback)
    HAL_TIM_IRQHandler                       0x08001bfb   Thumb Code   358  stm32f4xx_hal_tim.o(i.HAL_TIM_IRQHandler)
    HAL_TIM_MspPostInit                      0x08001d61   Thumb Code   154  stm32f4xx_hal_msp.o(i.HAL_TIM_MspPostInit)
    HAL_TIM_OC_DelayElapsedCallback          0x08001e19   Thumb Code     2  stm32f4xx_hal_tim.o(i.HAL_TIM_OC_DelayElapsedCallback)
    HAL_TIM_PWM_ConfigChannel                0x08001e1b   Thumb Code   208  stm32f4xx_hal_tim.o(i.HAL_TIM_PWM_ConfigChannel)
    HAL_TIM_PWM_Init                         0x08001eeb   Thumb Code    54  stm32f4xx_hal_tim.o(i.HAL_TIM_PWM_Init)
    HAL_TIM_PWM_MspInit                      0x08001f21   Thumb Code    98  stm32f4xx_hal_msp.o(i.HAL_TIM_PWM_MspInit)
    HAL_TIM_PWM_PulseFinishedCallback        0x08001f95   Thumb Code     2  stm32f4xx_hal_tim.o(i.HAL_TIM_PWM_PulseFinishedCallback)
    HAL_TIM_PWM_Start                        0x08001f99   Thumb Code    58  stm32f4xx_hal_tim.o(i.HAL_TIM_PWM_Start)
    HAL_TIM_PeriodElapsedCallback            0x08001fdd   Thumb Code    14  main.o(i.HAL_TIM_PeriodElapsedCallback)
    HAL_TIM_TriggerCallback                  0x08001ff1   Thumb Code     2  stm32f4xx_hal_tim.o(i.HAL_TIM_TriggerCallback)
    HAL_UART_ErrorCallback                   0x08001ff3   Thumb Code     2  stm32f4xx_hal_uart.o(i.HAL_UART_ErrorCallback)
    HAL_UART_IRQHandler                      0x08001ff5   Thumb Code   266  stm32f4xx_hal_uart.o(i.HAL_UART_IRQHandler)
    HAL_UART_Init                            0x08002105   Thumb Code    98  stm32f4xx_hal_uart.o(i.HAL_UART_Init)
    HAL_UART_MspInit                         0x08002169   Thumb Code   170  stm32f4xx_hal_msp.o(i.HAL_UART_MspInit)
    HAL_UART_Receive_IT                      0x08002225   Thumb Code    82  stm32f4xx_hal_uart.o(i.HAL_UART_Receive_IT)
    HAL_UART_RxCpltCallback                  0x08002279   Thumb Code    24  comm.o(i.HAL_UART_RxCpltCallback)
    HAL_UART_Transmit                        0x08002299   Thumb Code   186  stm32f4xx_hal_uart.o(i.HAL_UART_Transmit)
    HAL_UART_TxCpltCallback                  0x08002353   Thumb Code     2  stm32f4xx_hal_uart.o(i.HAL_UART_TxCpltCallback)
    HardFault_Handler                        0x08002355   Thumb Code     2  stm32f4xx_it.o(i.HardFault_Handler)
    MPU_Read_Len                             0x08002357   Thumb Code   108  mpu.o(i.MPU_Read_Len)
    MPU_Write_Len                            0x080023c3   Thumb Code    70  mpu.o(i.MPU_Write_Len)
    MemManage_Handler                        0x080028b9   Thumb Code     2  stm32f4xx_it.o(i.MemManage_Handler)
    MotionStateInit                          0x080028bd   Thumb Code    74  motion.o(i.MotionStateInit)
    MotorInit                                0x0800290d   Thumb Code    98  motor.o(i.MotorInit)
    MotorRun                                 0x0800296f   Thumb Code   218  motor.o(i.MotorRun)
    MotorRunToTarget                         0x08002a49   Thumb Code   246  motor.o(i.MotorRunToTarget)
    MotorSpeedMeasure                        0x08002b41   Thumb Code   136  motor.o(i.MotorSpeedMeasure)
    NMI_Handler                              0x08002bf1   Thumb Code     2  stm32f4xx_it.o(i.NMI_Handler)
    PID_Calc                                 0x08002bf3   Thumb Code   306  pid.o(i.PID_Calc)
    PID_Init                                 0x08002d25   Thumb Code    78  pid.o(i.PID_Init)
    RxConfirm                                0x08002d79   Thumb Code   110  comm.o(i.RxConfirm)
    RxDecode                                 0x08002df1   Thumb Code    52  comm.o(i.RxDecode)
    SonarInit                                0x08002e29   Thumb Code    60  ultrasonar.o(i.SonarInit)
    SonarMeasure                             0x08002e65   Thumb Code    98  ultrasonar.o(i.SonarMeasure)
    SonarTrig                                0x08002edd   Thumb Code    52  ultrasonar.o(i.SonarTrig)
    StartDecision                            0x08002f11   Thumb Code   606  main.o(i.StartDecision)
    StartDefaultTask                         0x08003191   Thumb Code     8  main.o(i.StartDefaultTask)
    StartIMUData                             0x08003199   Thumb Code    74  main.o(i.StartIMUData)
    StartOpenmvCom                           0x080031ed   Thumb Code    66  main.o(i.StartOpenmvCom)
    StartStepperControl                      0x08003239   Thumb Code   490  main.o(i.StartStepperControl)
    StartUltraSonar                          0x0800346d   Thumb Code   346  main.o(i.StartUltraSonar)
    StartWheelControl                        0x080035e5   Thumb Code   240  main.o(i.StartWheelControl)
    StartWheelSpeed                          0x08003705   Thumb Code     8  main.o(i.StartWheelSpeed)
    StepperInit                              0x0800370d   Thumb Code    38  stepper.o(i.StepperInit)
    SysTick_Handler                          0x08003739   Thumb Code    38  port.o(i.SysTick_Handler)
    SystemClock_Config                       0x08003765   Thumb Code   124  main.o(i.SystemClock_Config)
    SystemInit                               0x080037e9   Thumb Code    66  system_stm32f4xx.o(i.SystemInit)
    TIM7_IRQHandler                          0x0800383d   Thumb Code   256  stm32f4xx_it.o(i.TIM7_IRQHandler)
    TIM8_UP_TIM13_IRQHandler                 0x08003965   Thumb Code    18  stm32f4xx_it.o(i.TIM8_UP_TIM13_IRQHandler)
    TIM_Base_SetConfig                       0x08003981   Thumb Code   156  stm32f4xx_hal_tim.o(i.TIM_Base_SetConfig)
    TIM_CCxChannelCmd                        0x08003a49   Thumb Code    26  stm32f4xx_hal_tim.o(i.TIM_CCxChannelCmd)
    TIM_OC2_SetConfig                        0x08003ac5   Thumb Code    98  stm32f4xx_hal_tim.o(i.TIM_OC2_SetConfig)
    USART1_IRQHandler                        0x08004021   Thumb Code     6  stm32f4xx_it.o(i.USART1_IRQHandler)
    USART2_IRQHandler                        0x0800402d   Thumb Code     6  stm32f4xx_it.o(i.USART2_IRQHandler)
    UsageFault_Handler                       0x08004039   Thumb Code     2  stm32f4xx_it.o(i.UsageFault_Handler)
    __0printf                                0x0800403d   Thumb Code    22  printfa.o(i.__0printf)
    __1printf                                0x0800403d   Thumb Code     0  printfa.o(i.__0printf)
    __2printf                                0x0800403d   Thumb Code     0  printfa.o(i.__0printf)
    __c89printf                              0x0800403d   Thumb Code     0  printfa.o(i.__0printf)
    printf                                   0x0800403d   Thumb Code     0  printfa.o(i.__0printf)
    __0sprintf                               0x0800405d   Thumb Code    34  printfa.o(i.__0sprintf)
    __1sprintf                               0x0800405d   Thumb Code     0  printfa.o(i.__0sprintf)
    __2sprintf                               0x0800405d   Thumb Code     0  printfa.o(i.__0sprintf)
    __c89sprintf                             0x0800405d   Thumb Code     0  printfa.o(i.__0sprintf)
    sprintf                                  0x0800405d   Thumb Code     0  printfa.o(i.__0sprintf)
    __ARM_fpclassify                         0x08004085   Thumb Code    48  fpclassify.o(i.__ARM_fpclassify)
    __hardfp_asin                            0x080040d9   Thumb Code   770  asin.o(i.__hardfp_asin)
    __hardfp_atan                            0x08004439   Thumb Code   622  atan.o(i.__hardfp_atan)
    __hardfp_atan2                           0x08004711   Thumb Code   432  atan2.o(i.__hardfp_atan2)
    __kernel_poly                            0x08004901   Thumb Code   248  poly.o(i.__kernel_poly)
    __mathlib_dbl_infnan                     0x080049f9   Thumb Code    20  dunder.o(i.__mathlib_dbl_infnan)
    __mathlib_dbl_infnan2                    0x08004a0d   Thumb Code    20  dunder.o(i.__mathlib_dbl_infnan2)
    __mathlib_dbl_invalid                    0x08004a21   Thumb Code    24  dunder.o(i.__mathlib_dbl_invalid)
    __mathlib_dbl_underflow                  0x08004a41   Thumb Code    24  dunder.o(i.__mathlib_dbl_underflow)
    __scatterload_copy                       0x08004a61   Thumb Code    14  handlers.o(i.__scatterload_copy)
    __scatterload_null                       0x08004a6f   Thumb Code     2  handlers.o(i.__scatterload_null)
    __scatterload_zeroinit                   0x08004a71   Thumb Code    14  handlers.o(i.__scatterload_zeroinit)
    __set_errno                              0x08004a81   Thumb Code     6  errno.o(i.__set_errno)
    atan                                     0x080053d9   Thumb Code    16  atan.o(i.atan)
    dmp_enable_6x_lp_quat                    0x080053e9   Thumb Code    58  inv_mpu_dmp_motion_driver.o(i.dmp_enable_6x_lp_quat)
    dmp_enable_feature                       0x08005425   Thumb Code   464  inv_mpu_dmp_motion_driver.o(i.dmp_enable_feature)
    dmp_enable_gyro_cal                      0x080055fd   Thumb Code    34  inv_mpu_dmp_motion_driver.o(i.dmp_enable_gyro_cal)
    dmp_enable_lp_quat                       0x08005639   Thumb Code    58  inv_mpu_dmp_motion_driver.o(i.dmp_enable_lp_quat)
    dmp_load_motion_driver_firmware          0x08005675   Thumb Code    16  inv_mpu_dmp_motion_driver.o(i.dmp_load_motion_driver_firmware)
    dmp_read_fifo                            0x08005689   Thumb Code   324  inv_mpu_dmp_motion_driver.o(i.dmp_read_fifo)
    dmp_set_accel_bias                       0x080057d1   Thumb Code   210  inv_mpu_dmp_motion_driver.o(i.dmp_set_accel_bias)
    dmp_set_fifo_rate                        0x080058a9   Thumb Code    82  inv_mpu_dmp_motion_driver.o(i.dmp_set_fifo_rate)
    dmp_set_gyro_bias                        0x0800590d   Thumb Code   196  inv_mpu_dmp_motion_driver.o(i.dmp_set_gyro_bias)
    dmp_set_orientation                      0x080059d9   Thumb Code   246  inv_mpu_dmp_motion_driver.o(i.dmp_set_orientation)
    dmp_set_shake_reject_thresh              0x08005ae5   Thumb Code    48  inv_mpu_dmp_motion_driver.o(i.dmp_set_shake_reject_thresh)
    dmp_set_shake_reject_time                0x08005b15   Thumb Code    32  inv_mpu_dmp_motion_driver.o(i.dmp_set_shake_reject_time)
    dmp_set_shake_reject_timeout             0x08005b35   Thumb Code    32  inv_mpu_dmp_motion_driver.o(i.dmp_set_shake_reject_timeout)
    dmp_set_tap_axes                         0x08005b55   Thumb Code    64  inv_mpu_dmp_motion_driver.o(i.dmp_set_tap_axes)
    dmp_set_tap_count                        0x08005b95   Thumb Code    34  inv_mpu_dmp_motion_driver.o(i.dmp_set_tap_count)
    dmp_set_tap_thresh                       0x08005bb9   Thumb Code   314  inv_mpu_dmp_motion_driver.o(i.dmp_set_tap_thresh)
    dmp_set_tap_time                         0x08005d19   Thumb Code    32  inv_mpu_dmp_motion_driver.o(i.dmp_set_tap_time)
    dmp_set_tap_time_multi                   0x08005d39   Thumb Code    32  inv_mpu_dmp_motion_driver.o(i.dmp_set_tap_time_multi)
    fabs                                     0x08005d59   Thumb Code    24  fabs.o(i.fabs)
    fputc                                    0x08005d71   Thumb Code    22  debug.o(i.fputc)
    gen_delay_us                             0x08005d8d   Thumb Code    44  delay.o(i.gen_delay_us)
    i2c_Ack                                  0x08006259   Thumb Code    44  i2c.o(i.i2c_Ack)
    i2c_NAck                                 0x08006289   Thumb Code    38  i2c.o(i.i2c_NAck)
    i2c_ReadByte                             0x080062b5   Thumb Code    70  i2c.o(i.i2c_ReadByte)
    i2c_SendByte                             0x08006301   Thumb Code    84  i2c.o(i.i2c_SendByte)
    i2c_Start                                0x08006359   Thumb Code    46  i2c.o(i.i2c_Start)
    i2c_Stop                                 0x0800638d   Thumb Code    34  i2c.o(i.i2c_Stop)
    i2c_WaitAck                              0x080063b5   Thumb Code    50  i2c.o(i.i2c_WaitAck)
    inv_orientation_matrix_to_scalar         0x080063ed   Thumb Code    34  inv_mpu.o(i.inv_orientation_matrix_to_scalar)
    inv_row_2_scale                          0x0800640f   Thumb Code    72  inv_mpu.o(i.inv_row_2_scale)
    main                                     0x08006459   Thumb Code   416  main.o(i.main)
    malloc                                   0x0800663d   Thumb Code    92  malloc.o(i.malloc)
    mget_ms                                  0x080066a9   Thumb Code     2  inv_mpu.o(i.mget_ms)
    mpu_configure_fifo                       0x080066ad   Thumb Code    78  inv_mpu.o(i.mpu_configure_fifo)
    mpu_dmp_get_data                         0x08006701   Thumb Code   344  inv_mpu.o(i.mpu_dmp_get_data)
    mpu_dmp_init                             0x08006865   Thumb Code   154  inv_mpu.o(i.mpu_dmp_init)
    mpu_get_accel_fsr                        0x08006905   Thumb Code    54  inv_mpu.o(i.mpu_get_accel_fsr)
    mpu_get_accel_sens                       0x08006941   Thumb Code    62  inv_mpu.o(i.mpu_get_accel_sens)
    mpu_get_gyro_fsr                         0x08006985   Thumb Code    48  inv_mpu.o(i.mpu_get_gyro_fsr)
    mpu_get_gyro_sens                        0x080069b9   Thumb Code    54  inv_mpu.o(i.mpu_get_gyro_sens)
    mpu_get_lpf                              0x08006a05   Thumb Code    52  inv_mpu.o(i.mpu_get_lpf)
    mpu_get_sample_rate                      0x08006a3d   Thumb Code    22  inv_mpu.o(i.mpu_get_sample_rate)
    mpu_init                                 0x08006a59   Thumb Code   310  inv_mpu.o(i.mpu_init)
    mpu_load_firmware                        0x08006be1   Thumb Code   154  inv_mpu.o(i.mpu_load_firmware)
    mpu_lp_accel_mode                        0x08006c81   Thumb Code   178  inv_mpu.o(i.mpu_lp_accel_mode)
    mpu_read_fifo_stream                     0x08006d39   Thumb Code   140  inv_mpu.o(i.mpu_read_fifo_stream)
    mpu_read_mem                             0x08006dc9   Thumb Code    80  inv_mpu.o(i.mpu_read_mem)
    mpu_reset_fifo                           0x08006e1d   Thumb Code   346  inv_mpu.o(i.mpu_reset_fifo)
    mpu_run_self_test                        0x08006f7d   Thumb Code   234  inv_mpu.o(i.mpu_run_self_test)
    mpu_set_accel_fsr                        0x0800706d   Thumb Code    98  inv_mpu.o(i.mpu_set_accel_fsr)
    mpu_set_bypass                           0x080070d5   Thumb Code   214  inv_mpu.o(i.mpu_set_bypass)
    mpu_set_dmp_state                        0x080071b1   Thumb Code   114  inv_mpu.o(i.mpu_set_dmp_state)
    mpu_set_gyro_fsr                         0x08007229   Thumb Code   104  inv_mpu.o(i.mpu_set_gyro_fsr)
    mpu_set_int_latched                      0x08007295   Thumb Code    94  inv_mpu.o(i.mpu_set_int_latched)
    mpu_set_lpf                              0x080072f9   Thumb Code   102  inv_mpu.o(i.mpu_set_lpf)
    mpu_set_sample_rate                      0x08007365   Thumb Code   124  inv_mpu.o(i.mpu_set_sample_rate)
    mpu_set_sensors                          0x080073e5   Thumb Code   178  inv_mpu.o(i.mpu_set_sensors)
    mpu_write_mem                            0x0800749d   Thumb Code    80  inv_mpu.o(i.mpu_write_mem)
    osDelay                                  0x080074f1   Thumb Code    46  cmsis_os2.o(i.osDelay)
    osKernelInitialize                       0x08007525   Thumb Code    50  cmsis_os2.o(i.osKernelInitialize)
    osKernelStart                            0x0800755d   Thumb Code    58  cmsis_os2.o(i.osKernelStart)
    osThreadNew                              0x0800759d   Thumb Code   160  cmsis_os2.o(i.osThreadNew)
    pvPortMalloc                             0x08007d85   Thumb Code   210  heap_4.o(i.pvPortMalloc)
    pxPortInitialiseStack                    0x08007e5d   Thumb Code    40  port.o(i.pxPortInitialiseStack)
    run_self_test                            0x08007e89   Thumb Code   136  inv_mpu.o(i.run_self_test)
    sqrt                                     0x08007f69   Thumb Code   110  sqrt.o(i.sqrt)
    uxListRemove                             0x08007fd7   Thumb Code    38  list.o(i.uxListRemove)
    vApplicationGetIdleTaskMemory            0x08007ffd   Thumb Code    16  cmsis_os2.o(i.vApplicationGetIdleTaskMemory)
    vApplicationGetTimerTaskMemory           0x08008011   Thumb Code    18  cmsis_os2.o(i.vApplicationGetTimerTaskMemory)
    vListInitialise                          0x08008029   Thumb Code    22  list.o(i.vListInitialise)
    vListInitialiseItem                      0x0800803f   Thumb Code     6  list.o(i.vListInitialiseItem)
    vListInsert                              0x08008045   Thumb Code    48  list.o(i.vListInsert)
    vListInsertEnd                           0x08008075   Thumb Code    24  list.o(i.vListInsertEnd)
    vPortEnterCritical                       0x0800808d   Thumb Code    54  port.o(i.vPortEnterCritical)
    vPortExitCritical                        0x080080cd   Thumb Code    34  port.o(i.vPortExitCritical)
    vPortFree                                0x080080f5   Thumb Code    88  heap_4.o(i.vPortFree)
    vPortSetupTimerInterrupt                 0x08008151   Thumb Code    32  port.o(i.vPortSetupTimerInterrupt)
    vPortValidateInterruptPriority           0x08008175   Thumb Code    74  port.o(i.vPortValidateInterruptPriority)
    vQueueAddToRegistry                      0x080081c9   Thumb Code    34  queue.o(i.vQueueAddToRegistry)
    vQueueWaitForMessageRestricted           0x080081f1   Thumb Code    68  queue.o(i.vQueueWaitForMessageRestricted)
    vTaskDelay                               0x08008235   Thumb Code    66  tasks.o(i.vTaskDelay)
    vTaskInternalSetTimeOutState             0x08008281   Thumb Code    12  tasks.o(i.vTaskInternalSetTimeOutState)
    vTaskMissedYield                         0x08008291   Thumb Code     8  tasks.o(i.vTaskMissedYield)
    vTaskPlaceOnEventList                    0x0800829d   Thumb Code    44  tasks.o(i.vTaskPlaceOnEventList)
    vTaskPlaceOnEventListRestricted          0x080082cd   Thumb Code    52  tasks.o(i.vTaskPlaceOnEventListRestricted)
    vTaskStartScheduler                      0x08008305   Thumb Code   118  tasks.o(i.vTaskStartScheduler)
    vTaskSuspendAll                          0x0800838d   Thumb Code    10  tasks.o(i.vTaskSuspendAll)
    vTaskSwitchContext                       0x0800839d   Thumb Code    90  tasks.o(i.vTaskSwitchContext)
    xPortStartScheduler                      0x08008401   Thumb Code   222  port.o(i.xPortStartScheduler)
    xQueueGenericCreateStatic                0x080084f5   Thumb Code   102  queue.o(i.xQueueGenericCreateStatic)
    xQueueGenericReset                       0x0800855d   Thumb Code   132  queue.o(i.xQueueGenericReset)
    xQueueGenericSend                        0x080085e5   Thumb Code   346  queue.o(i.xQueueGenericSend)
    xQueueGenericSendFromISR                 0x08008745   Thumb Code   188  queue.o(i.xQueueGenericSendFromISR)
    xQueueReceive                            0x08008801   Thumb Code   308  queue.o(i.xQueueReceive)
    xTaskCheckForTimeOut                     0x08008939   Thumb Code   112  tasks.o(i.xTaskCheckForTimeOut)
    xTaskCreate                              0x080089ad   Thumb Code    90  tasks.o(i.xTaskCreate)
    xTaskCreateStatic                        0x08008a07   Thumb Code    86  tasks.o(i.xTaskCreateStatic)
    xTaskGetSchedulerState                   0x08008a5d   Thumb Code    22  tasks.o(i.xTaskGetSchedulerState)
    xTaskGetTickCount                        0x08008a79   Thumb Code     6  tasks.o(i.xTaskGetTickCount)
    xTaskIncrementTick                       0x08008a85   Thumb Code   190  tasks.o(i.xTaskIncrementTick)
    xTaskPriorityDisinherit                  0x08008b4d   Thumb Code   118  tasks.o(i.xTaskPriorityDisinherit)
    xTaskRemoveFromEventList                 0x08008bcd   Thumb Code    98  tasks.o(i.xTaskRemoveFromEventList)
    xTaskResumeAll                           0x08008c3d   Thumb Code   182  tasks.o(i.xTaskResumeAll)
    xTimerCreateTimerTask                    0x08008d01   Thumb Code    78  timers.o(i.xTimerCreateTimerTask)
    xTimerGenericCommand                     0x08008d61   Thumb Code    98  timers.o(i.xTimerGenericCommand)
    AHBPrescTable                            0x08008f38   Data          16  system_stm32f4xx.o(.constdata)
    APBPrescTable                            0x08008f48   Data           8  system_stm32f4xx.o(.constdata)
    reg                                      0x08008f50   Data          27  inv_mpu.o(.constdata)
    hw                                       0x08008f6c   Data          12  inv_mpu.o(.constdata)
    test                                     0x08008f78   Data          40  inv_mpu.o(.constdata)
    __mathlib_zero                           0x08009c80   Data           8  qnan.o(.constdata)
    Region$$Table$$Base                      0x08009d40   Number         0  anon$$obj.o(Region$$Table)
    Region$$Table$$Limit                     0x08009d60   Number         0  anon$$obj.o(Region$$Table)
    vx                                       0x20000000   Data           4  main.o(.data)
    vy                                       0x20000004   Data           4  main.o(.data)
    omega                                    0x20000008   Data           4  main.o(.data)
    yaw_target                               0x2000000c   Data           4  main.o(.data)
    L                                        0x20000010   Data           4  main.o(.data)
    R                                        0x20000014   Data           4  main.o(.data)
    endFlag                                  0x20000018   Data           4  main.o(.data)
    defaultTaskHandle                        0x2000001c   Data           4  main.o(.data)
    IMUDataHandle                            0x20000020   Data           4  main.o(.data)
    wheelControlHandle                       0x20000024   Data           4  main.o(.data)
    wheelSpeedHandle                         0x20000028   Data           4  main.o(.data)
    moveDecisionHandle                       0x2000002c   Data           4  main.o(.data)
    stepperControlHandle                     0x20000030   Data           4  main.o(.data)
    ultraSonarHandle                         0x20000034   Data           4  main.o(.data)
    openmvComHandle                          0x20000038   Data           4  main.o(.data)
    pwmLF                                    0x2000003c   Data           4  stm32f4xx_it.o(.data)
    pwmLB                                    0x20000040   Data           4  stm32f4xx_it.o(.data)
    pwmRF                                    0x20000044   Data           4  stm32f4xx_it.o(.data)
    pwmRB                                    0x20000048   Data           4  stm32f4xx_it.o(.data)
    uwTickFreq                               0x2000004c   Data           1  stm32f4xx_hal.o(.data)
    uwTickPrio                               0x20000050   Data           4  stm32f4xx_hal.o(.data)
    uwTick                                   0x20000054   Data           4  stm32f4xx_hal.o(.data)
    SystemCoreClock                          0x20000058   Data           4  system_stm32f4xx.o(.data)
    pxCurrentTCB                             0x2000005c   Data           4  tasks.o(.data)
    FrontBuffer                              0x200000d4   Data           1  bsp.o(.data)
    myRob                                    0x200000d8   Data           4  bsp.o(.data)
    motorLF                                  0x200000dc   Data           4  bsp.o(.data)
    motorLB                                  0x200000e0   Data           4  bsp.o(.data)
    motorRF                                  0x200000e4   Data           4  bsp.o(.data)
    motorRB                                  0x200000e8   Data           4  bsp.o(.data)
    stepperFront                             0x200000ec   Data           4  bsp.o(.data)
    sonarF                                   0x200000f0   Data           4  bsp.o(.data)
    sonarB                                   0x200000f4   Data           4  bsp.o(.data)
    sonarL                                   0x200000f8   Data           4  bsp.o(.data)
    sonarR                                   0x200000fc   Data           4  bsp.o(.data)
    LF_PID                                   0x20000100   Data           4  bsp.o(.data)
    LB_PID                                   0x20000104   Data           4  bsp.o(.data)
    RF_PID                                   0x20000108   Data           4  bsp.o(.data)
    RB_PID                                   0x2000010c   Data           4  bsp.o(.data)
    RxData                                   0x20000110   Data           4  bsp.o(.data)
    __stdout                                 0x20000114   Data           4  debug.o(.data)
    UART1_Rx_Cnt                             0x20000150   Data           1  comm.o(.data)
    state                                    0x20000154   Data           4  comm.o(.data)
    __microlib_freelist                      0x20000158   Data           4  mvars.o(.data)
    __microlib_freelist_initialised          0x2000015c   Data           4  mvars.o(.data)
    htim1                                    0x20000164   Data          64  main.o(.bss)
    htim2                                    0x200001a4   Data          64  main.o(.bss)
    htim3                                    0x200001e4   Data          64  main.o(.bss)
    htim4                                    0x20000224   Data          64  main.o(.bss)
    htim6                                    0x20000264   Data          64  main.o(.bss)
    htim7                                    0x200002a4   Data          64  main.o(.bss)
    htim8                                    0x200002e4   Data          64  main.o(.bss)
    htim9                                    0x20000324   Data          64  main.o(.bss)
    htim12                                   0x20000364   Data          64  main.o(.bss)
    htim14                                   0x200003a4   Data          64  main.o(.bss)
    huart1                                   0x200003e4   Data          64  main.o(.bss)
    huart2                                   0x20000424   Data          64  main.o(.bss)
    htim13                                   0x20000464   Data          64  stm32f4xx_hal_timebase_tim.o(.bss)
    xQueueRegistry                           0x200004a4   Data          64  queue.o(.bss)
    UART1_RxBuff                             0x20008988   Data         128  comm.o(.bss)
    __heap_base                              0x20008a08   Data           0  startup_stm32f407xx.o(HEAP)
    __heap_limit                             0x20008c08   Data           0  startup_stm32f407xx.o(HEAP)
    __initial_sp                             0x20009008   Data           0  startup_stm32f407xx.o(STACK)



==============================================================================

Memory Map of the image

  Image Entry point : 0x08000189

  Load Region LR_IROM1 (Base: 0x08000000, Size: 0x00009ec4, Max: 0x00100000, ABSOLUTE, COMPRESSED[0x00009d88])

    Execution Region ER_IROM1 (Base: 0x08000000, Size: 0x00009d60, Max: 0x00100000, ABSOLUTE)

    Base Addr    Size         Type   Attr      Idx    E Section Name        Object

    0x08000000   0x00000188   Data   RO            3    RESET               startup_stm32f407xx.o
    0x08000188   0x00000000   Code   RO         5930  * .ARM.Collect$$$$00000000  mc_w.l(entry.o)
    0x08000188   0x00000004   Code   RO         6305    .ARM.Collect$$$$00000001  mc_w.l(entry2.o)
    0x0800018c   0x00000004   Code   RO         6308    .ARM.Collect$$$$00000004  mc_w.l(entry5.o)
    0x08000190   0x00000000   Code   RO         6310    .ARM.Collect$$$$00000008  mc_w.l(entry7b.o)
    0x08000190   0x00000000   Code   RO         6312    .ARM.Collect$$$$0000000A  mc_w.l(entry8b.o)
    0x08000190   0x00000008   Code   RO         6313    .ARM.Collect$$$$0000000B  mc_w.l(entry9a.o)
    0x08000198   0x00000000   Code   RO         6315    .ARM.Collect$$$$0000000D  mc_w.l(entry10a.o)
    0x08000198   0x00000000   Code   RO         6317    .ARM.Collect$$$$0000000F  mc_w.l(entry11a.o)
    0x08000198   0x00000004   Code   RO         6306    .ARM.Collect$$$$00002712  mc_w.l(entry2.o)
    0x0800019c   0x000000be   Code   RO         4607    .emb_text           port.o
    0x0800025a   0x00000002   PAD
    0x0800025c   0x00000024   Code   RO            4    .text               startup_stm32f407xx.o
    0x08000280   0x00000062   Code   RO         5933    .text               mc_w.l(uldiv.o)
    0x080002e2   0x00000062   Code   RO         5935    .text               mc_w.l(ldiv.o)
    0x08000344   0x0000009c   Code   RO         5937    .text               mc_w.l(qsort.o)
    0x080003e0   0x00000024   Code   RO         5939    .text               mc_w.l(memcpya.o)
    0x08000404   0x00000024   Code   RO         5943    .text               mc_w.l(memseta.o)
    0x08000428   0x0000000e   Code   RO         5945    .text               mc_w.l(strlen.o)
    0x08000436   0x0000001a   Code   RO         5947    .text               mc_w.l(memcmp.o)
    0x08000450   0x0000014e   Code   RO         6240    .text               mf_w.l(dadd.o)
    0x0800059e   0x000000e4   Code   RO         6242    .text               mf_w.l(dmul.o)
    0x08000682   0x000000de   Code   RO         6244    .text               mf_w.l(ddiv.o)
    0x08000760   0x0000003e   Code   RO         6248    .text               mf_w.l(dfixi.o)
    0x0800079e   0x00000026   Code   RO         6250    .text               mf_w.l(f2d.o)
    0x080007c4   0x00000038   Code   RO         6252    .text               mf_w.l(d2f.o)
    0x080007fc   0x0000002c   Code   RO         6319    .text               mc_w.l(uidiv.o)
    0x08000828   0x0000001e   Code   RO         6321    .text               mc_w.l(llshl.o)
    0x08000846   0x00000020   Code   RO         6323    .text               mc_w.l(llushr.o)
    0x08000866   0x00000024   Code   RO         6325    .text               mc_w.l(llsshr.o)
    0x0800088a   0x00000000   Code   RO         6336    .text               mc_w.l(iusefp.o)
    0x0800088a   0x0000006e   Code   RO         6337    .text               mf_w.l(fepilogue.o)
    0x080008f8   0x000000ba   Code   RO         6339    .text               mf_w.l(depilogue.o)
    0x080009b2   0x00000030   Code   RO         6343    .text               mf_w.l(dfixul.o)
    0x080009e2   0x00000002   PAD
    0x080009e4   0x00000030   Code   RO         6345    .text               mf_w.l(cdrcmple.o)
    0x08000a14   0x00000024   Code   RO         6347    .text               mc_w.l(init.o)
    0x08000a38   0x000000a2   Code   RO         6349    .text               mf_w.l(dsqrt.o)
    0x08000ada   0x00000056   Code   RO         6361    .text               mc_w.l(__dczerorl2.o)
    0x08000b30   0x00000368   Code   RO         4687    i.BSP_Init          bsp.o
    0x08000e98   0x00000002   Code   RO          366    i.BusFault_Handler  stm32f4xx_it.o
    0x08000e9a   0x00000016   Code   RO         5874    i.CmpFloat          mymath.o
    0x08000eb0   0x00000002   Code   RO          367    i.DebugMon_Handler  stm32f4xx_it.o
    0x08000eb2   0x00000002   PAD
    0x08000eb4   0x00000030   Code   RO         5875    i.DegRange180       mymath.o
    0x08000ee4   0x00000008   Code   RO          368    i.EXTI15_10_IRQHandler  stm32f4xx_it.o
    0x08000eec   0x00000006   Code   RO          369    i.EXTI3_IRQHandler  stm32f4xx_it.o
    0x08000ef2   0x00000006   Code   RO          370    i.EXTI4_IRQHandler  stm32f4xx_it.o
    0x08000ef8   0x00000008   Code   RO          371    i.EXTI9_5_IRQHandler  stm32f4xx_it.o
    0x08000f00   0x00000024   Code   RO         1110    i.HAL_DMA_Abort_IT  stm32f4xx_hal_dma.o
    0x08000f24   0x00000024   Code   RO         1528    i.HAL_Delay         stm32f4xx_hal.o
    0x08000f48   0x00000060   Code   RO         5311    i.HAL_GPIO_EXTI_Callback  it.o
    0x08000fa8   0x00000018   Code   RO         1001    i.HAL_GPIO_EXTI_IRQHandler  stm32f4xx_hal_gpio.o
    0x08000fc0   0x000001b0   Code   RO         1002    i.HAL_GPIO_Init     stm32f4xx_hal_gpio.o
    0x08001170   0x0000000a   Code   RO         1004    i.HAL_GPIO_ReadPin  stm32f4xx_hal_gpio.o
    0x0800117a   0x0000000a   Code   RO         1006    i.HAL_GPIO_WritePin  stm32f4xx_hal_gpio.o
    0x08001184   0x0000000c   Code   RO         1534    i.HAL_GetTick       stm32f4xx_hal.o
    0x08001190   0x00000010   Code   RO         1540    i.HAL_IncTick       stm32f4xx_hal.o
    0x080011a0   0x00000034   Code   RO         1541    i.HAL_Init          stm32f4xx_hal.o
    0x080011d4   0x00000074   Code   RO          554    i.HAL_InitTick      stm32f4xx_hal_timebase_tim.o
    0x08001248   0x00000038   Code   RO          476    i.HAL_MspInit       stm32f4xx_hal_msp.o
    0x08001280   0x0000001a   Code   RO         1391    i.HAL_NVIC_EnableIRQ  stm32f4xx_hal_cortex.o
    0x0800129a   0x00000002   PAD
    0x0800129c   0x00000040   Code   RO         1397    i.HAL_NVIC_SetPriority  stm32f4xx_hal_cortex.o
    0x080012dc   0x00000024   Code   RO         1398    i.HAL_NVIC_SetPriorityGrouping  stm32f4xx_hal_cortex.o
    0x08001300   0x00000130   Code   RO          648    i.HAL_RCC_ClockConfig  stm32f4xx_hal_rcc.o
    0x08001430   0x00000040   Code   RO          652    i.HAL_RCC_GetClockConfig  stm32f4xx_hal_rcc.o
    0x08001470   0x00000020   Code   RO          655    i.HAL_RCC_GetPCLK1Freq  stm32f4xx_hal_rcc.o
    0x08001490   0x00000020   Code   RO          656    i.HAL_RCC_GetPCLK2Freq  stm32f4xx_hal_rcc.o
    0x080014b0   0x00000064   Code   RO          657    i.HAL_RCC_GetSysClockFreq  stm32f4xx_hal_rcc.o
    0x08001514   0x0000031c   Code   RO          660    i.HAL_RCC_OscConfig  stm32f4xx_hal_rcc.o
    0x08001830   0x00000002   Code   RO         2453    i.HAL_TIMEx_BreakCallback  stm32f4xx_hal_tim_ex.o
    0x08001832   0x00000002   Code   RO         2454    i.HAL_TIMEx_CommutCallback  stm32f4xx_hal_tim_ex.o
    0x08001834   0x00000054   Code   RO         2456    i.HAL_TIMEx_ConfigBreakDeadTime  stm32f4xx_hal_tim_ex.o
    0x08001888   0x00000042   Code   RO         2471    i.HAL_TIMEx_MasterConfigSynchronization  stm32f4xx_hal_tim_ex.o
    0x080018ca   0x00000036   Code   RO         1778    i.HAL_TIM_Base_Init  stm32f4xx_hal_tim.o
    0x08001900   0x00000070   Code   RO          478    i.HAL_TIM_Base_MspInit  stm32f4xx_hal_msp.o
    0x08001970   0x00000024   Code   RO         1781    i.HAL_TIM_Base_Start  stm32f4xx_hal_tim.o
    0x08001994   0x00000022   Code   RO         1783    i.HAL_TIM_Base_Start_IT  stm32f4xx_hal_tim.o
    0x080019b6   0x0000002c   Code   RO         1784    i.HAL_TIM_Base_Stop  stm32f4xx_hal_tim.o
    0x080019e2   0x00000098   Code   RO         1796    i.HAL_TIM_Encoder_Init  stm32f4xx_hal_tim.o
    0x08001a7a   0x00000002   PAD
    0x08001a7c   0x00000148   Code   RO          480    i.HAL_TIM_Encoder_MspInit  stm32f4xx_hal_msp.o
    0x08001bc4   0x00000034   Code   RO         1799    i.HAL_TIM_Encoder_Start  stm32f4xx_hal_tim.o
    0x08001bf8   0x00000002   Code   RO         1807    i.HAL_TIM_IC_CaptureCallback  stm32f4xx_hal_tim.o
    0x08001bfa   0x00000166   Code   RO         1821    i.HAL_TIM_IRQHandler  stm32f4xx_hal_tim.o
    0x08001d60   0x000000b8   Code   RO          481    i.HAL_TIM_MspPostInit  stm32f4xx_hal_msp.o
    0x08001e18   0x00000002   Code   RO         1824    i.HAL_TIM_OC_DelayElapsedCallback  stm32f4xx_hal_tim.o
    0x08001e1a   0x000000d0   Code   RO         1845    i.HAL_TIM_PWM_ConfigChannel  stm32f4xx_hal_tim.o
    0x08001eea   0x00000036   Code   RO         1848    i.HAL_TIM_PWM_Init  stm32f4xx_hal_tim.o
    0x08001f20   0x00000074   Code   RO          483    i.HAL_TIM_PWM_MspInit  stm32f4xx_hal_msp.o
    0x08001f94   0x00000002   Code   RO         1851    i.HAL_TIM_PWM_PulseFinishedCallback  stm32f4xx_hal_tim.o
    0x08001f96   0x00000002   PAD
    0x08001f98   0x00000044   Code   RO         1853    i.HAL_TIM_PWM_Start  stm32f4xx_hal_tim.o
    0x08001fdc   0x00000014   Code   RO           14    i.HAL_TIM_PeriodElapsedCallback  main.o
    0x08001ff0   0x00000002   Code   RO         1864    i.HAL_TIM_TriggerCallback  stm32f4xx_hal_tim.o
    0x08001ff2   0x00000002   Code   RO         2725    i.HAL_UART_ErrorCallback  stm32f4xx_hal_uart.o
    0x08001ff4   0x00000110   Code   RO         2728    i.HAL_UART_IRQHandler  stm32f4xx_hal_uart.o
    0x08002104   0x00000062   Code   RO         2729    i.HAL_UART_Init     stm32f4xx_hal_uart.o
    0x08002166   0x00000002   PAD
    0x08002168   0x000000bc   Code   RO          485    i.HAL_UART_MspInit  stm32f4xx_hal_msp.o
    0x08002224   0x00000052   Code   RO         2734    i.HAL_UART_Receive_IT  stm32f4xx_hal_uart.o
    0x08002276   0x00000002   PAD
    0x08002278   0x00000020   Code   RO         5785    i.HAL_UART_RxCpltCallback  comm.o
    0x08002298   0x000000ba   Code   RO         2737    i.HAL_UART_Transmit  stm32f4xx_hal_uart.o
    0x08002352   0x00000002   Code   RO         2740    i.HAL_UART_TxCpltCallback  stm32f4xx_hal_uart.o
    0x08002354   0x00000002   Code   RO          372    i.HardFault_Handler  stm32f4xx_it.o
    0x08002356   0x0000006c   Code   RO         5404    i.MPU_Read_Len      mpu.o
    0x080023c2   0x00000046   Code   RO         5410    i.MPU_Write_Len     mpu.o
    0x08002408   0x000001dc   Code   RO           15    i.MX_GPIO_Init      main.o
    0x080025e4   0x0000005c   Code   RO           16    i.MX_TIM12_Init     main.o
    0x08002640   0x00000060   Code   RO           17    i.MX_TIM1_Init      main.o
    0x080026a0   0x0000005c   Code   RO           18    i.MX_TIM2_Init      main.o
    0x080026fc   0x0000005c   Code   RO           19    i.MX_TIM3_Init      main.o
    0x08002758   0x0000005c   Code   RO           20    i.MX_TIM4_Init      main.o
    0x080027b4   0x000000a8   Code   RO           21    i.MX_TIM8_Init      main.o
    0x0800285c   0x0000005c   Code   RO           22    i.MX_TIM9_Init      main.o
    0x080028b8   0x00000002   Code   RO          373    i.MemManage_Handler  stm32f4xx_it.o
    0x080028ba   0x00000002   PAD
    0x080028bc   0x00000050   Code   RO         5337    i.MotionStateInit   motion.o
    0x0800290c   0x00000062   Code   RO         5357    i.MotorInit         motor.o
    0x0800296e   0x000000da   Code   RO         5358    i.MotorRun          motor.o
    0x08002a48   0x000000f6   Code   RO         5359    i.MotorRunToTarget  motor.o
    0x08002b3e   0x00000002   PAD
    0x08002b40   0x000000b0   Code   RO         5360    i.MotorSpeedMeasure  motor.o
    0x08002bf0   0x00000002   Code   RO          374    i.NMI_Handler       stm32f4xx_it.o
    0x08002bf2   0x00000132   Code   RO         5614    i.PID_Calc          pid.o
    0x08002d24   0x00000054   Code   RO         5615    i.PID_Init          pid.o
    0x08002d78   0x00000078   Code   RO         5786    i.RxConfirm         comm.o
    0x08002df0   0x00000038   Code   RO         5787    i.RxDecode          comm.o
    0x08002e28   0x0000003c   Code   RO         5749    i.SonarInit         ultrasonar.o
    0x08002e64   0x00000078   Code   RO         5750    i.SonarMeasure      ultrasonar.o
    0x08002edc   0x00000034   Code   RO         5751    i.SonarTrig         ultrasonar.o
    0x08002f10   0x00000280   Code   RO           23    i.StartDecision     main.o
    0x08003190   0x00000008   Code   RO           24    i.StartDefaultTask  main.o
    0x08003198   0x00000054   Code   RO           25    i.StartIMUData      main.o
    0x080031ec   0x0000004c   Code   RO           26    i.StartOpenmvCom    main.o
    0x08003238   0x00000234   Code   RO           27    i.StartStepperControl  main.o
    0x0800346c   0x00000178   Code   RO           28    i.StartUltraSonar   main.o
    0x080035e4   0x00000120   Code   RO           29    i.StartWheelControl  main.o
    0x08003704   0x00000008   Code   RO           30    i.StartWheelSpeed   main.o
    0x0800370c   0x0000002c   Code   RO         5836    i.StepperInit       stepper.o
    0x08003738   0x0000002c   Code   RO         4608    i.SysTick_Handler   port.o
    0x08003764   0x00000084   Code   RO           31    i.SystemClock_Config  main.o
    0x080037e8   0x00000054   Code   RO         3031    i.SystemInit        system_stm32f4xx.o
    0x0800383c   0x00000128   Code   RO          375    i.TIM7_IRQHandler   stm32f4xx_it.o
    0x08003964   0x0000001c   Code   RO          376    i.TIM8_UP_TIM13_IRQHandler  stm32f4xx_it.o
    0x08003980   0x000000c8   Code   RO         1866    i.TIM_Base_SetConfig  stm32f4xx_hal_tim.o
    0x08003a48   0x0000001a   Code   RO         1867    i.TIM_CCxChannelCmd  stm32f4xx_hal_tim.o
    0x08003a62   0x00000002   PAD
    0x08003a64   0x00000060   Code   RO         1879    i.TIM_OC1_SetConfig  stm32f4xx_hal_tim.o
    0x08003ac4   0x0000006c   Code   RO         1880    i.TIM_OC2_SetConfig  stm32f4xx_hal_tim.o
    0x08003b30   0x00000068   Code   RO         1881    i.TIM_OC3_SetConfig  stm32f4xx_hal_tim.o
    0x08003b98   0x00000050   Code   RO         1882    i.TIM_OC4_SetConfig  stm32f4xx_hal_tim.o
    0x08003be8   0x00000010   Code   RO         2742    i.UART_DMAAbortOnError  stm32f4xx_hal_uart.o
    0x08003bf8   0x0000001c   Code   RO         2752    i.UART_EndRxTransfer  stm32f4xx_hal_uart.o
    0x08003c14   0x00000096   Code   RO         2754    i.UART_Receive_IT   stm32f4xx_hal_uart.o
    0x08003caa   0x00000002   PAD
    0x08003cac   0x000002ac   Code   RO         2755    i.UART_SetConfig    stm32f4xx_hal_uart.o
    0x08003f58   0x00000062   Code   RO         2756    i.UART_Transmit_IT  stm32f4xx_hal_uart.o
    0x08003fba   0x00000064   Code   RO         2757    i.UART_WaitOnFlagUntilTimeout  stm32f4xx_hal_uart.o
    0x0800401e   0x00000002   PAD
    0x08004020   0x0000000c   Code   RO          377    i.USART1_IRQHandler  stm32f4xx_it.o
    0x0800402c   0x0000000c   Code   RO          378    i.USART2_IRQHandler  stm32f4xx_it.o
    0x08004038   0x00000002   Code   RO          379    i.UsageFault_Handler  stm32f4xx_it.o
    0x0800403a   0x00000002   PAD
    0x0800403c   0x00000020   Code   RO         6184    i.__0printf         mc_w.l(printfa.o)
    0x0800405c   0x00000028   Code   RO         6186    i.__0sprintf        mc_w.l(printfa.o)
    0x08004084   0x00000030   Code   RO         6288    i.__ARM_fpclassify  m_wm.l(fpclassify.o)
    0x080040b4   0x00000020   Code   RO         1404    i.__NVIC_SetPriority  stm32f4xx_hal_cortex.o
    0x080040d4   0x00000004   PAD
    0x080040d8   0x00000360   Code   RO         5904    i.__hardfp_asin     m_wm.l(asin.o)
    0x08004438   0x000002d8   Code   RO         6254    i.__hardfp_atan     m_wm.l(atan.o)
    0x08004710   0x000001f0   Code   RO         5918    i.__hardfp_atan2    m_wm.l(atan2.o)
    0x08004900   0x000000f8   Code   RO         6290    i.__kernel_poly     m_wm.l(poly.o)
    0x080049f8   0x00000014   Code   RO         6269    i.__mathlib_dbl_infnan  m_wm.l(dunder.o)
    0x08004a0c   0x00000014   Code   RO         6270    i.__mathlib_dbl_infnan2  m_wm.l(dunder.o)
    0x08004a20   0x00000020   Code   RO         6271    i.__mathlib_dbl_invalid  m_wm.l(dunder.o)
    0x08004a40   0x00000020   Code   RO         6274    i.__mathlib_dbl_underflow  m_wm.l(dunder.o)
    0x08004a60   0x0000000e   Code   RO         6355    i.__scatterload_copy  mc_w.l(handlers.o)
    0x08004a6e   0x00000002   Code   RO         6356    i.__scatterload_null  mc_w.l(handlers.o)
    0x08004a70   0x0000000e   Code   RO         6357    i.__scatterload_zeroinit  mc_w.l(handlers.o)
    0x08004a7e   0x00000002   PAD
    0x08004a80   0x0000000c   Code   RO         6331    i.__set_errno       mc_w.l(errno.o)
    0x08004a8c   0x00000184   Code   RO         6191    i._fp_digits        mc_w.l(printfa.o)
    0x08004c10   0x000006dc   Code   RO         6192    i._printf_core      mc_w.l(printfa.o)
    0x080052ec   0x00000024   Code   RO         6193    i._printf_post_padding  mc_w.l(printfa.o)
    0x08005310   0x0000002e   Code   RO         6194    i._printf_pre_padding  mc_w.l(printfa.o)
    0x0800533e   0x0000000a   Code   RO         6196    i._sputc            mc_w.l(printfa.o)
    0x08005348   0x00000090   Code   RO         4783    i.accel_self_test   inv_mpu.o
    0x080053d8   0x00000010   Code   RO         6256    i.atan              m_wm.l(atan.o)
    0x080053e8   0x0000003a   Code   RO         5135    i.dmp_enable_6x_lp_quat  inv_mpu_dmp_motion_driver.o
    0x08005422   0x00000002   PAD
    0x08005424   0x000001d8   Code   RO         5136    i.dmp_enable_feature  inv_mpu_dmp_motion_driver.o
    0x080055fc   0x0000003c   Code   RO         5137    i.dmp_enable_gyro_cal  inv_mpu_dmp_motion_driver.o
    0x08005638   0x0000003a   Code   RO         5138    i.dmp_enable_lp_quat  inv_mpu_dmp_motion_driver.o
    0x08005672   0x00000002   PAD
    0x08005674   0x00000014   Code   RO         5143    i.dmp_load_motion_driver_firmware  inv_mpu_dmp_motion_driver.o
    0x08005688   0x00000148   Code   RO         5144    i.dmp_read_fifo     inv_mpu_dmp_motion_driver.o
    0x080057d0   0x000000d8   Code   RO         5147    i.dmp_set_accel_bias  inv_mpu_dmp_motion_driver.o
    0x080058a8   0x00000064   Code   RO         5148    i.dmp_set_fifo_rate  inv_mpu_dmp_motion_driver.o
    0x0800590c   0x000000cc   Code   RO         5149    i.dmp_set_gyro_bias  inv_mpu_dmp_motion_driver.o
    0x080059d8   0x0000010c   Code   RO         5151    i.dmp_set_orientation  inv_mpu_dmp_motion_driver.o
    0x08005ae4   0x00000030   Code   RO         5154    i.dmp_set_shake_reject_thresh  inv_mpu_dmp_motion_driver.o
    0x08005b14   0x00000020   Code   RO         5155    i.dmp_set_shake_reject_time  inv_mpu_dmp_motion_driver.o
    0x08005b34   0x00000020   Code   RO         5156    i.dmp_set_shake_reject_timeout  inv_mpu_dmp_motion_driver.o
    0x08005b54   0x00000040   Code   RO         5157    i.dmp_set_tap_axes  inv_mpu_dmp_motion_driver.o
    0x08005b94   0x00000022   Code   RO         5158    i.dmp_set_tap_count  inv_mpu_dmp_motion_driver.o
    0x08005bb6   0x00000002   PAD
    0x08005bb8   0x00000160   Code   RO         5159    i.dmp_set_tap_thresh  inv_mpu_dmp_motion_driver.o
    0x08005d18   0x00000020   Code   RO         5160    i.dmp_set_tap_time  inv_mpu_dmp_motion_driver.o
    0x08005d38   0x00000020   Code   RO         5161    i.dmp_set_tap_time_multi  inv_mpu_dmp_motion_driver.o
    0x08005d58   0x00000018   Code   RO         6284    i.fabs              m_wm.l(fabs.o)
    0x08005d70   0x0000001c   Code   RO         4760    i.fputc             debug.o
    0x08005d8c   0x00000030   Code   RO         5725    i.gen_delay_us      delay.o
    0x08005dbc   0x000000b4   Code   RO         4784    i.get_accel_prod_shift  inv_mpu.o
    0x08005e70   0x00000314   Code   RO         4785    i.get_st_biases     inv_mpu.o
    0x08006184   0x000000d4   Code   RO         4786    i.gyro_self_test    inv_mpu.o
    0x08006258   0x00000030   Code   RO         5639    i.i2c_Ack           i2c.o
    0x08006288   0x0000002c   Code   RO         5641    i.i2c_NAck          i2c.o
    0x080062b4   0x0000004c   Code   RO         5642    i.i2c_ReadByte      i2c.o
    0x08006300   0x00000058   Code   RO         5643    i.i2c_SendByte      i2c.o
    0x08006358   0x00000034   Code   RO         5644    i.i2c_Start         i2c.o
    0x0800638c   0x00000028   Code   RO         5645    i.i2c_Stop          i2c.o
    0x080063b4   0x00000038   Code   RO         5646    i.i2c_WaitAck       i2c.o
    0x080063ec   0x00000022   Code   RO         4787    i.inv_orientation_matrix_to_scalar  inv_mpu.o
    0x0800640e   0x00000048   Code   RO         4788    i.inv_row_2_scale   inv_mpu.o
    0x08006456   0x00000002   PAD
    0x08006458   0x000001e4   Code   RO           32    i.main              main.o
    0x0800663c   0x0000006c   Code   RO         6213    i.malloc            mc_w.l(malloc.o)
    0x080066a8   0x00000002   Code   RO         4789    i.mget_ms           inv_mpu.o
    0x080066aa   0x00000002   PAD
    0x080066ac   0x00000054   Code   RO         4790    i.mpu_configure_fifo  inv_mpu.o
    0x08006700   0x00000164   Code   RO         4791    i.mpu_dmp_get_data  inv_mpu.o
    0x08006864   0x000000a0   Code   RO         4792    i.mpu_dmp_init      inv_mpu.o
    0x08006904   0x0000003c   Code   RO         4793    i.mpu_get_accel_fsr  inv_mpu.o
    0x08006940   0x00000044   Code   RO         4795    i.mpu_get_accel_sens  inv_mpu.o
    0x08006984   0x00000034   Code   RO         4801    i.mpu_get_gyro_fsr  inv_mpu.o
    0x080069b8   0x0000004c   Code   RO         4803    i.mpu_get_gyro_sens  inv_mpu.o
    0x08006a04   0x00000038   Code   RO         4805    i.mpu_get_lpf       inv_mpu.o
    0x08006a3c   0x0000001c   Code   RO         4807    i.mpu_get_sample_rate  inv_mpu.o
    0x08006a58   0x00000188   Code   RO         4809    i.mpu_init          inv_mpu.o
    0x08006be0   0x000000a0   Code   RO         4810    i.mpu_load_firmware  inv_mpu.o
    0x08006c80   0x000000b8   Code   RO         4811    i.mpu_lp_accel_mode  inv_mpu.o
    0x08006d38   0x00000090   Code   RO         4814    i.mpu_read_fifo_stream  inv_mpu.o
    0x08006dc8   0x00000054   Code   RO         4815    i.mpu_read_mem      inv_mpu.o
    0x08006e1c   0x00000160   Code   RO         4818    i.mpu_reset_fifo    inv_mpu.o
    0x08006f7c   0x000000f0   Code   RO         4819    i.mpu_run_self_test  inv_mpu.o
    0x0800706c   0x00000068   Code   RO         4821    i.mpu_set_accel_fsr  inv_mpu.o
    0x080070d4   0x000000dc   Code   RO         4822    i.mpu_set_bypass    inv_mpu.o
    0x080071b0   0x00000078   Code   RO         4824    i.mpu_set_dmp_state  inv_mpu.o
    0x08007228   0x0000006c   Code   RO         4825    i.mpu_set_gyro_fsr  inv_mpu.o
    0x08007294   0x00000064   Code   RO         4826    i.mpu_set_int_latched  inv_mpu.o
    0x080072f8   0x0000006c   Code   RO         4828    i.mpu_set_lpf       inv_mpu.o
    0x08007364   0x00000080   Code   RO         4829    i.mpu_set_sample_rate  inv_mpu.o
    0x080073e4   0x000000b8   Code   RO         4830    i.mpu_set_sensors   inv_mpu.o
    0x0800749c   0x00000054   Code   RO         4831    i.mpu_write_mem     inv_mpu.o
    0x080074f0   0x00000034   Code   RO         4137    i.osDelay           cmsis_os2.o
    0x08007524   0x00000038   Code   RO         4151    i.osKernelInitialize  cmsis_os2.o
    0x0800755c   0x00000040   Code   RO         4154    i.osKernelStart     cmsis_os2.o
    0x0800759c   0x000000a4   Code   RO         4188    i.osThreadNew       cmsis_os2.o
    0x08007640   0x0000005c   Code   RO         3633    i.prvAddCurrentTaskToDelayedList  tasks.o
    0x0800769c   0x000000d0   Code   RO         3634    i.prvAddNewTaskToReadyList  tasks.o
    0x0800776c   0x00000058   Code   RO         3983    i.prvCheckForValidListAndQueue  timers.o
    0x080077c4   0x00000026   Code   RO         3236    i.prvCopyDataFromQueue  queue.o
    0x080077ea   0x0000006c   Code   RO         3237    i.prvCopyDataToQueue  queue.o
    0x08007856   0x00000034   Code   RO         3635    i.prvDeleteTCB      tasks.o
    0x0800788a   0x00000002   PAD
    0x0800788c   0x0000004c   Code   RO         4558    i.prvHeapInit       heap_4.o
    0x080078d8   0x00000060   Code   RO         3636    i.prvIdleTask       tasks.o
    0x08007938   0x00000022   Code   RO         3239    i.prvInitialiseNewQueue  queue.o
    0x0800795a   0x0000009c   Code   RO         3637    i.prvInitialiseNewTask  tasks.o
    0x080079f6   0x00000002   PAD
    0x080079f8   0x0000004c   Code   RO         4559    i.prvInsertBlockIntoFreeList  heap_4.o
    0x08007a44   0x00000038   Code   RO         3985    i.prvInsertTimerInActiveList  timers.o
    0x08007a7c   0x0000001c   Code   RO         3240    i.prvIsQueueEmpty   queue.o
    0x08007a98   0x000000cc   Code   RO         3986    i.prvProcessReceivedCommands  timers.o
    0x08007b64   0x000000b4   Code   RO         3987    i.prvProcessTimerOrBlockTask  timers.o
    0x08007c18   0x00000020   Code   RO         3639    i.prvResetNextTaskUnblockTime  tasks.o
    0x08007c38   0x00000028   Code   RO         3988    i.prvSampleTimeNow  timers.o
    0x08007c60   0x0000006c   Code   RO         3989    i.prvSwitchTimerLists  timers.o
    0x08007ccc   0x00000028   Code   RO         4609    i.prvTaskExitError  port.o
    0x08007cf4   0x00000024   Code   RO         3990    i.prvTimerTask      timers.o
    0x08007d18   0x0000006a   Code   RO         3241    i.prvUnlockQueue    queue.o
    0x08007d82   0x00000002   PAD
    0x08007d84   0x000000d8   Code   RO         4560    i.pvPortMalloc      heap_4.o
    0x08007e5c   0x0000002c   Code   RO         4610    i.pxPortInitialiseStack  port.o
    0x08007e88   0x00000088   Code   RO         4832    i.run_self_test     inv_mpu.o
    0x08007f10   0x00000058   Code   RO         4833    i.set_int_enable    inv_mpu.o
    0x08007f68   0x0000006e   Code   RO         6295    i.sqrt              m_wm.l(sqrt.o)
    0x08007fd6   0x00000026   Code   RO         3196    i.uxListRemove      list.o
    0x08007ffc   0x00000014   Code   RO         4200    i.vApplicationGetIdleTaskMemory  cmsis_os2.o
    0x08008010   0x00000018   Code   RO         4201    i.vApplicationGetTimerTaskMemory  cmsis_os2.o
    0x08008028   0x00000016   Code   RO         3197    i.vListInitialise   list.o
    0x0800803e   0x00000006   Code   RO         3198    i.vListInitialiseItem  list.o
    0x08008044   0x00000030   Code   RO         3199    i.vListInsert       list.o
    0x08008074   0x00000018   Code   RO         3200    i.vListInsertEnd    list.o
    0x0800808c   0x00000040   Code   RO         4612    i.vPortEnterCritical  port.o
    0x080080cc   0x00000028   Code   RO         4613    i.vPortExitCritical  port.o
    0x080080f4   0x0000005c   Code   RO         4561    i.vPortFree         heap_4.o
    0x08008150   0x00000024   Code   RO         4614    i.vPortSetupTimerInterrupt  port.o
    0x08008174   0x00000054   Code   RO         4615    i.vPortValidateInterruptPriority  port.o
    0x080081c8   0x00000028   Code   RO         3247    i.vQueueAddToRegistry  queue.o
    0x080081f0   0x00000044   Code   RO         3251    i.vQueueWaitForMessageRestricted  queue.o
    0x08008234   0x0000004c   Code   RO         3651    i.vTaskDelay        tasks.o
    0x08008280   0x00000010   Code   RO         3656    i.vTaskInternalSetTimeOutState  tasks.o
    0x08008290   0x0000000c   Code   RO         3657    i.vTaskMissedYield  tasks.o
    0x0800829c   0x00000030   Code   RO         3659    i.vTaskPlaceOnEventList  tasks.o
    0x080082cc   0x00000038   Code   RO         3660    i.vTaskPlaceOnEventListRestricted  tasks.o
    0x08008304   0x00000088   Code   RO         3668    i.vTaskStartScheduler  tasks.o
    0x0800838c   0x00000010   Code   RO         3670    i.vTaskSuspendAll   tasks.o
    0x0800839c   0x00000064   Code   RO         3671    i.vTaskSwitchContext  tasks.o
    0x08008400   0x000000f4   Code   RO         4616    i.xPortStartScheduler  port.o
    0x080084f4   0x00000066   Code   RO         3257    i.xQueueGenericCreateStatic  queue.o
    0x0800855a   0x00000002   PAD
    0x0800855c   0x00000088   Code   RO         3258    i.xQueueGenericReset  queue.o
    0x080085e4   0x00000160   Code   RO         3259    i.xQueueGenericSend  queue.o
    0x08008744   0x000000bc   Code   RO         3260    i.xQueueGenericSendFromISR  queue.o
    0x08008800   0x00000138   Code   RO         3269    i.xQueueReceive     queue.o
    0x08008938   0x00000074   Code   RO         3672    i.xTaskCheckForTimeOut  tasks.o
    0x080089ac   0x0000005a   Code   RO         3673    i.xTaskCreate       tasks.o
    0x08008a06   0x00000056   Code   RO         3674    i.xTaskCreateStatic  tasks.o
    0x08008a5c   0x0000001c   Code   RO         3678    i.xTaskGetSchedulerState  tasks.o
    0x08008a78   0x0000000c   Code   RO         3679    i.xTaskGetTickCount  tasks.o
    0x08008a84   0x000000c8   Code   RO         3681    i.xTaskIncrementTick  tasks.o
    0x08008b4c   0x00000080   Code   RO         3684    i.xTaskPriorityDisinherit  tasks.o
    0x08008bcc   0x00000070   Code   RO         3686    i.xTaskRemoveFromEventList  tasks.o
    0x08008c3c   0x000000c4   Code   RO         3687    i.xTaskResumeAll    tasks.o
    0x08008d00   0x00000060   Code   RO         3997    i.xTimerCreateTimerTask  timers.o
    0x08008d60   0x00000068   Code   RO         3998    i.xTimerGenericCommand  timers.o
    0x08008dc8   0x00000170   Data   RO           34    .constdata          main.o
    0x08008f38   0x00000010   Data   RO         3032    .constdata          system_stm32f4xx.o
    0x08008f48   0x00000008   Data   RO         3033    .constdata          system_stm32f4xx.o
    0x08008f50   0x0000001b   Data   RO         4835    .constdata          inv_mpu.o
    0x08008f6b   0x00000001   PAD
    0x08008f6c   0x0000000c   Data   RO         4836    .constdata          inv_mpu.o
    0x08008f78   0x00000028   Data   RO         4837    .constdata          inv_mpu.o
    0x08008fa0   0x00000bf6   Data   RO         5163    .constdata          inv_mpu_dmp_motion_driver.o
    0x08009b96   0x00000002   PAD
    0x08009b98   0x00000050   Data   RO         5907    .constdata          m_wm.l(asin.o)
    0x08009be8   0x00000098   Data   RO         6257    .constdata          m_wm.l(atan.o)
    0x08009c80   0x00000008   Data   RO         6292    .constdata          m_wm.l(qnan.o)
    0x08009c88   0x00000067   Data   RO           35    .conststring        main.o
    0x08009cef   0x00000001   PAD
    0x08009cf0   0x0000004d   Data   RO         4838    .conststring        inv_mpu.o
    0x08009d3d   0x00000003   PAD
    0x08009d40   0x00000020   Data   RO         6353    Region$$Table       anon$$obj.o


    Execution Region RW_IRAM1 (Base: 0x20000000, Size: 0x00009008, Max: 0x00020000, ABSOLUTE, COMPRESSED[0x00000028])

    Base Addr    Size         Type   Attr      Idx    E Section Name        Object

    0x20000000   0x0000003c   Data   RW           36    .data               main.o
    0x2000003c   0x00000010   Data   RW          381    .data               stm32f4xx_it.o
    0x2000004c   0x0000000c   Data   RW         1548    .data               stm32f4xx_hal.o
    0x20000058   0x00000004   Data   RW         3034    .data               system_stm32f4xx.o
    0x2000005c   0x0000003c   Data   RW         3690    .data               tasks.o
    0x20000098   0x00000014   Data   RW         4006    .data               timers.o
    0x200000ac   0x00000004   Data   RW         4203    .data               cmsis_os2.o
    0x200000b0   0x00000018   Data   RW         4566    .data               heap_4.o
    0x200000c8   0x0000000c   Data   RW         4617    .data               port.o
    0x200000d4   0x00000040   Data   RW         4688    .data               bsp.o
    0x20000114   0x00000004   Data   RW         4761    .data               debug.o
    0x20000118   0x00000035   Data   RW         4839    .data               inv_mpu.o
    0x2000014d   0x00000003   PAD
    0x20000150   0x00000008   Data   RW         5790    .data               comm.o
    0x20000158   0x00000004   Data   RW         6327    .data               mc_w.l(mvars.o)
    0x2000015c   0x00000004   Data   RW         6328    .data               mc_w.l(mvars.o)
    0x20000160   0x00000004   Data   RW         6332    .data               mc_w.l(errno.o)
    0x20000164   0x00000300   Zero   RW           33    .bss                main.o
    0x20000464   0x00000040   Zero   RW          557    .bss                stm32f4xx_hal_timebase_tim.o
    0x200004a4   0x00000040   Zero   RW         3273    .bss                queue.o
    0x200004e4   0x000004c4   Zero   RW         3689    .bss                tasks.o
    0x200009a8   0x00000118   Zero   RW         4005    .bss                timers.o
    0x20000ac0   0x000006b8   Zero   RW         4202    .bss                cmsis_os2.o
    0x20001178   0x00007800   Zero   RW         4565    .bss                heap_4.o
    0x20008978   0x00000010   Zero   RW         5162    .bss                inv_mpu_dmp_motion_driver.o
    0x20008988   0x00000080   Zero   RW         5789    .bss                comm.o
    0x20008a08   0x00000200   Zero   RW            2    HEAP                startup_stm32f407xx.o
    0x20008c08   0x00000400   Zero   RW            1    STACK               startup_stm32f407xx.o


==============================================================================

Image component sizes


      Code (inc. data)   RO Data    RW Data    ZI Data      Debug   Object Name

       872        304          0         64          0       5650   bsp.o
       380         32          0          4       1720      16258   cmsis_os2.o
       208         22          0          8        128       2395   comm.o
        28          6          0          4          0       2562   debug.o
        48          4          0          0          0        579   delay.o
         0          0          0          0          0      20240   event_groups.o
       460         24          0         24      30720       4931   heap_4.o
       404         38          0          0          0       4520   i2c.o
      5308        306        156         53          0      31594   inv_mpu.o
      2410        134       3062          0         16      20294   inv_mpu_dmp_motion_driver.o
        96         20          0          0          0        605   it.o
       138          0          0          0          0       3702   list.o
      3880        378        471         60        768     718054   main.o
        80          6          0          0          0        854   motion.o
       738         40          0          0          0       3130   motor.o
       178          0          0          0          0       2168   mpu.o
        70         12          0          0          0       1161   mymath.o
       390          6          0          0          0       2034   pid.o
       786         82          0         12          0      11885   port.o
      1512         20          0          0         64      17636   queue.o
        36          8        392          0       1536        860   startup_stm32f407xx.o
        44          6          0          0          0       1042   stepper.o
       116         18          0         12          0       4034   stm32f4xx_hal.o
       158         14          0          0          0      33290   stm32f4xx_hal_cortex.o
        36          0          0          0          0       1259   stm32f4xx_hal_dma.o
       476         50          0          0          0       3826   stm32f4xx_hal_gpio.o
       984        122          0          0          0       5242   stm32f4xx_hal_msp.o
      1328         90          0          0          0       5977   stm32f4xx_hal_rcc.o
      1682         90          0          0          0      16044   stm32f4xx_hal_tim.o
       154          0          0          0          0       3377   stm32f4xx_hal_tim_ex.o
       116         16          0          0         64       1472   stm32f4xx_hal_timebase_tim.o
      1718         14          0          0          0      10083   stm32f4xx_hal_uart.o
       388         62          0         16          0       7304   stm32f4xx_it.o
         0          0          0          0          0       8924   stream_buffer.o
        84         18         24          4          0       1231   system_stm32f4xx.o
      2064        170          0         60       1220      24604   tasks.o
       912         82          0         20        280      26595   timers.o
       232         22          0          0          0       2323   ultrasonar.o

    ----------------------------------------------------------------------
     28562       2216       4144        344      36516    1027739   Object Totals
         0          0         32          0          0          0   (incl. Generated)
        48          0          7          3          0          0   (incl. Padding)

    ----------------------------------------------------------------------

      Code (inc. data)   RO Data    RW Data    ZI Data      Debug   Library Member Name

       864         94         80          0          0        280   asin.o
       744        106        152          0          0        352   atan.o
       496         64          0          0          0        192   atan2.o
       104         16          0          0          0        496   dunder.o
        24          0          0          0          0        124   fabs.o
        48          0          0          0          0        124   fpclassify.o
       248          0          0          0          0        152   poly.o
         0          0          8          0          0          0   qnan.o
       110          0          0          0          0        148   sqrt.o
        86          0          0          0          0          0   __dczerorl2.o
         0          0          0          0          0          0   entry.o
         0          0          0          0          0          0   entry10a.o
         0          0          0          0          0          0   entry11a.o
         8          4          0          0          0          0   entry2.o
         4          0          0          0          0          0   entry5.o
         0          0          0          0          0          0   entry7b.o
         0          0          0          0          0          0   entry8b.o
         8          4          0          0          0          0   entry9a.o
        12          6          0          4          0         68   errno.o
        30          0          0          0          0          0   handlers.o
        36          8          0          0          0         68   init.o
         0          0          0          0          0          0   iusefp.o
        98          0          0          0          0         84   ldiv.o
        30          0          0          0          0         68   llshl.o
        36          0          0          0          0         68   llsshr.o
        32          0          0          0          0         68   llushr.o
       108         16          0          0          0         84   malloc.o
        26          0          0          0          0         80   memcmp.o
        36          0          0          0          0         68   memcpya.o
        36          0          0          0          0        108   memseta.o
         0          0          0          8          0          0   mvars.o
      2308         96          0          0          0        604   printfa.o
       156          0          0          0          0         88   qsort.o
        14          0          0          0          0         68   strlen.o
        44          0          0          0          0         80   uidiv.o
        98          0          0          0          0         92   uldiv.o
        48          0          0          0          0         68   cdrcmple.o
        56          0          0          0          0         88   d2f.o
       334          0          0          0          0        148   dadd.o
       222          0          0          0          0        100   ddiv.o
       186          0          0          0          0        176   depilogue.o
        62          0          0          0          0         80   dfixi.o
        48          0          0          0          0         68   dfixul.o
       228          0          0          0          0         96   dmul.o
       162          0          0          0          0        100   dsqrt.o
        38          0          0          0          0         68   f2d.o
       110          0          0          0          0        168   fepilogue.o

    ----------------------------------------------------------------------
      7342        414        240         12          0       4724   Library Totals
         4          0          0          0          0          0   (incl. Padding)

    ----------------------------------------------------------------------

      Code (inc. data)   RO Data    RW Data    ZI Data      Debug   Library Name

      2638        280        240          0          0       1868   m_wm.l
      3206        134          0         12          0       1696   mc_w.l
      1494          0          0          0          0       1160   mf_w.l

    ----------------------------------------------------------------------
      7342        414        240         12          0       4724   Library Totals

    ----------------------------------------------------------------------

==============================================================================


      Code (inc. data)   RO Data    RW Data    ZI Data      Debug   

     35904       2630       4384        356      36516    1006539   Grand Totals
     35904       2630       4384         40      36516    1006539   ELF Image Totals (compressed)
     35904       2630       4384         40          0          0   ROM Totals

==============================================================================

    Total RO  Size (Code + RO Data)                40288 (  39.34kB)
    Total RW  Size (RW Data + ZI Data)             36872 (  36.01kB)
    Total ROM Size (Code + RO Data + RW Data)      40328 (  39.38kB)

==============================================================================

