<html>
<body>
<pre>
<h1>µVision Build Log</h1>
<h2>Tool Versions:</h2>
IDE-Version: ¦ÌVision V5.21.1.0
Copyright (C) 2016 ARM Ltd and ARM Germany GmbH. All rights reserved.
License Information: TONY STARK, VICTECH, LIC=DSNNN-YYMXZ-WIN5K-Z6QC7-VTY5F-UR3IK
 
Tool Versions:
Toolchain:       MDK-ARM Professional  Version: 5.21a
Toolchain Path:  D:\Install\Keil_v5\ARM\ARMCC\Bin
C Compiler:      Armcc.exe V5.06 update 3 (build 300)
Assembler:       Armasm.exe V5.06 update 3 (build 300)
Linker/Locator:  ArmLink.exe V5.06 update 3 (build 300)
Library Manager: ArmAr.exe V5.06 update 3 (build 300)
Hex Converter:   FromElf.exe V5.06 update 3 (build 300)
CPU DLL:         SARMCM3.DLL V5.21a
Dialog DLL:      DCM.DLL V1.13.8.0
Target DLL:      Segger\JL2CM3.dll V2.99.23.0
Dialog DLL:      TCM.DLL V1.14.14.0
 
<h2>Project:</h2>
C:\Users\vicru\Desktop\Schuco\FlyingSchuco\HAL_F4\HAL_F4\MDK-ARM\HAL_F4.uvprojx
Project File Date:  01/16/2020

<h2>Output:</h2>
*** Using Compiler 'V5.06 update 3 (build 300)', folder: 'D:\Install\Keil_v5\ARM\ARMCC\Bin'
Build target 'HAL_F4'
compiling opticalFlow.c...
"no source": Error:  #219: error while deleting file "hal_f4\opticalflow_1.d": Permission denied
User\opticalFlow.c: 0 warnings, 1 error
compiling opticalFlow.c...
compiling main.c...
../Src/main.c(105): warning:  #177-D: variable "Receive_Buffer" was declared but never referenced
  	uint8_t Receive_Buffer[15];
../Src/main.c: 1 warning, 0 errors
linking...
HAL_F4\HAL_F4.axf: Warning: L6304W: Duplicate input file hal_f4\opticalflow_1.o ignored.
Program Size: Code=6788 RO-data=448 RW-data=20 ZI-data=1372  
Finished: 0 information, 1 warning and 0 error messages.
FromELF: creating hex file...
"HAL_F4\HAL_F4.axf" - 0 Error(s), 2 Warning(s).

<h2>Software Packages used:</h2>

Package Vendor: ARM
                http://www.keil.com/pack/ARM.CMSIS.4.5.0.pack
                ARM::CMSIS:CORE:4.3.0
                CMSIS (Cortex Microcontroller Software Interface Standard)
   * Component: CORE Version: 4.3.0

<h2>Collection of Component include folders:</h2>
  C:\Users\vicru\Desktop\Schuco\FlyingSchuco\HAL_F4\HAL_F4\MDK-ARM\RTE
  D:\Install\Keil_v5\ARM\PACK\ARM\CMSIS\4.5.0\CMSIS\Include
  D:\Install\Keil_v5\ARM\PACK\Keil\STM32F4xx_DFP\2.14.0\Drivers\CMSIS\Device\ST\STM32F4xx\Include

<h2>Collection of Component Files used:</h2>

   * Component: ARM::CMSIS:CORE:4.3.0
Build Time Elapsed:  00:00:05
</pre>
</body>
</html>
