Component: ARM Compiler 5.06 update 3 (build 300) Tool: armlink [4d35c9]

==============================================================================

Section Cross References

    startup_stm32f103xe.o(RESET) refers to startup_stm32f103xe.o(STACK) for __initial_sp
    startup_stm32f103xe.o(RESET) refers to startup_stm32f103xe.o(.text) for Reset_Handler
    startup_stm32f103xe.o(RESET) refers to stm32f1xx_it.o(i.NMI_Handler) for NMI_Handler
    startup_stm32f103xe.o(RESET) refers to stm32f1xx_it.o(i.HardFault_Handler) for HardFault_Handler
    startup_stm32f103xe.o(RESET) refers to stm32f1xx_it.o(i.MemManage_Handler) for MemManage_Handler
    startup_stm32f103xe.o(RESET) refers to stm32f1xx_it.o(i.BusFault_Handler) for BusFault_Handler
    startup_stm32f103xe.o(RESET) refers to stm32f1xx_it.o(i.UsageFault_Handler) for UsageFault_Handler
    startup_stm32f103xe.o(RESET) refers to port.o(.emb_text) for SVC_Handler
    startup_stm32f103xe.o(RESET) refers to stm32f1xx_it.o(i.DebugMon_Handler) for DebugMon_Handler
    startup_stm32f103xe.o(RESET) refers to port.o(i.SysTick_Handler) for SysTick_Handler
    startup_stm32f103xe.o(RESET) refers to stm32f1xx_it.o(i.TIM2_IRQHandler) for TIM2_IRQHandler
    startup_stm32f103xe.o(RESET) refers to stm32f1xx_it.o(i.USART2_IRQHandler) for USART2_IRQHandler
    startup_stm32f103xe.o(.text) refers to system_stm32f1xx.o(i.SystemInit) for SystemInit
    startup_stm32f103xe.o(.text) refers to entry.o(.ARM.Collect$$$$00000000) for __main
    main.o(i.HAL_TIM_PeriodElapsedCallback) refers to stm32f1xx_hal.o(i.HAL_IncTick) for HAL_IncTick
    main.o(i.MX_GPIO_Init) refers to stm32f1xx_hal_gpio.o(i.HAL_GPIO_WritePin) for HAL_GPIO_WritePin
    main.o(i.MX_GPIO_Init) refers to stm32f1xx_hal_gpio.o(i.HAL_GPIO_Init) for HAL_GPIO_Init
    main.o(i.MX_SPI1_Init) refers to stm32f1xx_hal_spi.o(i.HAL_SPI_Init) for HAL_SPI_Init
    main.o(i.MX_SPI1_Init) refers to main.o(.bss) for .bss
    main.o(i.MX_TIM3_Init) refers to memseta.o(.text) for __aeabi_memclr4
    main.o(i.MX_TIM3_Init) refers to stm32f1xx_hal_tim.o(i.HAL_TIM_Base_Init) for HAL_TIM_Base_Init
    main.o(i.MX_TIM3_Init) refers to stm32f1xx_hal_tim.o(i.HAL_TIM_ConfigClockSource) for HAL_TIM_ConfigClockSource
    main.o(i.MX_TIM3_Init) refers to stm32f1xx_hal_tim.o(i.HAL_TIM_OC_Init) for HAL_TIM_OC_Init
    main.o(i.MX_TIM3_Init) refers to stm32f1xx_hal_tim_ex.o(i.HAL_TIMEx_MasterConfigSynchronization) for HAL_TIMEx_MasterConfigSynchronization
    main.o(i.MX_TIM3_Init) refers to stm32f1xx_hal_tim.o(i.HAL_TIM_OC_ConfigChannel) for HAL_TIM_OC_ConfigChannel
    main.o(i.MX_TIM3_Init) refers to main.o(.bss) for .bss
    main.o(i.StartDefaultTask) refers to cmsis_os2.o(i.osDelay) for osDelay
    main.o(i.SystemClock_Config) refers to memseta.o(.text) for __aeabi_memclr4
    main.o(i.SystemClock_Config) refers to stm32f1xx_hal_rcc.o(i.HAL_RCC_OscConfig) for HAL_RCC_OscConfig
    main.o(i.SystemClock_Config) refers to stm32f1xx_hal_rcc.o(i.HAL_RCC_ClockConfig) for HAL_RCC_ClockConfig
    main.o(i.main) refers to stm32f1xx_hal.o(i.HAL_Init) for HAL_Init
    main.o(i.main) refers to stepper.o(i.StepperInit) for StepperInit
    main.o(i.main) refers to malloc.o(i.malloc) for malloc
    main.o(i.main) refers to pid.o(i.PID_Init) for PID_Init
    main.o(i.main) refers to main.o(i.SystemClock_Config) for SystemClock_Config
    main.o(i.main) refers to main.o(i.MX_GPIO_Init) for MX_GPIO_Init
    main.o(i.main) refers to stm32f1xx_hal_uart.o(i.HAL_UART_Init) for HAL_UART_Init
    main.o(i.main) refers to main.o(i.MX_TIM3_Init) for MX_TIM3_Init
    main.o(i.main) refers to main.o(i.MX_SPI1_Init) for MX_SPI1_Init
    main.o(i.main) refers to stm32f1xx_hal_uart.o(i.HAL_UART_Receive_IT) for HAL_UART_Receive_IT
    main.o(i.main) refers to opticalflow.o(i.OpticalFlowInit) for OpticalFlowInit
    main.o(i.main) refers to stm32f1xx_hal.o(i.HAL_Delay) for HAL_Delay
    main.o(i.main) refers to cmsis_os2.o(i.osKernelInitialize) for osKernelInitialize
    main.o(i.main) refers to memcpya.o(.text) for __aeabi_memcpy4
    main.o(i.main) refers to cmsis_os2.o(i.osThreadNew) for osThreadNew
    main.o(i.main) refers to cmsis_os2.o(i.osKernelStart) for osKernelStart
    main.o(i.main) refers to main.o(.data) for .data
    main.o(i.main) refers to main.o(.bss) for .bss
    main.o(i.main) refers to main.o(.constdata) for .constdata
    main.o(i.main) refers to main.o(i.StartDefaultTask) for StartDefaultTask
    main.o(.constdata) refers to main.o(.conststring) for .conststring
    stm32f1xx_it.o(i.TIM2_IRQHandler) refers to stm32f1xx_hal_tim.o(i.HAL_TIM_IRQHandler) for HAL_TIM_IRQHandler
    stm32f1xx_it.o(i.USART2_IRQHandler) refers to stm32f1xx_hal_uart.o(i.HAL_UART_IRQHandler) for HAL_UART_IRQHandler
    stm32f1xx_it.o(i.USART2_IRQHandler) refers to main.o(.bss) for huart2
    stm32f1xx_hal_msp.o(i.HAL_MspInit) refers to stm32f1xx_hal_cortex.o(i.HAL_NVIC_SetPriority) for HAL_NVIC_SetPriority
[...]
    cmsis_os2.o(i.osThreadEnumerate) refers to heap_4.o(i.vPortFree) for vPortFree
    cmsis_os2.o(i.osThreadEnumerate) refers to cmsis_os2.o(.data) for .data
    cmsis_os2.o(i.osThreadExit) refers to tasks.o(i.vTaskDelete) for vTaskDelete
    cmsis_os2.o(i.osThreadFlagsClear) refers to tasks.o(i.xTaskGetCurrentTaskHandle) for xTaskGetCurrentTaskHandle
    cmsis_os2.o(i.osThreadFlagsClear) refers to tasks.o(i.xTaskGenericNotify) for xTaskGenericNotify
    cmsis_os2.o(i.osThreadFlagsClear) refers to cmsis_os2.o(.data) for .data
    cmsis_os2.o(i.osThreadFlagsGet) refers to tasks.o(i.xTaskGetCurrentTaskHandle) for xTaskGetCurrentTaskHandle
    cmsis_os2.o(i.osThreadFlagsGet) refers to tasks.o(i.xTaskGenericNotify) for xTaskGenericNotify
    cmsis_os2.o(i.osThreadFlagsGet) refers to cmsis_os2.o(.data) for .data
    cmsis_os2.o(i.osThreadFlagsSet) refers to tasks.o(i.xTaskGenericNotifyFromISR) for xTaskGenericNotifyFromISR
    cmsis_os2.o(i.osThreadFlagsSet) refers to tasks.o(i.xTaskGenericNotify) for xTaskGenericNotify
    cmsis_os2.o(i.osThreadFlagsSet) refers to cmsis_os2.o(.data) for .data
    cmsis_os2.o(i.osThreadFlagsWait) refers to tasks.o(i.xTaskGetTickCount) for xTaskGetTickCount
    cmsis_os2.o(i.osThreadFlagsWait) refers to tasks.o(i.xTaskNotifyWait) for xTaskNotifyWait
    cmsis_os2.o(i.osThreadFlagsWait) refers to cmsis_os2.o(.data) for .data
    cmsis_os2.o(i.osThreadGetCount) refers to tasks.o(i.uxTaskGetNumberOfTasks) for uxTaskGetNumberOfTasks
    cmsis_os2.o(i.osThreadGetCount) refers to cmsis_os2.o(.data) for .data
    cmsis_os2.o(i.osThreadGetId) refers to tasks.o(i.xTaskGetCurrentTaskHandle) for xTaskGetCurrentTaskHandle
    cmsis_os2.o(i.osThreadGetId) refers to cmsis_os2.o(.data) for .data
    cmsis_os2.o(i.osThreadGetName) refers to tasks.o(i.pcTaskGetName) for pcTaskGetName
    cmsis_os2.o(i.osThreadGetName) refers to cmsis_os2.o(.data) for .data
    cmsis_os2.o(i.osThreadGetPriority) refers to tasks.o(i.uxTaskPriorityGet) for uxTaskPriorityGet
    cmsis_os2.o(i.osThreadGetPriority) refers to cmsis_os2.o(.data) for .data
    cmsis_os2.o(i.osThreadGetStackSpace) refers to tasks.o(i.uxTaskGetStackHighWaterMark) for uxTaskGetStackHighWaterMark
    cmsis_os2.o(i.osThreadGetStackSpace) refers to cmsis_os2.o(.data) for .data
    cmsis_os2.o(i.osThreadGetState) refers to tasks.o(i.eTaskGetState) for eTaskGetState
    cmsis_os2.o(i.osThreadGetState) refers to cmsis_os2.o(.data) for .data
    cmsis_os2.o(i.osThreadNew) refers to tasks.o(i.xTaskCreateStatic) for xTaskCreateStatic
    cmsis_os2.o(i.osThreadNew) refers to tasks.o(i.xTaskCreate) for xTaskCreate
    cmsis_os2.o(i.osThreadNew) refers to cmsis_os2.o(.data) for .data
    cmsis_os2.o(i.osThreadResume) refers to tasks.o(i.vTaskResume) for vTaskResume
    cmsis_os2.o(i.osThreadResume) refers to cmsis_os2.o(.data) for .data
    cmsis_os2.o(i.osThreadSetPriority) refers to tasks.o(i.vTaskPrioritySet) for vTaskPrioritySet
    cmsis_os2.o(i.osThreadSetPriority) refers to cmsis_os2.o(.data) for .data
    cmsis_os2.o(i.osThreadSuspend) refers to tasks.o(i.vTaskSuspend) for vTaskSuspend
    cmsis_os2.o(i.osThreadSuspend) refers to cmsis_os2.o(.data) for .data
    cmsis_os2.o(i.osThreadTerminate) refers to tasks.o(i.eTaskGetState) for eTaskGetState
    cmsis_os2.o(i.osThreadTerminate) refers to tasks.o(i.vTaskDelete) for vTaskDelete
    cmsis_os2.o(i.osThreadTerminate) refers to cmsis_os2.o(.data) for .data
    cmsis_os2.o(i.osThreadYield) refers to cmsis_os2.o(.data) for .data
    cmsis_os2.o(i.osTimerDelete) refers to timers.o(i.pvTimerGetTimerID) for pvTimerGetTimerID
    cmsis_os2.o(i.osTimerDelete) refers to timers.o(i.xTimerGenericCommand) for xTimerGenericCommand
    cmsis_os2.o(i.osTimerDelete) refers to heap_4.o(i.vPortFree) for vPortFree
    cmsis_os2.o(i.osTimerDelete) refers to cmsis_os2.o(.data) for .data
    cmsis_os2.o(i.osTimerGetName) refers to timers.o(i.pcTimerGetName) for pcTimerGetName
    cmsis_os2.o(i.osTimerGetName) refers to cmsis_os2.o(.data) for .data
    cmsis_os2.o(i.osTimerIsRunning) refers to timers.o(i.xTimerIsTimerActive) for xTimerIsTimerActive
    cmsis_os2.o(i.osTimerIsRunning) refers to cmsis_os2.o(.data) for .data
    cmsis_os2.o(i.osTimerNew) refers to heap_4.o(i.pvPortMalloc) for pvPortMalloc
    cmsis_os2.o(i.osTimerNew) refers to timers.o(i.xTimerCreateStatic) for xTimerCreateStatic
    cmsis_os2.o(i.osTimerNew) refers to timers.o(i.xTimerCreate) for xTimerCreate
    cmsis_os2.o(i.osTimerNew) refers to cmsis_os2.o(.data) for .data
    cmsis_os2.o(i.osTimerNew) refers to cmsis_os2.o(i.TimerCallback) for TimerCallback
    cmsis_os2.o(i.osTimerStart) refers to timers.o(i.xTimerGenericCommand) for xTimerGenericCommand
    cmsis_os2.o(i.osTimerStart) refers to cmsis_os2.o(.data) for .data
    cmsis_os2.o(i.osTimerStop) refers to timers.o(i.xTimerIsTimerActive) for xTimerIsTimerActive
    cmsis_os2.o(i.osTimerStop) refers to timers.o(i.xTimerGenericCommand) for xTimerGenericCommand
    cmsis_os2.o(i.osTimerStop) refers to cmsis_os2.o(.data) for .data
    cmsis_os2.o(i.vApplicationGetIdleTaskMemory) refers to cmsis_os2.o(.bss) for .bss
    cmsis_os2.o(i.vApplicationGetTimerTaskMemory) refers to cmsis_os2.o(.bss) for .bss
    entry.o(.ARM.Collect$$$$00000000) refers (Special) to entry10a.o(.ARM.Collect$$$$0000000D) for __rt_final_cpp
    entry.o(.ARM.Collect$$$$00000000) refers (Special) to entry11a.o(.ARM.Collect$$$$0000000F) for __rt_final_exit
    entry.o(.ARM.Collect$$$$00000000) refers (Special) to entry7b.o(.ARM.Collect$$$$00000008) for _main_clock
    entry.o(.ARM.Collect$$$$00000000) refers (Special) to entry8b.o(.ARM.Collect$$$$0000000A) for _main_cpp_init
    entry.o(.ARM.Collect$$$$00000000) refers (Special) to entry9a.o(.ARM.Collect$$$$0000000B) for _main_init
    entry.o(.ARM.Collect$$$$00000000) refers (Special) to entry5.o(.ARM.Collect$$$$00000004) for _main_scatterload
    entry.o(.ARM.Collect$$$$00000000) refers (Special) to entry2.o(.ARM.Collect$$$$00000001) for _main_stk
    printfb.o(i.__0fprintf$bare) refers to printfb.o(i._printf_core) for _printf_core
    printfb.o(i.__0fprintf$bare) refers to comm.o(i.fputc) for fputc
    printfb.o(i.__0printf$bare) refers to printfb.o(i._printf_core) for _printf_core
    printfb.o(i.__0printf$bare) refers to comm.o(i.fputc) for fputc
    printfb.o(i.__0printf$bare) refers to stdout.o(.data) for __stdout
    printfb.o(i.__0snprintf$bare) refers to printfb.o(i._printf_core) for _printf_core
    printfb.o(i.__0snprintf$bare) refers to printfb.o(i._snputc) for _snputc
    printfb.o(i.__0sprintf$bare) refers to printfb.o(i._printf_core) for _printf_core
    printfb.o(i.__0sprintf$bare) refers to printfb.o(i._sputc) for _sputc
    printfb.o(i.__0vfprintf$bare) refers to printfb.o(i._printf_core) for _printf_core
    printfb.o(i.__0vfprintf$bare) refers to comm.o(i.fputc) for fputc
    printfb.o(i.__0vprintf$bare) refers to printfb.o(i._printf_core) for _printf_core
    printfb.o(i.__0vprintf$bare) refers to comm.o(i.fputc) for fputc
    printfb.o(i.__0vprintf$bare) refers to stdout.o(.data) for __stdout
    printfb.o(i.__0vsnprintf$bare) refers to printfb.o(i._printf_core) for _printf_core
    printfb.o(i.__0vsnprintf$bare) refers to printfb.o(i._snputc) for _snputc
    printfb.o(i.__0vsprintf$bare) refers to printfb.o(i._printf_core) for _printf_core
    printfb.o(i.__0vsprintf$bare) refers to printfb.o(i._sputc) for _sputc
    printf0.o(i.__0fprintf$0) refers to printf0.o(i._printf_core) for _printf_core
    printf0.o(i.__0fprintf$0) refers to comm.o(i.fputc) for fputc
    printf0.o(i.__0printf$0) refers to printf0.o(i._printf_core) for _printf_core
    printf0.o(i.__0printf$0) refers to comm.o(i.fputc) for fputc
    printf0.o(i.__0printf$0) refers to stdout.o(.data) for __stdout
    printf0.o(i.__0snprintf$0) refers to printf0.o(i._printf_core) for _printf_core
    printf0.o(i.__0snprintf$0) refers to printf0.o(i._snputc) for _snputc
    printf0.o(i.__0sprintf$0) refers to printf0.o(i._printf_core) for _printf_core
    printf0.o(i.__0sprintf$0) refers to printf0.o(i._sputc) for _sputc
    printf0.o(i.__0vfprintf$0) refers to printf0.o(i._printf_core) for _printf_core
    printf0.o(i.__0vfprintf$0) refers to comm.o(i.fputc) for fputc
    printf0.o(i.__0vprintf$0) refers to printf0.o(i._printf_core) for _printf_core
    printf0.o(i.__0vprintf$0) refers to comm.o(i.fputc) for fputc
    printf0.o(i.__0vprintf$0) refers to stdout.o(.data) for __stdout
    printf0.o(i.__0vsnprintf$0) refers to printf0.o(i._printf_core) for _printf_core
    printf0.o(i.__0vsnprintf$0) refers to printf0.o(i._snputc) for _snputc
    printf0.o(i.__0vsprintf$0) refers to printf0.o(i._printf_core) for _printf_core
    printf0.o(i.__0vsprintf$0) refers to printf0.o(i._sputc) for _sputc
    printf1.o(i.__0fprintf$1) refers to printf1.o(i._printf_core) for _printf_core
    printf1.o(i.__0fprintf$1) refers to comm.o(i.fputc) for fputc
    printf1.o(i.__0printf$1) refers to printf1.o(i._printf_core) for _printf_core
    printf1.o(i.__0printf$1) refers to comm.o(i.fputc) for fputc
    printf1.o(i.__0printf$1) refers to stdout.o(.data) for __stdout
    printf1.o(i.__0snprintf$1) refers to printf1.o(i._printf_core) for _printf_core
    printf1.o(i.__0snprintf$1) refers to printf1.o(i._snputc) for _snputc
    printf1.o(i.__0sprintf$1) refers to printf1.o(i._printf_core) for _printf_core
    printf1.o(i.__0sprintf$1) refers to printf1.o(i._sputc) for _sputc
    printf1.o(i.__0vfprintf$1) refers to printf1.o(i._printf_core) for _printf_core
    printf1.o(i.__0vfprintf$1) refers to comm.o(i.fputc) for fputc
    printf1.o(i.__0vprintf$1) refers to printf1.o(i._printf_core) for _printf_core
    printf1.o(i.__0vprintf$1) refers to comm.o(i.fputc) for fputc
    printf1.o(i.__0vprintf$1) refers to stdout.o(.data) for __stdout
    printf1.o(i.__0vsnprintf$1) refers to printf1.o(i._printf_core) for _printf_core
    printf1.o(i.__0vsnprintf$1) refers to printf1.o(i._snputc) for _snputc
    printf1.o(i.__0vsprintf$1) refers to printf1.o(i._printf_core) for _printf_core
    printf1.o(i.__0vsprintf$1) refers to printf1.o(i._sputc) for _sputc
    printf1.o(i._printf_core) refers to uidiv.o(.text) for __aeabi_uidivmod
    printf2.o(i.__0fprintf$2) refers to printf2.o(i._printf_core) for _printf_core
    printf2.o(i.__0fprintf$2) refers to comm.o(i.fputc) for fputc
    printf2.o(i.__0printf$2) refers to printf2.o(i._printf_core) for _printf_core
    printf2.o(i.__0printf$2) refers to comm.o(i.fputc) for fputc
    printf2.o(i.__0printf$2) refers to stdout.o(.data) for __stdout
    printf2.o(i.__0snprintf$2) refers to printf2.o(i._printf_core) for _printf_core
    printf2.o(i.__0snprintf$2) refers to printf2.o(i._snputc) for _snputc
    printf2.o(i.__0sprintf$2) refers to printf2.o(i._printf_core) for _printf_core
    printf2.o(i.__0sprintf$2) refers to printf2.o(i._sputc) for _sputc
    printf2.o(i.__0vfprintf$2) refers to printf2.o(i._printf_core) for _printf_core
    printf2.o(i.__0vfprintf$2) refers to comm.o(i.fputc) for fputc
    printf2.o(i.__0vprintf$2) refers to printf2.o(i._printf_core) for _printf_core
    printf2.o(i.__0vprintf$2) refers to comm.o(i.fputc) for fputc
    printf2.o(i.__0vprintf$2) refers to stdout.o(.data) for __stdout
    printf2.o(i.__0vsnprintf$2) refers to printf2.o(i._printf_core) for _printf_core
    printf2.o(i.__0vsnprintf$2) refers to printf2.o(i._snputc) for _snputc
    printf2.o(i.__0vsprintf$2) refers to printf2.o(i._printf_core) for _printf_core
    printf2.o(i.__0vsprintf$2) refers to printf2.o(i._sputc) for _sputc
    printf3.o(i.__0fprintf$3) refers to printf3.o(i._printf_core) for _printf_core
    printf3.o(i.__0fprintf$3) refers to comm.o(i.fputc) for fputc
    printf3.o(i.__0printf$3) refers to printf3.o(i._printf_core) for _printf_core
    printf3.o(i.__0printf$3) refers to comm.o(i.fputc) for fputc
    printf3.o(i.__0printf$3) refers to stdout.o(.data) for __stdout
    printf3.o(i.__0snprintf$3) refers to printf3.o(i._printf_core) for _printf_core
    printf3.o(i.__0snprintf$3) refers to printf3.o(i._snputc) for _snputc
    printf3.o(i.__0sprintf$3) refers to printf3.o(i._printf_core) for _printf_core
    printf3.o(i.__0sprintf$3) refers to printf3.o(i._sputc) for _sputc
    printf3.o(i.__0vfprintf$3) refers to printf3.o(i._printf_core) for _printf_core
    printf3.o(i.__0vfprintf$3) refers to comm.o(i.fputc) for fputc
    printf3.o(i.__0vprintf$3) refers to printf3.o(i._printf_core) for _printf_core
    printf3.o(i.__0vprintf$3) refers to comm.o(i.fputc) for fputc
    printf3.o(i.__0vprintf$3) refers to stdout.o(.data) for __stdout
    printf3.o(i.__0vsnprintf$3) refers to printf3.o(i._printf_core) for _printf_core
    printf3.o(i.__0vsnprintf$3) refers to printf3.o(i._snputc) for _snputc
    printf3.o(i.__0vsprintf$3) refers to printf3.o(i._printf_core) for _printf_core
    printf3.o(i.__0vsprintf$3) refers to printf3.o(i._sputc) for _sputc
    printf3.o(i._printf_core) refers to uidiv.o(.text) for __aeabi_uidivmod
    printf4.o(i.__0fprintf$4) refers to printf4.o(i._printf_core) for _printf_core
    printf4.o(i.__0fprintf$4) refers to comm.o(i.fputc) for fputc
    printf4.o(i.__0printf$4) refers to printf4.o(i._printf_core) for _printf_core
    printf4.o(i.__0printf$4) refers to comm.o(i.fputc) for fputc
    printf4.o(i.__0printf$4) refers to stdout.o(.data) for __stdout
    printf4.o(i.__0snprintf$4) refers to printf4.o(i._printf_core) for _printf_core
    printf4.o(i.__0snprintf$4) refers to printf4.o(i._snputc) for _snputc
    printf4.o(i.__0sprintf$4) refers to printf4.o(i._printf_core) for _printf_core
    printf4.o(i.__0sprintf$4) refers to printf4.o(i._sputc) for _sputc
    printf4.o(i.__0vfprintf$4) refers to printf4.o(i._printf_core) for _printf_core
    printf4.o(i.__0vfprintf$4) refers to comm.o(i.fputc) for fputc
    printf4.o(i.__0vprintf$4) refers to printf4.o(i._printf_core) for _printf_core
    printf4.o(i.__0vprintf$4) refers to comm.o(i.fputc) for fputc
    printf4.o(i.__0vprintf$4) refers to stdout.o(.data) for __stdout
    printf4.o(i.__0vsnprintf$4) refers to printf4.o(i._printf_core) for _printf_core
    printf4.o(i.__0vsnprintf$4) refers to printf4.o(i._snputc) for _snputc
    printf4.o(i.__0vsprintf$4) refers to printf4.o(i._printf_core) for _printf_core
    printf4.o(i.__0vsprintf$4) refers to printf4.o(i._sputc) for _sputc
    printf4.o(i._printf_core) refers to uldiv.o(.text) for __aeabi_uldivmod
    printf5.o(i.__0fprintf$5) refers to printf5.o(i._printf_core) for _printf_core
    printf5.o(i.__0fprintf$5) refers to comm.o(i.fputc) for fputc
    printf5.o(i.__0printf$5) refers to printf5.o(i._printf_core) for _printf_core
    printf5.o(i.__0printf$5) refers to comm.o(i.fputc) for fputc
    printf5.o(i.__0printf$5) refers to stdout.o(.data) for __stdout
    printf5.o(i.__0snprintf$5) refers to printf5.o(i._printf_core) for _printf_core
    printf5.o(i.__0snprintf$5) refers to printf5.o(i._snputc) for _snputc
    printf5.o(i.__0sprintf$5) refers to printf5.o(i._printf_core) for _printf_core
    printf5.o(i.__0sprintf$5) refers to printf5.o(i._sputc) for _sputc
    printf5.o(i.__0vfprintf$5) refers to printf5.o(i._printf_core) for _printf_core
    printf5.o(i.__0vfprintf$5) refers to comm.o(i.fputc) for fputc
    printf5.o(i.__0vprintf$5) refers to printf5.o(i._printf_core) for _printf_core
    printf5.o(i.__0vprintf$5) refers to comm.o(i.fputc) for fputc
    printf5.o(i.__0vprintf$5) refers to stdout.o(.data) for __stdout
    printf5.o(i.__0vsnprintf$5) refers to printf5.o(i._printf_core) for _printf_core
    printf5.o(i.__0vsnprintf$5) refers to printf5.o(i._snputc) for _snputc
    printf5.o(i.__0vsprintf$5) refers to printf5.o(i._printf_core) for _printf_core
    printf5.o(i.__0vsprintf$5) refers to printf5.o(i._sputc) for _sputc
    printf5.o(i._printf_core) refers to uldiv.o(.text) for __aeabi_uldivmod
    printf6.o(i.__0fprintf$6) refers to printf6.o(i._printf_core) for _printf_core
    printf6.o(i.__0fprintf$6) refers to comm.o(i.fputc) for fputc
    printf6.o(i.__0printf$6) refers to printf6.o(i._printf_core) for _printf_core
    printf6.o(i.__0printf$6) refers to comm.o(i.fputc) for fputc
    printf6.o(i.__0printf$6) refers to stdout.o(.data) for __stdout
    printf6.o(i.__0snprintf$6) refers to printf6.o(i._printf_core) for _printf_core
    printf6.o(i.__0snprintf$6) refers to printf6.o(i._snputc) for _snputc
    printf6.o(i.__0sprintf$6) refers to printf6.o(i._printf_core) for _printf_core
    printf6.o(i.__0sprintf$6) refers to printf6.o(i._sputc) for _sputc
    printf6.o(i.__0vfprintf$6) refers to printf6.o(i._printf_core) for _printf_core
    printf6.o(i.__0vfprintf$6) refers to comm.o(i.fputc) for fputc
    printf6.o(i.__0vprintf$6) refers to printf6.o(i._printf_core) for _printf_core
    printf6.o(i.__0vprintf$6) refers to comm.o(i.fputc) for fputc
    printf6.o(i.__0vprintf$6) refers to stdout.o(.data) for __stdout
    printf6.o(i.__0vsnprintf$6) refers to printf6.o(i._printf_core) for _printf_core
    printf6.o(i.__0vsnprintf$6) refers to printf6.o(i._snputc) for _snputc
    printf6.o(i.__0vsprintf$6) refers to printf6.o(i._printf_core) for _printf_core
    printf6.o(i.__0vsprintf$6) refers to printf6.o(i._sputc) for _sputc
    printf6.o(i._printf_core) refers to printf6.o(i._printf_pre_padding) for _printf_pre_padding
    printf6.o(i._printf_core) refers to uidiv.o(.text) for __aeabi_uidivmod
    printf6.o(i._printf_core) refers to printf6.o(i._printf_post_padding) for _printf_post_padding
    printf7.o(i.__0fprintf$7) refers to printf7.o(i._printf_core) for _printf_core
    printf7.o(i.__0fprintf$7) refers to comm.o(i.fputc) for fputc
    printf7.o(i.__0printf$7) refers to printf7.o(i._printf_core) for _printf_core
    printf7.o(i.__0printf$7) refers to comm.o(i.fputc) for fputc
    printf7.o(i.__0printf$7) refers to stdout.o(.data) for __stdout
    printf7.o(i.__0snprintf$7) refers to printf7.o(i._printf_core) for _printf_core
    printf7.o(i.__0snprintf$7) refers to printf7.o(i._snputc) for _snputc
    printf7.o(i.__0sprintf$7) refers to printf7.o(i._printf_core) for _printf_core
    printf7.o(i.__0sprintf$7) refers to printf7.o(i._sputc) for _sputc
    printf7.o(i.__0vfprintf$7) refers to printf7.o(i._printf_core) for _printf_core
    printf7.o(i.__0vfprintf$7) refers to comm.o(i.fputc) for fputc
    printf7.o(i.__0vprintf$7) refers to printf7.o(i._printf_core) for _printf_core
    printf7.o(i.__0vprintf$7) refers to comm.o(i.fputc) for fputc
    printf7.o(i.__0vprintf$7) refers to stdout.o(.data) for __stdout
    printf7.o(i.__0vsnprintf$7) refers to printf7.o(i._printf_core) for _printf_core
    printf7.o(i.__0vsnprintf$7) refers to printf7.o(i._snputc) for _snputc
    printf7.o(i.__0vsprintf$7) refers to printf7.o(i._printf_core) for _printf_core
    printf7.o(i.__0vsprintf$7) refers to printf7.o(i._sputc) for _sputc
    printf7.o(i._printf_core) refers to printf7.o(i._printf_pre_padding) for _printf_pre_padding
    printf7.o(i._printf_core) refers to uldiv.o(.text) for __aeabi_uldivmod
    printf7.o(i._printf_core) refers to printf7.o(i._printf_post_padding) for _printf_post_padding
    printf8.o(i.__0fprintf$8) refers to printf8.o(i._printf_core) for _printf_core
    printf8.o(i.__0fprintf$8) refers to comm.o(i.fputc) for fputc
    printf8.o(i.__0printf$8) refers to printf8.o(i._printf_core) for _printf_core
    printf8.o(i.__0printf$8) refers to comm.o(i.fputc) for fputc
    printf8.o(i.__0printf$8) refers to stdout.o(.data) for __stdout
    printf8.o(i.__0snprintf$8) refers to printf8.o(i._printf_core) for _printf_core
    printf8.o(i.__0snprintf$8) refers to printf8.o(i._snputc) for _snputc
    printf8.o(i.__0sprintf$8) refers to printf8.o(i._printf_core) for _printf_core
    printf8.o(i.__0sprintf$8) refers to printf8.o(i._sputc) for _sputc
    printf8.o(i.__0vfprintf$8) refers to printf8.o(i._printf_core) for _printf_core
    printf8.o(i.__0vfprintf$8) refers to comm.o(i.fputc) for fputc
    printf8.o(i.__0vprintf$8) refers to printf8.o(i._printf_core) for _printf_core
    printf8.o(i.__0vprintf$8) refers to comm.o(i.fputc) for fputc
    printf8.o(i.__0vprintf$8) refers to stdout.o(.data) for __stdout
    printf8.o(i.__0vsnprintf$8) refers to printf8.o(i._printf_core) for _printf_core
    printf8.o(i.__0vsnprintf$8) refers to printf8.o(i._snputc) for _snputc
    printf8.o(i.__0vsprintf$8) refers to printf8.o(i._printf_core) for _printf_core
    printf8.o(i.__0vsprintf$8) refers to printf8.o(i._sputc) for _sputc
    printf8.o(i._printf_core) refers to printf8.o(i._printf_pre_padding) for _printf_pre_padding
    printf8.o(i._printf_core) refers to uldiv.o(.text) for __aeabi_uldivmod
    printf8.o(i._printf_core) refers to printf8.o(i._printf_post_padding) for _printf_post_padding
    printfa.o(i.__0fprintf) refers (Special) to iusefp.o(.text) for __I$use$fp
    printfa.o(i.__0fprintf) refers to printfa.o(i._printf_core) for _printf_core
    printfa.o(i.__0fprintf) refers to comm.o(i.fputc) for fputc
    printfa.o(i.__0printf) refers (Special) to iusefp.o(.text) for __I$use$fp
    printfa.o(i.__0printf) refers to printfa.o(i._printf_core) for _printf_core
    printfa.o(i.__0printf) refers to comm.o(i.fputc) for fputc
    printfa.o(i.__0printf) refers to stdout.o(.data) for __stdout
    printfa.o(i.__0snprintf) refers (Special) to iusefp.o(.text) for __I$use$fp
    printfa.o(i.__0snprintf) refers to printfa.o(i._printf_core) for _printf_core
    printfa.o(i.__0snprintf) refers to printfa.o(i._snputc) for _snputc
    printfa.o(i.__0sprintf) refers (Special) to iusefp.o(.text) for __I$use$fp
    printfa.o(i.__0sprintf) refers to printfa.o(i._printf_core) for _printf_core
    printfa.o(i.__0sprintf) refers to printfa.o(i._sputc) for _sputc
    printfa.o(i.__0vfprintf) refers (Special) to iusefp.o(.text) for __I$use$fp
    printfa.o(i.__0vfprintf) refers to printfa.o(i._printf_core) for _printf_core
    printfa.o(i.__0vfprintf) refers to comm.o(i.fputc) for fputc
    printfa.o(i.__0vprintf) refers (Special) to iusefp.o(.text) for __I$use$fp
    printfa.o(i.__0vprintf) refers to printfa.o(i._printf_core) for _printf_core
    printfa.o(i.__0vprintf) refers to comm.o(i.fputc) for fputc
    printfa.o(i.__0vprintf) refers to stdout.o(.data) for __stdout
    printfa.o(i.__0vsnprintf) refers (Special) to iusefp.o(.text) for __I$use$fp
    printfa.o(i.__0vsnprintf) refers to printfa.o(i._printf_core) for _printf_core
    printfa.o(i.__0vsnprintf) refers to printfa.o(i._snputc) for _snputc
    printfa.o(i.__0vsprintf) refers (Special) to iusefp.o(.text) for __I$use$fp
    printfa.o(i.__0vsprintf) refers to printfa.o(i._printf_core) for _printf_core
    printfa.o(i.__0vsprintf) refers to printfa.o(i._sputc) for _sputc
    printfa.o(i._fp_digits) refers (Special) to iusefp.o(.text) for __I$use$fp
    printfa.o(i._fp_digits) refers to dmul.o(.text) for __aeabi_dmul
    printfa.o(i._fp_digits) refers to ddiv.o(.text) for __aeabi_ddiv
    printfa.o(i._fp_digits) refers to cdrcmple.o(.text) for __aeabi_cdrcmple
    printfa.o(i._fp_digits) refers to dadd.o(.text) for __aeabi_dadd
    printfa.o(i._fp_digits) refers to dfixul.o(.text) for __aeabi_d2ulz
    printfa.o(i._fp_digits) refers to uldiv.o(.text) for __aeabi_uldivmod
    printfa.o(i._printf_core) refers (Special) to iusefp.o(.text) for __I$use$fp
    printfa.o(i._printf_core) refers to printfa.o(i._printf_pre_padding) for _printf_pre_padding
    printfa.o(i._printf_core) refers to uldiv.o(.text) for __aeabi_uldivmod
    printfa.o(i._printf_core) refers to printfa.o(i._printf_post_padding) for _printf_post_padding
    printfa.o(i._printf_core) refers to printfa.o(i._fp_digits) for _fp_digits
    printfa.o(i._printf_core) refers to uidiv.o(.text) for __aeabi_uidivmod
    printfa.o(i._printf_post_padding) refers (Special) to iusefp.o(.text) for __I$use$fp
    printfa.o(i._printf_pre_padding) refers (Special) to iusefp.o(.text) for __I$use$fp
    printfa.o(i._snputc) refers (Special) to iusefp.o(.text) for __I$use$fp
    printfa.o(i._sputc) refers (Special) to iusefp.o(.text) for __I$use$fp
    malloc.o(i.free) refers to mvars.o(.data) for __microlib_freelist
    malloc.o(i.malloc) refers to mvars.o(.data) for __microlib_freelist_initialised
    malloc.o(i.malloc) refers to mvars.o(.data) for __microlib_freelist
    malloc.o(i.malloc) refers to startup_stm32f103xe.o(HEAP) for __heap_base
    mallocr.o(i.__free$realloc) refers to mvars.o(.data) for __microlib_freelist
    mallocr.o(i.__malloc$realloc) refers to mallocr.o(i.internal_alloc) for internal_alloc
    mallocr.o(i.__malloc$realloc) refers to mvars.o(.data) for __microlib_freelist_initialised
    mallocr.o(i.__malloc$realloc) refers to startup_stm32f103xe.o(HEAP) for __heap_base
    mallocr.o(i.__malloc$realloc) refers to mvars.o(.data) for __microlib_freelist
    mallocr.o(i.internal_alloc) refers to memcpya.o(.text) for __aeabi_memcpy
    mallocr.o(i.internal_alloc) refers to mvars.o(.data) for __microlib_freelist
    mallocr.o(i.realloc) refers to mallocr.o(i.__free$realloc) for __free$realloc
    mallocr.o(i.realloc) refers to mallocr.o(i.internal_alloc) for internal_alloc
    mallocr.o(i.realloc) refers to mallocr.o(i.__malloc$realloc) for __malloc$realloc
    mallocr.o(i.realloc) refers to mvars.o(.data) for __microlib_freelist
    malloca.o(i.__aligned_malloc) refers to mvars.o(.data) for __microlib_freelist_initialised
    malloca.o(i.__aligned_malloc) refers to mvars.o(.data) for __microlib_freelist
    malloca.o(i.__aligned_malloc) refers to startup_stm32f103xe.o(HEAP) for __heap_base
    malloca.o(i.__free$memalign) refers to mvars.o(.data) for __microlib_freelist
    malloca.o(i.__malloc$memalign) refers to malloca.o(i.__aligned_malloc) for __aligned_malloc
    mallocra.o(i.__aligned_malloc$realloc) refers to mallocra.o(i.internal_alloc) for internal_alloc
    mallocra.o(i.__aligned_malloc$realloc) refers to mvars.o(.data) for __microlib_freelist_initialised
    mallocra.o(i.__aligned_malloc$realloc) refers to startup_stm32f103xe.o(HEAP) for __heap_base
    mallocra.o(i.__aligned_malloc$realloc) refers to mvars.o(.data) for __microlib_freelist
    mallocra.o(i.__free$realloc$memalign) refers to mvars.o(.data) for __microlib_freelist
    mallocra.o(i.__malloc$realloc$memalign) refers to mallocra.o(i.__aligned_malloc$realloc) for __aligned_malloc$realloc
    mallocra.o(i.__realloc$memalign) refers to mallocra.o(i.__free$realloc$memalign) for __free$realloc$memalign
    mallocra.o(i.__realloc$memalign) refers to mallocra.o(i.internal_alloc) for internal_alloc
    mallocra.o(i.__realloc$memalign) refers to mallocra.o(i.__malloc$realloc$memalign) for __malloc$realloc$memalign
    mallocra.o(i.__realloc$memalign) refers to mvars.o(.data) for __microlib_freelist
    mallocra.o(i.internal_alloc) refers to memcpya.o(.text) for __aeabi_memcpy
    mallocra.o(i.internal_alloc) refers to mvars.o(.data) for __microlib_freelist
    fadd.o(.text) refers (Special) to iusefp.o(.text) for __I$use$fp
    fadd.o(.text) refers to fepilogue.o(.text) for _float_epilogue
    fmul.o(.text) refers (Special) to iusefp.o(.text) for __I$use$fp
    dadd.o(.text) refers (Special) to iusefp.o(.text) for __I$use$fp
    dadd.o(.text) refers to llshl.o(.text) for __aeabi_llsl
    dadd.o(.text) refers to llsshr.o(.text) for __aeabi_lasr
    dadd.o(.text) refers to depilogue.o(.text) for _double_epilogue
    dmul.o(.text) refers (Special) to iusefp.o(.text) for __I$use$fp
    dmul.o(.text) refers to depilogue.o(.text) for _double_epilogue
    ddiv.o(.text) refers (Special) to iusefp.o(.text) for __I$use$fp
    ddiv.o(.text) refers to depilogue.o(.text) for _double_round
    dscalb.o(.text) refers (Special) to iusefp.o(.text) for __I$use$fp
    fflti.o(.text) refers (Special) to iusefp.o(.text) for __I$use$fp
    fflti.o(.text) refers to fepilogue.o(.text) for _float_epilogue
    ffltui.o(.text) refers (Special) to iusefp.o(.text) for __I$use$fp
    ffltui.o(.text) refers to fepilogue.o(.text) for _float_epilogue
    dfltui.o(.text) refers (Special) to iusefp.o(.text) for __I$use$fp
    dfltui.o(.text) refers to depilogue.o(.text) for _double_epilogue
    ffixi.o(.text) refers (Special) to iusefp.o(.text) for __I$use$fp
    dfixi.o(.text) refers (Special) to iusefp.o(.text) for __I$use$fp
    dfixi.o(.text) refers to llushr.o(.text) for __aeabi_llsr
    dfixui.o(.text) refers (Special) to iusefp.o(.text) for __I$use$fp
    dfixui.o(.text) refers to llushr.o(.text) for __aeabi_llsr
    f2d.o(.text) refers (Special) to iusefp.o(.text) for __I$use$fp
    cdrcmple.o(.text) refers (Special) to iusefp.o(.text) for __I$use$fp
    d2f.o(.text) refers (Special) to iusefp.o(.text) for __I$use$fp
    d2f.o(.text) refers to fepilogue.o(.text) for _float_round
    cfrcmple.o(.text) refers (Special) to iusefp.o(.text) for __I$use$fp
    entry2.o(.ARM.Collect$$$$00000001) refers to entry2.o(.ARM.Collect$$$$00002712) for __lit__00000000
    entry2.o(.ARM.Collect$$$$00002712) refers to startup_stm32f103xe.o(STACK) for __initial_sp
    entry2.o(__vectab_stack_and_reset_area) refers to startup_stm32f103xe.o(STACK) for __initial_sp
    entry2.o(__vectab_stack_and_reset_area) refers to entry.o(.ARM.Collect$$$$00000000) for __main
    entry5.o(.ARM.Collect$$$$00000004) refers to init.o(.text) for __scatterload
    entry9a.o(.ARM.Collect$$$$0000000B) refers to main.o(i.main) for main
    entry9b.o(.ARM.Collect$$$$0000000C) refers to main.o(i.main) for main
    uldiv.o(.text) refers to llushr.o(.text) for __aeabi_llsr
    uldiv.o(.text) refers to llshl.o(.text) for __aeabi_llsl
    depilogue.o(.text) refers to llshl.o(.text) for __aeabi_llsl
    depilogue.o(.text) refers to llushr.o(.text) for __aeabi_llsr
    dfixul.o(.text) refers to llushr.o(.text) for __aeabi_llsr
    dfixul.o(.text) refers to llshl.o(.text) for __aeabi_llsl
    init.o(.text) refers to entry5.o(.ARM.Collect$$$$00000004) for __main_after_scatterload


==============================================================================

Removing Unused input sections from the image.

    Removing main.o(.rev16_text), (4 bytes).
    Removing main.o(.revsh_text), (4 bytes).
    Removing main.o(.rrx_text), (6 bytes).
    Removing main.o(i.Error_Handler), (2 bytes).
    Removing main.o(.bss), (900 bytes).
    Removing stm32f1xx_it.o(.rev16_text), (4 bytes).
    Removing stm32f1xx_it.o(.revsh_text), (4 bytes).
    Removing stm32f1xx_it.o(.rrx_text), (6 bytes).
    Removing stm32f1xx_hal_msp.o(.rev16_text), (4 bytes).
    Removing stm32f1xx_hal_msp.o(.revsh_text), (4 bytes).
    Removing stm32f1xx_hal_msp.o(.rrx_text), (6 bytes).
    Removing stm32f1xx_hal_msp.o(i.HAL_SPI_MspDeInit), (40 bytes).
    Removing stm32f1xx_hal_msp.o(i.HAL_TIM_Base_MspDeInit), (28 bytes).
    Removing stm32f1xx_hal_msp.o(i.HAL_UART_MspDeInit), (84 bytes).
    Removing stm32f1xx_hal_gpio_ex.o(.rev16_text), (4 bytes).
    Removing stm32f1xx_hal_gpio_ex.o(.revsh_text), (4 bytes).
    Removing stm32f1xx_hal_gpio_ex.o(.rrx_text), (6 bytes).
    Removing stm32f1xx_hal_gpio_ex.o(i.HAL_GPIOEx_ConfigEventout), (20 bytes).
    Removing stm32f1xx_hal_gpio_ex.o(i.HAL_GPIOEx_DisableEventout), (16 bytes).
    Removing stm32f1xx_hal_gpio_ex.o(i.HAL_GPIOEx_EnableEventout), (16 bytes).
    Removing stm32f1xx_hal_tim.o(.rev16_text), (4 bytes).
    Removing stm32f1xx_hal_tim.o(.revsh_text), (4 bytes).
    Removing stm32f1xx_hal_tim.o(.rrx_text), (6 bytes).
    Removing stm32f1xx_hal_tim.o(i.HAL_TIM_Base_DeInit), (56 bytes).
    Removing stm32f1xx_hal_tim.o(i.HAL_TIM_Base_GetState), (6 bytes).
    Removing stm32f1xx_hal_tim.o(i.HAL_TIM_Base_MspDeInit), (2 bytes).
    Removing stm32f1xx_hal_tim.o(i.HAL_TIM_Base_MspInit), (2 bytes).
    Removing stm32f1xx_hal_tim.o(i.HAL_TIM_Base_Start_DMA), (116 bytes).
    Removing stm32f1xx_hal_tim.o(i.HAL_TIM_Base_Start_IT), (34 bytes).
    Removing stm32f1xx_hal_tim.o(i.HAL_TIM_Base_Stop_DMA), (58 bytes).
    Removing stm32f1xx_hal_tim.o(i.HAL_TIM_Base_Stop_IT), (42 bytes).
    Removing stm32f1xx_hal_tim.o(i.HAL_TIM_ConfigOCrefClear), (210 bytes).
    Removing stm32f1xx_hal_tim.o(i.HAL_TIM_ConfigTI1Input), (16 bytes).
    Removing stm32f1xx_hal_tim.o(i.HAL_TIM_DMABurst_ReadStart), (336 bytes).
    Removing stm32f1xx_hal_tim.o(i.HAL_TIM_DMABurst_ReadStop), (100 bytes).
    Removing stm32f1xx_hal_tim.o(i.HAL_TIM_DMABurst_WriteStart), (336 bytes).
    Removing stm32f1xx_hal_tim.o(i.HAL_TIM_DMABurst_WriteStop), (100 bytes).
    Removing stm32f1xx_hal_tim.o(i.HAL_TIM_Encoder_DeInit), (56 bytes).
    Removing stm32f1xx_hal_tim.o(i.HAL_TIM_Encoder_GetState), (6 bytes).
    Removing stm32f1xx_hal_tim.o(i.HAL_TIM_Encoder_Init), (152 bytes).
    Removing stm32f1xx_hal_tim.o(i.HAL_TIM_Encoder_MspDeInit), (2 bytes).
    Removing stm32f1xx_hal_tim.o(i.HAL_TIM_Encoder_MspInit), (2 bytes).
    Removing stm32f1xx_hal_tim.o(i.HAL_TIM_Encoder_Start), (52 bytes).
    Removing stm32f1xx_hal_tim.o(i.HAL_TIM_Encoder_Start_DMA), (312 bytes).
    Removing stm32f1xx_hal_tim.o(i.HAL_TIM_Encoder_Start_IT), (92 bytes).
    Removing stm32f1xx_hal_tim.o(i.HAL_TIM_Encoder_Stop), (70 bytes).
    Removing stm32f1xx_hal_tim.o(i.HAL_TIM_Encoder_Stop_DMA), (144 bytes).
    Removing stm32f1xx_hal_tim.o(i.HAL_TIM_Encoder_Stop_IT), (116 bytes).
    Removing stm32f1xx_hal_tim.o(i.HAL_TIM_ErrorCallback), (2 bytes).
    Removing stm32f1xx_hal_tim.o(i.HAL_TIM_GenerateEvent), (38 bytes).
    Removing stm32f1xx_hal_tim.o(i.HAL_TIM_IC_CaptureHalfCpltCallback), (2 bytes).
    Removing stm32f1xx_hal_tim.o(i.HAL_TIM_IC_ConfigChannel), (282 bytes).
    Removing stm32f1xx_hal_tim.o(i.HAL_TIM_IC_DeInit), (56 bytes).
    Removing stm32f1xx_hal_tim.o(i.HAL_TIM_IC_GetState), (6 bytes).
    Removing stm32f1xx_hal_tim.o(i.HAL_TIM_IC_Init), (54 bytes).
    Removing stm32f1xx_hal_tim.o(i.HAL_TIM_IC_MspDeInit), (2 bytes).
    Removing stm32f1xx_hal_tim.o(i.HAL_TIM_IC_MspInit), (2 bytes).
    Removing stm32f1xx_hal_tim.o(i.HAL_TIM_IC_Start), (36 bytes).
    Removing stm32f1xx_hal_tim.o(i.HAL_TIM_IC_Start_DMA), (248 bytes).
    Removing stm32f1xx_hal_tim.o(i.HAL_TIM_IC_Start_IT), (86 bytes).
    Removing stm32f1xx_hal_tim.o(i.HAL_TIM_IC_Stop), (44 bytes).
    Removing stm32f1xx_hal_tim.o(i.HAL_TIM_IC_Stop_DMA), (122 bytes).
    Removing stm32f1xx_hal_tim.o(i.HAL_TIM_IC_Stop_IT), (94 bytes).
    Removing stm32f1xx_hal_tim.o(i.HAL_TIM_OC_DeInit), (56 bytes).
    Removing stm32f1xx_hal_tim.o(i.HAL_TIM_OC_GetState), (6 bytes).
    Removing stm32f1xx_hal_tim.o(i.HAL_TIM_OC_MspDeInit), (2 bytes).
    Removing stm32f1xx_hal_tim.o(i.HAL_TIM_OC_Start), (68 bytes).
    Removing stm32f1xx_hal_tim.o(i.HAL_TIM_OC_Start_DMA), (288 bytes).
    Removing stm32f1xx_hal_tim.o(i.HAL_TIM_OC_Start_IT), (116 bytes).
    Removing stm32f1xx_hal_tim.o(i.HAL_TIM_OC_Stop), (88 bytes).
    Removing stm32f1xx_hal_tim.o(i.HAL_TIM_OC_Stop_DMA), (164 bytes).
    Removing stm32f1xx_hal_tim.o(i.HAL_TIM_OC_Stop_IT), (136 bytes).
    Removing stm32f1xx_hal_tim.o(i.HAL_TIM_OnePulse_ConfigChannel), (218 bytes).
    Removing stm32f1xx_hal_tim.o(i.HAL_TIM_OnePulse_DeInit), (56 bytes).
    Removing stm32f1xx_hal_tim.o(i.HAL_TIM_OnePulse_GetState), (6 bytes).
    Removing stm32f1xx_hal_tim.o(i.HAL_TIM_OnePulse_Init), (74 bytes).
    Removing stm32f1xx_hal_tim.o(i.HAL_TIM_OnePulse_MspDeInit), (2 bytes).
    Removing stm32f1xx_hal_tim.o(i.HAL_TIM_OnePulse_MspInit), (2 bytes).
    Removing stm32f1xx_hal_tim.o(i.HAL_TIM_OnePulse_Start), (60 bytes).
    Removing stm32f1xx_hal_tim.o(i.HAL_TIM_OnePulse_Start_IT), (80 bytes).
    Removing stm32f1xx_hal_tim.o(i.HAL_TIM_OnePulse_Stop), (100 bytes).
    Removing stm32f1xx_hal_tim.o(i.HAL_TIM_OnePulse_Stop_IT), (120 bytes).
    Removing stm32f1xx_hal_tim.o(i.HAL_TIM_PWM_ConfigChannel), (208 bytes).
    Removing stm32f1xx_hal_tim.o(i.HAL_TIM_PWM_DeInit), (56 bytes).
    Removing stm32f1xx_hal_tim.o(i.HAL_TIM_PWM_GetState), (6 bytes).
    Removing stm32f1xx_hal_tim.o(i.HAL_TIM_PWM_Init), (54 bytes).
    Removing stm32f1xx_hal_tim.o(i.HAL_TIM_PWM_MspDeInit), (2 bytes).
    Removing stm32f1xx_hal_tim.o(i.HAL_TIM_PWM_MspInit), (2 bytes).
    Removing stm32f1xx_hal_tim.o(i.HAL_TIM_PWM_PulseFinishedHalfCpltCallback), (2 bytes).
    Removing stm32f1xx_hal_tim.o(i.HAL_TIM_PWM_Start), (68 bytes).
    Removing stm32f1xx_hal_tim.o(i.HAL_TIM_PWM_Start_DMA), (288 bytes).
    Removing stm32f1xx_hal_tim.o(i.HAL_TIM_PWM_Start_IT), (116 bytes).
    Removing stm32f1xx_hal_tim.o(i.HAL_TIM_PWM_Stop), (92 bytes).
    Removing stm32f1xx_hal_tim.o(i.HAL_TIM_PWM_Stop_DMA), (164 bytes).
    Removing stm32f1xx_hal_tim.o(i.HAL_TIM_PWM_Stop_IT), (136 bytes).
    Removing stm32f1xx_hal_tim.o(i.HAL_TIM_PeriodElapsedCallback), (2 bytes).
    Removing stm32f1xx_hal_tim.o(i.HAL_TIM_PeriodElapsedHalfCpltCallback), (2 bytes).
    Removing stm32f1xx_hal_tim.o(i.HAL_TIM_ReadCapturedValue), (42 bytes).
    Removing stm32f1xx_hal_tim.o(i.HAL_TIM_SlaveConfigSynchro), (86 bytes).
    Removing stm32f1xx_hal_tim.o(i.HAL_TIM_SlaveConfigSynchro_IT), (86 bytes).
    Removing stm32f1xx_hal_tim.o(i.HAL_TIM_TriggerHalfCpltCallback), (2 bytes).
    Removing stm32f1xx_hal_tim.o(i.TIM_CCxChannelCmd), (26 bytes).
    Removing stm32f1xx_hal_tim.o(i.TIM_DMACaptureCplt), (62 bytes).
    Removing stm32f1xx_hal_tim.o(i.TIM_DMACaptureHalfCplt), (62 bytes).
    Removing stm32f1xx_hal_tim.o(i.TIM_DMADelayPulseCplt), (62 bytes).
    Removing stm32f1xx_hal_tim.o(i.TIM_DMADelayPulseHalfCplt), (62 bytes).
    Removing stm32f1xx_hal_tim.o(i.TIM_DMAError), (16 bytes).
    Removing stm32f1xx_hal_tim.o(i.TIM_DMAPeriodElapsedCplt), (16 bytes).
    Removing stm32f1xx_hal_tim.o(i.TIM_DMAPeriodElapsedHalfCplt), (16 bytes).
    Removing stm32f1xx_hal_tim.o(i.TIM_DMATriggerCplt), (16 bytes).
    Removing stm32f1xx_hal_tim.o(i.TIM_DMATriggerHalfCplt), (16 bytes).
    Removing stm32f1xx_hal_tim.o(i.TIM_SlaveTimer_SetConfig), (134 bytes).
    Removing stm32f1xx_hal_tim.o(i.TIM_TI1_SetConfig), (108 bytes).
    Removing stm32f1xx_hal_tim.o(i.TIM_TI2_SetConfig), (54 bytes).
    Removing stm32f1xx_hal_tim_ex.o(.rev16_text), (4 bytes).
    Removing stm32f1xx_hal_tim_ex.o(.revsh_text), (4 bytes).
    Removing stm32f1xx_hal_tim_ex.o(.rrx_text), (6 bytes).
    Removing stm32f1xx_hal_tim_ex.o(i.HAL_TIMEx_CommutHalfCpltCallback), (2 bytes).
    Removing stm32f1xx_hal_tim_ex.o(i.HAL_TIMEx_ConfigBreakDeadTime), (84 bytes).
    Removing stm32f1xx_hal_tim_ex.o(i.HAL_TIMEx_ConfigCommutEvent), (112 bytes).
    Removing stm32f1xx_hal_tim_ex.o(i.HAL_TIMEx_ConfigCommutEvent_DMA), (144 bytes).
    Removing stm32f1xx_hal_tim_ex.o(i.HAL_TIMEx_ConfigCommutEvent_IT), (112 bytes).
    Removing stm32f1xx_hal_tim_ex.o(i.HAL_TIMEx_HallSensor_DeInit), (56 bytes).
    Removing stm32f1xx_hal_tim_ex.o(i.HAL_TIMEx_HallSensor_GetState), (6 bytes).
    Removing stm32f1xx_hal_tim_ex.o(i.HAL_TIMEx_HallSensor_Init), (188 bytes).
    Removing stm32f1xx_hal_tim_ex.o(i.HAL_TIMEx_HallSensor_MspDeInit), (2 bytes).
    Removing stm32f1xx_hal_tim_ex.o(i.HAL_TIMEx_HallSensor_MspInit), (2 bytes).
    Removing stm32f1xx_hal_tim_ex.o(i.HAL_TIMEx_HallSensor_Start), (38 bytes).
    Removing stm32f1xx_hal_tim_ex.o(i.HAL_TIMEx_HallSensor_Start_DMA), (128 bytes).
    Removing stm32f1xx_hal_tim_ex.o(i.HAL_TIMEx_HallSensor_Start_IT), (48 bytes).
    Removing stm32f1xx_hal_tim_ex.o(i.HAL_TIMEx_HallSensor_Stop), (46 bytes).
    Removing stm32f1xx_hal_tim_ex.o(i.HAL_TIMEx_HallSensor_Stop_DMA), (62 bytes).
    Removing stm32f1xx_hal_tim_ex.o(i.HAL_TIMEx_HallSensor_Stop_IT), (56 bytes).
    Removing stm32f1xx_hal_tim_ex.o(i.HAL_TIMEx_OCN_Start), (46 bytes).
    Removing stm32f1xx_hal_tim_ex.o(i.HAL_TIMEx_OCN_Start_DMA), (228 bytes).
    Removing stm32f1xx_hal_tim_ex.o(i.HAL_TIMEx_OCN_Start_IT), (94 bytes).
    Removing stm32f1xx_hal_tim_ex.o(i.HAL_TIMEx_OCN_Stop), (68 bytes).
    Removing stm32f1xx_hal_tim_ex.o(i.HAL_TIMEx_OCN_Stop_DMA), (130 bytes).
    Removing stm32f1xx_hal_tim_ex.o(i.HAL_TIMEx_OCN_Stop_IT), (122 bytes).
    Removing stm32f1xx_hal_tim_ex.o(i.HAL_TIMEx_OnePulseN_Start), (26 bytes).
    Removing stm32f1xx_hal_tim_ex.o(i.HAL_TIMEx_OnePulseN_Start_IT), (46 bytes).
    Removing stm32f1xx_hal_tim_ex.o(i.HAL_TIMEx_OnePulseN_Stop), (68 bytes).
    Removing stm32f1xx_hal_tim_ex.o(i.HAL_TIMEx_OnePulseN_Stop_IT), (88 bytes).
    Removing stm32f1xx_hal_tim_ex.o(i.HAL_TIMEx_PWMN_Start), (46 bytes).
    Removing stm32f1xx_hal_tim_ex.o(i.HAL_TIMEx_PWMN_Start_DMA), (228 bytes).
    Removing stm32f1xx_hal_tim_ex.o(i.HAL_TIMEx_PWMN_Start_IT), (94 bytes).
    Removing stm32f1xx_hal_tim_ex.o(i.HAL_TIMEx_PWMN_Stop), (68 bytes).
    Removing stm32f1xx_hal_tim_ex.o(i.HAL_TIMEx_PWMN_Stop_DMA), (130 bytes).
    Removing stm32f1xx_hal_tim_ex.o(i.HAL_TIMEx_PWMN_Stop_IT), (122 bytes).
    Removing stm32f1xx_hal_tim_ex.o(i.HAL_TIMEx_RemapConfig), (4 bytes).
    Removing stm32f1xx_hal_tim_ex.o(i.TIMEx_DMACommutationCplt), (16 bytes).
    Removing stm32f1xx_hal_tim_ex.o(i.TIMEx_DMACommutationHalfCplt), (16 bytes).
    Removing stm32f1xx_hal_tim_ex.o(i.TIM_CCxNChannelCmd), (26 bytes).
    Removing stm32f1xx_hal.o(.rev16_text), (4 bytes).
    Removing stm32f1xx_hal.o(.revsh_text), (4 bytes).
    Removing stm32f1xx_hal.o(.rrx_text), (6 bytes).
    Removing stm32f1xx_hal.o(i.HAL_DBGMCU_DisableDBGSleepMode), (16 bytes).
    Removing stm32f1xx_hal.o(i.HAL_DBGMCU_DisableDBGStandbyMode), (16 bytes).
    Removing stm32f1xx_hal.o(i.HAL_DBGMCU_DisableDBGStopMode), (16 bytes).
    Removing stm32f1xx_hal.o(i.HAL_DBGMCU_EnableDBGSleepMode), (16 bytes).
    Removing stm32f1xx_hal.o(i.HAL_DBGMCU_EnableDBGStandbyMode), (16 bytes).
    Removing stm32f1xx_hal.o(i.HAL_DBGMCU_EnableDBGStopMode), (16 bytes).
    Removing stm32f1xx_hal.o(i.HAL_DeInit), (32 bytes).
    Removing stm32f1xx_hal.o(i.HAL_GetDEVID), (16 bytes).
    Removing stm32f1xx_hal.o(i.HAL_GetHalVersion), (8 bytes).
    Removing stm32f1xx_hal.o(i.HAL_GetREVID), (12 bytes).
    Removing stm32f1xx_hal.o(i.HAL_GetTickFreq), (12 bytes).
    Removing stm32f1xx_hal.o(i.HAL_GetTickPrio), (12 bytes).
    Removing stm32f1xx_hal.o(i.HAL_GetUIDw0), (12 bytes).
    Removing stm32f1xx_hal.o(i.HAL_GetUIDw1), (12 bytes).
    Removing stm32f1xx_hal.o(i.HAL_GetUIDw2), (12 bytes).
    Removing stm32f1xx_hal.o(i.HAL_MspDeInit), (2 bytes).
    Removing stm32f1xx_hal.o(i.HAL_MspInit), (2 bytes).
    Removing stm32f1xx_hal.o(i.HAL_ResumeTick), (14 bytes).
    Removing stm32f1xx_hal.o(i.HAL_SetTickFreq), (32 bytes).
    Removing stm32f1xx_hal.o(i.HAL_SuspendTick), (14 bytes).
    Removing stm32f1xx_hal_rcc.o(.rev16_text), (4 bytes).
    Removing stm32f1xx_hal_rcc.o(.revsh_text), (4 bytes).
    Removing stm32f1xx_hal_rcc.o(.rrx_text), (6 bytes).
    Removing stm32f1xx_hal_rcc.o(i.HAL_RCC_CSSCallback), (2 bytes).
    Removing stm32f1xx_hal_rcc.o(i.HAL_RCC_DeInit), (220 bytes).
    Removing stm32f1xx_hal_rcc.o(i.HAL_RCC_DisableCSS), (12 bytes).
    Removing stm32f1xx_hal_rcc.o(i.HAL_RCC_EnableCSS), (12 bytes).
    Removing stm32f1xx_hal_rcc.o(i.HAL_RCC_GetClockConfig), (64 bytes).
    Removing stm32f1xx_hal_rcc.o(i.HAL_RCC_GetHCLKFreq), (12 bytes).
    Removing stm32f1xx_hal_rcc.o(i.HAL_RCC_GetOscConfig), (144 bytes).
    Removing stm32f1xx_hal_rcc.o(i.HAL_RCC_MCOConfig), (72 bytes).
    Removing stm32f1xx_hal_rcc.o(i.HAL_RCC_NMI_IRQHandler), (24 bytes).
    Removing stm32f1xx_hal_rcc_ex.o(.rev16_text), (4 bytes).
    Removing stm32f1xx_hal_rcc_ex.o(.revsh_text), (4 bytes).
    Removing stm32f1xx_hal_rcc_ex.o(.rrx_text), (6 bytes).
    Removing stm32f1xx_hal_rcc_ex.o(i.HAL_RCCEx_GetPeriphCLKConfig), (52 bytes).
    Removing stm32f1xx_hal_rcc_ex.o(i.HAL_RCCEx_GetPeriphCLKFreq), (212 bytes).
    Removing stm32f1xx_hal_rcc_ex.o(i.HAL_RCCEx_PeriphCLKConfig), (236 bytes).
    Removing stm32f1xx_hal_gpio.o(.rev16_text), (4 bytes).
    Removing stm32f1xx_hal_gpio.o(.revsh_text), (4 bytes).
    Removing stm32f1xx_hal_gpio.o(.rrx_text), (6 bytes).
    Removing stm32f1xx_hal_gpio.o(i.HAL_GPIO_DeInit), (288 bytes).
    Removing stm32f1xx_hal_gpio.o(i.HAL_GPIO_EXTI_Callback), (2 bytes).
    Removing stm32f1xx_hal_gpio.o(i.HAL_GPIO_EXTI_IRQHandler), (24 bytes).
    Removing stm32f1xx_hal_gpio.o(i.HAL_GPIO_LockPin), (34 bytes).
    Removing stm32f1xx_hal_gpio.o(i.HAL_GPIO_ReadPin), (10 bytes).
    Removing stm32f1xx_hal_gpio.o(i.HAL_GPIO_TogglePin), (14 bytes).
    Removing stm32f1xx_hal_dma.o(.rev16_text), (4 bytes).
    Removing stm32f1xx_hal_dma.o(.revsh_text), (4 bytes).
    Removing stm32f1xx_hal_dma.o(.rrx_text), (6 bytes).
    Removing stm32f1xx_hal_dma.o(i.DMA_SetConfig), (42 bytes).
    Removing stm32f1xx_hal_dma.o(i.HAL_DMA_Abort), (70 bytes).
    Removing stm32f1xx_hal_dma.o(i.HAL_DMA_DeInit), (128 bytes).
    Removing stm32f1xx_hal_dma.o(i.HAL_DMA_GetError), (4 bytes).
    Removing stm32f1xx_hal_dma.o(i.HAL_DMA_GetState), (6 bytes).
    Removing stm32f1xx_hal_dma.o(i.HAL_DMA_IRQHandler), (584 bytes).
    Removing stm32f1xx_hal_dma.o(i.HAL_DMA_Init), (124 bytes).
    Removing stm32f1xx_hal_dma.o(i.HAL_DMA_PollForTransfer), (988 bytes).
    Removing stm32f1xx_hal_dma.o(i.HAL_DMA_RegisterCallback), (74 bytes).
    Removing stm32f1xx_hal_dma.o(i.HAL_DMA_Start), (80 bytes).
    Removing stm32f1xx_hal_dma.o(i.HAL_DMA_Start_IT), (112 bytes).
    Removing stm32f1xx_hal_dma.o(i.HAL_DMA_UnRegisterCallback), (82 bytes).
    Removing stm32f1xx_hal_cortex.o(.rev16_text), (4 bytes).
    Removing stm32f1xx_hal_cortex.o(.revsh_text), (4 bytes).
    Removing stm32f1xx_hal_cortex.o(.rrx_text), (6 bytes).
    Removing stm32f1xx_hal_cortex.o(i.HAL_NVIC_ClearPendingIRQ), (26 bytes).
    Removing stm32f1xx_hal_cortex.o(i.HAL_NVIC_DisableIRQ), (34 bytes).
    Removing stm32f1xx_hal_cortex.o(i.HAL_NVIC_GetActive), (36 bytes).
    Removing stm32f1xx_hal_cortex.o(i.HAL_NVIC_GetPendingIRQ), (36 bytes).
    Removing stm32f1xx_hal_cortex.o(i.HAL_NVIC_GetPriority), (82 bytes).
    Removing stm32f1xx_hal_cortex.o(i.HAL_NVIC_GetPriorityGrouping), (16 bytes).
    Removing stm32f1xx_hal_cortex.o(i.HAL_NVIC_SetPendingIRQ), (26 bytes).
    Removing stm32f1xx_hal_cortex.o(i.HAL_NVIC_SystemReset), (36 bytes).
    Removing stm32f1xx_hal_cortex.o(i.HAL_SYSTICK_CLKSourceConfig), (24 bytes).
    Removing stm32f1xx_hal_cortex.o(i.HAL_SYSTICK_Callback), (2 bytes).
    Removing stm32f1xx_hal_cortex.o(i.HAL_SYSTICK_IRQHandler), (8 bytes).
    Removing stm32f1xx_hal_pwr.o(.rev16_text), (4 bytes).
    Removing stm32f1xx_hal_pwr.o(.revsh_text), (4 bytes).
    Removing stm32f1xx_hal_pwr.o(.rrx_text), (6 bytes).
    Removing stm32f1xx_hal_pwr.o(i.HAL_PWR_ConfigPVD), (124 bytes).
    Removing stm32f1xx_hal_pwr.o(i.HAL_PWR_DeInit), (24 bytes).
    Removing stm32f1xx_hal_pwr.o(i.HAL_PWR_DisableBkUpAccess), (12 bytes).
    Removing stm32f1xx_hal_pwr.o(i.HAL_PWR_DisablePVD), (12 bytes).
    Removing stm32f1xx_hal_pwr.o(i.HAL_PWR_DisableSEVOnPend), (16 bytes).
    Removing stm32f1xx_hal_pwr.o(i.HAL_PWR_DisableSleepOnExit), (16 bytes).
    Removing stm32f1xx_hal_pwr.o(i.HAL_PWR_DisableWakeUpPin), (28 bytes).
    Removing stm32f1xx_hal_pwr.o(i.HAL_PWR_EnableBkUpAccess), (12 bytes).
    Removing stm32f1xx_hal_pwr.o(i.HAL_PWR_EnablePVD), (12 bytes).
    Removing stm32f1xx_hal_pwr.o(i.HAL_PWR_EnableSEVOnPend), (16 bytes).
    Removing stm32f1xx_hal_pwr.o(i.HAL_PWR_EnableSleepOnExit), (16 bytes).
    Removing stm32f1xx_hal_pwr.o(i.HAL_PWR_EnableWakeUpPin), (28 bytes).
    Removing stm32f1xx_hal_pwr.o(i.HAL_PWR_EnterSLEEPMode), (32 bytes).
    Removing stm32f1xx_hal_pwr.o(i.HAL_PWR_EnterSTANDBYMode), (32 bytes).
    Removing stm32f1xx_hal_pwr.o(i.HAL_PWR_EnterSTOPMode), (68 bytes).
    Removing stm32f1xx_hal_pwr.o(i.HAL_PWR_PVDCallback), (2 bytes).
    Removing stm32f1xx_hal_pwr.o(i.HAL_PWR_PVD_IRQHandler), (28 bytes).
    Removing stm32f1xx_hal_pwr.o(i.PWR_OverloadWfe), (6 bytes).
    Removing stm32f1xx_hal_flash.o(.rev16_text), (4 bytes).
    Removing stm32f1xx_hal_flash.o(.revsh_text), (4 bytes).
    Removing stm32f1xx_hal_flash.o(.rrx_text), (6 bytes).
    Removing stm32f1xx_hal_flash.o(i.FLASH_Program_HalfWord), (28 bytes).
    Removing stm32f1xx_hal_flash.o(i.FLASH_SetErrorCode), (92 bytes).
    Removing stm32f1xx_hal_flash.o(i.FLASH_WaitForLastOperation), (84 bytes).
    Removing stm32f1xx_hal_flash.o(i.HAL_FLASH_EndOfOperationCallback), (2 bytes).
    Removing stm32f1xx_hal_flash.o(i.HAL_FLASH_GetError), (12 bytes).
    Removing stm32f1xx_hal_flash.o(i.HAL_FLASH_IRQHandler), (264 bytes).
    Removing stm32f1xx_hal_flash.o(i.HAL_FLASH_Lock), (20 bytes).
    Removing stm32f1xx_hal_flash.o(i.HAL_FLASH_OB_Launch), (4 bytes).
    Removing stm32f1xx_hal_flash.o(i.HAL_FLASH_OB_Lock), (20 bytes).
    Removing stm32f1xx_hal_flash.o(i.HAL_FLASH_OB_Unlock), (36 bytes).
    Removing stm32f1xx_hal_flash.o(i.HAL_FLASH_OperationErrorCallback), (2 bytes).
    Removing stm32f1xx_hal_flash.o(i.HAL_FLASH_Program), (128 bytes).
    Removing stm32f1xx_hal_flash.o(i.HAL_FLASH_Program_IT), (100 bytes).
    Removing stm32f1xx_hal_flash.o(i.HAL_FLASH_Unlock), (40 bytes).
    Removing stm32f1xx_hal_flash.o(.bss), (32 bytes).
    Removing stm32f1xx_hal_flash_ex.o(.rev16_text), (4 bytes).
    Removing stm32f1xx_hal_flash_ex.o(.revsh_text), (4 bytes).
    Removing stm32f1xx_hal_flash_ex.o(.rrx_text), (6 bytes).
    Removing stm32f1xx_hal_flash_ex.o(i.FLASH_MassErase), (36 bytes).
    Removing stm32f1xx_hal_flash_ex.o(i.FLASH_OB_DisableWRP), (176 bytes).
    Removing stm32f1xx_hal_flash_ex.o(i.FLASH_OB_EnableWRP), (176 bytes).
    Removing stm32f1xx_hal_flash_ex.o(i.FLASH_OB_GetRDP), (24 bytes).
    Removing stm32f1xx_hal_flash_ex.o(i.FLASH_OB_RDP_LevelConfig), (100 bytes).
    Removing stm32f1xx_hal_flash_ex.o(i.FLASH_PageErase), (36 bytes).
    Removing stm32f1xx_hal_flash_ex.o(i.HAL_FLASHEx_Erase), (168 bytes).
    Removing stm32f1xx_hal_flash_ex.o(i.HAL_FLASHEx_Erase_IT), (84 bytes).
    Removing stm32f1xx_hal_flash_ex.o(i.HAL_FLASHEx_OBErase), (84 bytes).
    Removing stm32f1xx_hal_flash_ex.o(i.HAL_FLASHEx_OBGetConfig), (36 bytes).
    Removing stm32f1xx_hal_flash_ex.o(i.HAL_FLASHEx_OBGetUserData), (32 bytes).
    Removing stm32f1xx_hal_flash_ex.o(i.HAL_FLASHEx_OBProgram), (200 bytes).
    Removing stm32f1xx_hal_exti.o(.rev16_text), (4 bytes).
    Removing stm32f1xx_hal_exti.o(.revsh_text), (4 bytes).
    Removing stm32f1xx_hal_exti.o(.rrx_text), (6 bytes).
    Removing stm32f1xx_hal_exti.o(i.HAL_EXTI_ClearConfigLine), (104 bytes).
    Removing stm32f1xx_hal_exti.o(i.HAL_EXTI_ClearPending), (20 bytes).
    Removing stm32f1xx_hal_exti.o(i.HAL_EXTI_GenerateSWI), (20 bytes).
    Removing stm32f1xx_hal_exti.o(i.HAL_EXTI_GetConfigLine), (152 bytes).
    Removing stm32f1xx_hal_exti.o(i.HAL_EXTI_GetHandle), (12 bytes).
    Removing stm32f1xx_hal_exti.o(i.HAL_EXTI_GetPending), (24 bytes).
    Removing stm32f1xx_hal_exti.o(i.HAL_EXTI_IRQHandler), (36 bytes).
    Removing stm32f1xx_hal_exti.o(i.HAL_EXTI_RegisterCallback), (14 bytes).
    Removing stm32f1xx_hal_exti.o(i.HAL_EXTI_SetConfigLine), (164 bytes).
    Removing stm32f1xx_hal_uart.o(.rev16_text), (4 bytes).
    Removing stm32f1xx_hal_uart.o(.revsh_text), (4 bytes).
    Removing stm32f1xx_hal_uart.o(.rrx_text), (6 bytes).
    Removing stm32f1xx_hal_uart.o(i.HAL_HalfDuplex_EnableReceiver), (50 bytes).
    Removing stm32f1xx_hal_uart.o(i.HAL_HalfDuplex_EnableTransmitter), (50 bytes).
    Removing stm32f1xx_hal_uart.o(i.HAL_HalfDuplex_Init), (108 bytes).
    Removing stm32f1xx_hal_uart.o(i.HAL_LIN_Init), (128 bytes).
    Removing stm32f1xx_hal_uart.o(i.HAL_LIN_SendBreak), (46 bytes).
    Removing stm32f1xx_hal_uart.o(i.HAL_MultiProcessor_EnterMuteMode), (46 bytes).
    Removing stm32f1xx_hal_uart.o(i.HAL_MultiProcessor_ExitMuteMode), (46 bytes).
    Removing stm32f1xx_hal_uart.o(i.HAL_MultiProcessor_Init), (142 bytes).
    Removing stm32f1xx_hal_uart.o(i.HAL_UART_Abort), (138 bytes).
    Removing stm32f1xx_hal_uart.o(i.HAL_UART_AbortCpltCallback), (2 bytes).
    Removing stm32f1xx_hal_uart.o(i.HAL_UART_AbortReceive), (88 bytes).
    Removing stm32f1xx_hal_uart.o(i.HAL_UART_AbortReceiveCpltCallback), (2 bytes).
    Removing stm32f1xx_hal_uart.o(i.HAL_UART_AbortReceive_IT), (92 bytes).
    Removing stm32f1xx_hal_uart.o(i.HAL_UART_AbortTransmit), (78 bytes).
    Removing stm32f1xx_hal_uart.o(i.HAL_UART_AbortTransmitCpltCallback), (2 bytes).
    Removing stm32f1xx_hal_uart.o(i.HAL_UART_AbortTransmit_IT), (84 bytes).
    Removing stm32f1xx_hal_uart.o(i.HAL_UART_Abort_IT), (172 bytes).
    Removing stm32f1xx_hal_uart.o(i.HAL_UART_DMAPause), (102 bytes).
    Removing stm32f1xx_hal_uart.o(i.HAL_UART_DMAResume), (94 bytes).
    Removing stm32f1xx_hal_uart.o(i.HAL_UART_DMAStop), (88 bytes).
    Removing stm32f1xx_hal_uart.o(i.HAL_UART_DeInit), (50 bytes).
    Removing stm32f1xx_hal_uart.o(i.HAL_UART_GetError), (4 bytes).
    Removing stm32f1xx_hal_uart.o(i.HAL_UART_GetState), (10 bytes).
    Removing stm32f1xx_hal_uart.o(i.HAL_UART_MspDeInit), (2 bytes).
    Removing stm32f1xx_hal_uart.o(i.HAL_UART_MspInit), (2 bytes).
    Removing stm32f1xx_hal_uart.o(i.HAL_UART_Receive), (184 bytes).
    Removing stm32f1xx_hal_uart.o(i.HAL_UART_Receive_DMA), (152 bytes).
    Removing stm32f1xx_hal_uart.o(i.HAL_UART_RxCpltCallback), (2 bytes).
    Removing stm32f1xx_hal_uart.o(i.HAL_UART_RxHalfCpltCallback), (2 bytes).
    Removing stm32f1xx_hal_uart.o(i.HAL_UART_Transmit_DMA), (128 bytes).
    Removing stm32f1xx_hal_uart.o(i.HAL_UART_Transmit_IT), (62 bytes).
    Removing stm32f1xx_hal_uart.o(i.HAL_UART_TxHalfCpltCallback), (2 bytes).
    Removing stm32f1xx_hal_uart.o(i.UART_DMAError), (74 bytes).
    Removing stm32f1xx_hal_uart.o(i.UART_DMAReceiveCplt), (60 bytes).
    Removing stm32f1xx_hal_uart.o(i.UART_DMARxAbortCallback), (42 bytes).
    Removing stm32f1xx_hal_uart.o(i.UART_DMARxHalfCplt), (10 bytes).
    Removing stm32f1xx_hal_uart.o(i.UART_DMARxOnlyAbortCallback), (20 bytes).
    Removing stm32f1xx_hal_uart.o(i.UART_DMATransmitCplt), (46 bytes).
    Removing stm32f1xx_hal_uart.o(i.UART_DMATxAbortCallback), (42 bytes).
    Removing stm32f1xx_hal_uart.o(i.UART_DMATxHalfCplt), (10 bytes).
    Removing stm32f1xx_hal_uart.o(i.UART_DMATxOnlyAbortCallback), (20 bytes).
    Removing stm32f1xx_hal_uart.o(i.UART_EndTxTransfer), (18 bytes).
    Removing stm32f1xx_hal_spi.o(.rev16_text), (4 bytes).
    Removing stm32f1xx_hal_spi.o(.revsh_text), (4 bytes).
    Removing stm32f1xx_hal_spi.o(.rrx_text), (6 bytes).
    Removing stm32f1xx_hal_spi.o(i.HAL_SPI_Abort), (288 bytes).
    Removing stm32f1xx_hal_spi.o(i.HAL_SPI_AbortCpltCallback), (2 bytes).
    Removing stm32f1xx_hal_spi.o(i.HAL_SPI_Abort_IT), (288 bytes).
    Removing stm32f1xx_hal_spi.o(i.HAL_SPI_DMAPause), (38 bytes).
    Removing stm32f1xx_hal_spi.o(i.HAL_SPI_DMAResume), (38 bytes).
    Removing stm32f1xx_hal_spi.o(i.HAL_SPI_DMAStop), (66 bytes).
    Removing stm32f1xx_hal_spi.o(i.HAL_SPI_DeInit), (46 bytes).
    Removing stm32f1xx_hal_spi.o(i.HAL_SPI_ErrorCallback), (2 bytes).
    Removing stm32f1xx_hal_spi.o(i.HAL_SPI_GetError), (4 bytes).
    Removing stm32f1xx_hal_spi.o(i.HAL_SPI_GetState), (6 bytes).
    Removing stm32f1xx_hal_spi.o(i.HAL_SPI_IRQHandler), (224 bytes).
    Removing stm32f1xx_hal_spi.o(i.HAL_SPI_MspDeInit), (2 bytes).
    Removing stm32f1xx_hal_spi.o(i.HAL_SPI_MspInit), (2 bytes).
    Removing stm32f1xx_hal_spi.o(i.HAL_SPI_Receive), (336 bytes).
    Removing stm32f1xx_hal_spi.o(i.HAL_SPI_Receive_DMA), (232 bytes).
    Removing stm32f1xx_hal_spi.o(i.HAL_SPI_Receive_IT), (164 bytes).
    Removing stm32f1xx_hal_spi.o(i.HAL_SPI_RxCpltCallback), (2 bytes).
    Removing stm32f1xx_hal_spi.o(i.HAL_SPI_RxHalfCpltCallback), (2 bytes).
    Removing stm32f1xx_hal_spi.o(i.HAL_SPI_TransmitReceive_DMA), (292 bytes).
    Removing stm32f1xx_hal_spi.o(i.HAL_SPI_TransmitReceive_IT), (164 bytes).
    Removing stm32f1xx_hal_spi.o(i.HAL_SPI_Transmit_DMA), (204 bytes).
    Removing stm32f1xx_hal_spi.o(i.HAL_SPI_Transmit_IT), (140 bytes).
    Removing stm32f1xx_hal_spi.o(i.HAL_SPI_TxCpltCallback), (2 bytes).
    Removing stm32f1xx_hal_spi.o(i.HAL_SPI_TxHalfCpltCallback), (2 bytes).
    Removing stm32f1xx_hal_spi.o(i.HAL_SPI_TxRxCpltCallback), (2 bytes).
    Removing stm32f1xx_hal_spi.o(i.HAL_SPI_TxRxHalfCpltCallback), (2 bytes).
    Removing stm32f1xx_hal_spi.o(i.SPI_2linesRxISR_16BIT), (48 bytes).
    Removing stm32f1xx_hal_spi.o(i.SPI_2linesRxISR_8BIT), (48 bytes).
    Removing stm32f1xx_hal_spi.o(i.SPI_2linesTxISR_16BIT), (48 bytes).
    Removing stm32f1xx_hal_spi.o(i.SPI_2linesTxISR_8BIT), (48 bytes).
    Removing stm32f1xx_hal_spi.o(i.SPI_AbortRx_ISR), (80 bytes).
    Removing stm32f1xx_hal_spi.o(i.SPI_AbortTx_ISR), (28 bytes).
    Removing stm32f1xx_hal_spi.o(i.SPI_CloseRxTx_ISR), (144 bytes).
    Removing stm32f1xx_hal_spi.o(i.SPI_CloseRx_ISR), (76 bytes).
    Removing stm32f1xx_hal_spi.o(i.SPI_CloseTx_ISR), (124 bytes).
    Removing stm32f1xx_hal_spi.o(i.SPI_DMAAbortOnError), (16 bytes).
    Removing stm32f1xx_hal_spi.o(i.SPI_DMAError), (34 bytes).
    Removing stm32f1xx_hal_spi.o(i.SPI_DMAHalfReceiveCplt), (10 bytes).
    Removing stm32f1xx_hal_spi.o(i.SPI_DMAHalfTransmitCplt), (10 bytes).
    Removing stm32f1xx_hal_spi.o(i.SPI_DMAHalfTransmitReceiveCplt), (10 bytes).
    Removing stm32f1xx_hal_spi.o(i.SPI_DMAReceiveCplt), (84 bytes).
    Removing stm32f1xx_hal_spi.o(i.SPI_DMARxAbortCallback), (98 bytes).
    Removing stm32f1xx_hal_spi.o(i.SPI_DMATransmitCplt), (100 bytes).
    Removing stm32f1xx_hal_spi.o(i.SPI_DMATransmitReceiveCplt), (90 bytes).
    Removing stm32f1xx_hal_spi.o(i.SPI_DMATxAbortCallback), (112 bytes).
    Removing stm32f1xx_hal_spi.o(i.SPI_EndRxTransaction), (92 bytes).
    Removing stm32f1xx_hal_spi.o(i.SPI_RxISR_16BIT), (32 bytes).
    Removing stm32f1xx_hal_spi.o(i.SPI_RxISR_8BIT), (32 bytes).
    Removing stm32f1xx_hal_spi.o(i.SPI_TxISR_16BIT), (32 bytes).
    Removing stm32f1xx_hal_spi.o(i.SPI_TxISR_8BIT), (32 bytes).
    Removing system_stm32f1xx.o(.rev16_text), (4 bytes).
    Removing system_stm32f1xx.o(.revsh_text), (4 bytes).
    Removing system_stm32f1xx.o(.rrx_text), (6 bytes).
    Removing system_stm32f1xx.o(i.SystemCoreClockUpdate), (104 bytes).
    Removing stepper.o(.rev16_text), (4 bytes).
    Removing stepper.o(.revsh_text), (4 bytes).
    Removing stepper.o(.rrx_text), (6 bytes).
    Removing stepper.o(i.StepperRun), (140 bytes).
    Removing delay.o(.rev16_text), (4 bytes).
    Removing delay.o(.revsh_text), (4 bytes).
    Removing delay.o(.rrx_text), (6 bytes).
    Removing comm.o(.rev16_text), (4 bytes).
    Removing comm.o(.revsh_text), (4 bytes).
    Removing comm.o(.rrx_text), (6 bytes).
    Removing comm.o(i.SerialTransmission), (16 bytes).
    Removing opticalflow.o(.rev16_text), (4 bytes).
    Removing opticalflow.o(.revsh_text), (4 bytes).
    Removing opticalflow.o(.rrx_text), (6 bytes).
    Removing opticalflow.o(i.BurstRead), (100 bytes).
    Removing opticalflow.o(i.GetOneFrame), (160 bytes).
    Removing srom.o(.rev16_text), (4 bytes).
    Removing srom.o(.revsh_text), (4 bytes).
    Removing srom.o(.rrx_text), (6 bytes).
    Removing lcd.o(.rev16_text), (4 bytes).
    Removing lcd.o(.revsh_text), (4 bytes).
    Removing lcd.o(.rrx_text), (6 bytes).
    Removing lcd.o(i.LCD_BGR2RGB), (18 bytes).
    Removing lcd.o(i.LCD_Clear), (128 bytes).
    Removing lcd.o(i.LCD_Color_Fill), (116 bytes).
    Removing lcd.o(i.LCD_DisplayOff), (68 bytes).
    Removing lcd.o(i.LCD_DisplayOn), (72 bytes).
    Removing lcd.o(i.LCD_Display_Dir), (308 bytes).
    Removing lcd.o(i.LCD_DrawLine), (154 bytes).
    Removing lcd.o(i.LCD_DrawPoint), (52 bytes).
    Removing lcd.o(i.LCD_DrawRectangle), (56 bytes).
    Removing lcd.o(i.LCD_Draw_Circle), (176 bytes).
    Removing lcd.o(i.LCD_Fast_DrawPoint), (592 bytes).
    Removing lcd.o(i.LCD_Fill), (176 bytes).
    Removing lcd.o(i.LCD_Init), (14160 bytes).
    Removing lcd.o(i.LCD_Pow), (16 bytes).
    Removing lcd.o(i.LCD_RD_DATA), (112 bytes).
    Removing lcd.o(i.LCD_ReadPoint), (388 bytes).
    Removing lcd.o(i.LCD_ReadReg), (14 bytes).
    Removing lcd.o(i.LCD_SSD_BackLightSet), (156 bytes).
    Removing lcd.o(i.LCD_Scan_Dir), (848 bytes).
    Removing lcd.o(i.LCD_SetCursor), (844 bytes).
    Removing lcd.o(i.LCD_Set_Window), (828 bytes).
    Removing lcd.o(i.LCD_ShowChar), (212 bytes).
    Removing lcd.o(i.LCD_ShowNum), (118 bytes).
    Removing lcd.o(i.LCD_ShowString), (84 bytes).
    Removing lcd.o(i.LCD_ShowxNum), (134 bytes).
    Removing lcd.o(i.LCD_WR_DATAX), (36 bytes).
    Removing lcd.o(i.LCD_WR_REG), (36 bytes).
    Removing lcd.o(i.LCD_WriteRAM), (36 bytes).
    Removing lcd.o(i.LCD_WriteRAM_Prepare), (12 bytes).
    Removing lcd.o(i.LCD_WriteReg), (44 bytes).
    Removing lcd.o(i.opt_delay), (8 bytes).
    Removing lcd.o(.bss), (14 bytes).
    Removing lcd.o(.constdata), (6080 bytes).
    Removing lcd.o(.data), (4 bytes).
    Removing event_groups.o(i.prvTestWaitCondition), (20 bytes).
    Removing event_groups.o(i.uxEventGroupGetNumber), (8 bytes).
    Removing event_groups.o(i.vEventGroupClearBitsCallback), (4 bytes).
    Removing event_groups.o(i.vEventGroupDelete), (74 bytes).
    Removing event_groups.o(i.vEventGroupSetBitsCallback), (4 bytes).
    Removing event_groups.o(i.vEventGroupSetNumber), (4 bytes).
    Removing event_groups.o(i.xEventGroupClearBits), (64 bytes).
    Removing event_groups.o(i.xEventGroupClearBitsFromISR), (16 bytes).
    Removing event_groups.o(i.xEventGroupCreate), (28 bytes).
    Removing event_groups.o(i.xEventGroupCreateStatic), (44 bytes).
    Removing event_groups.o(i.xEventGroupGetBitsFromISR), (26 bytes).
    Removing event_groups.o(i.xEventGroupSetBits), (140 bytes).
    Removing event_groups.o(i.xEventGroupSetBitsFromISR), (16 bytes).
    Removing event_groups.o(i.xEventGroupSync), (204 bytes).
    Removing event_groups.o(i.xEventGroupWaitBits), (264 bytes).
    Removing queue.o(i.pcQueueGetName), (40 bytes).
    Removing queue.o(i.prvInitialiseMutex), (22 bytes).
    Removing queue.o(i.ucQueueGetQueueType), (6 bytes).
    Removing queue.o(i.uxQueueGetQueueNumber), (4 bytes).
    Removing queue.o(i.uxQueueMessagesWaiting), (36 bytes).
    Removing queue.o(i.uxQueueMessagesWaitingFromISR), (22 bytes).
    Removing queue.o(i.uxQueueSpacesAvailable), (40 bytes).
    Removing queue.o(i.vQueueDelete), (46 bytes).
    Removing queue.o(i.vQueueSetQueueNumber), (4 bytes).
    Removing queue.o(i.vQueueUnregisterQueue), (40 bytes).
    Removing queue.o(i.xQueueCreateCountingSemaphore), (58 bytes).
    Removing queue.o(i.xQueueCreateCountingSemaphoreStatic), (64 bytes).
    Removing queue.o(i.xQueueCreateMutex), (22 bytes).
    Removing queue.o(i.xQueueCreateMutexStatic), (26 bytes).
    Removing queue.o(i.xQueueGenericCreate), (72 bytes).
    Removing queue.o(i.xQueueGetMutexHolder), (28 bytes).
    Removing queue.o(i.xQueueGetMutexHolderFromISR), (30 bytes).
    Removing queue.o(i.xQueueGiveFromISR), (156 bytes).
    Removing queue.o(i.xQueueGiveMutexRecursive), (62 bytes).
    Removing queue.o(i.xQueueIsQueueEmptyFromISR), (30 bytes).
    Removing queue.o(i.xQueueIsQueueFullFromISR), (34 bytes).
    Removing queue.o(i.xQueuePeek), (308 bytes).
    Removing queue.o(i.xQueuePeekFromISR), (116 bytes).
    Removing queue.o(i.xQueueReceiveFromISR), (154 bytes).
    Removing queue.o(i.xQueueSemaphoreTake), (376 bytes).
    Removing queue.o(i.xQueueTakeMutexRecursive), (64 bytes).
    Removing stream_buffer.o(i.prvBytesInBuffer), (18 bytes).
    Removing stream_buffer.o(i.prvInitialiseNewStreamBuffer), (76 bytes).
    Removing stream_buffer.o(i.prvReadBytesFromBuffer), (140 bytes).
    Removing stream_buffer.o(i.prvReadMessageFromBuffer), (66 bytes).
    Removing stream_buffer.o(i.prvWriteBytesToBuffer), (130 bytes).
    Removing stream_buffer.o(i.prvWriteMessageToBuffer), (60 bytes).
    Removing stream_buffer.o(i.ucStreamBufferGetStreamBufferType), (8 bytes).
    Removing stream_buffer.o(i.uxStreamBufferGetStreamBufferNumber), (4 bytes).
    Removing stream_buffer.o(i.vStreamBufferDelete), (34 bytes).
    Removing stream_buffer.o(i.vStreamBufferSetStreamBufferNumber), (4 bytes).
    Removing stream_buffer.o(i.xStreamBufferBytesAvailable), (22 bytes).
    Removing stream_buffer.o(i.xStreamBufferGenericCreate), (82 bytes).
    Removing stream_buffer.o(i.xStreamBufferGenericCreateStatic), (114 bytes).
    Removing stream_buffer.o(i.xStreamBufferIsEmpty), (34 bytes).
    Removing stream_buffer.o(i.xStreamBufferIsFull), (48 bytes).
    Removing stream_buffer.o(i.xStreamBufferReceive), (212 bytes).
    Removing stream_buffer.o(i.xStreamBufferReceiveCompletedFromISR), (70 bytes).
    Removing stream_buffer.o(i.xStreamBufferReceiveFromISR), (144 bytes).
    Removing stream_buffer.o(i.xStreamBufferReset), (68 bytes).
    Removing stream_buffer.o(i.xStreamBufferSend), (236 bytes).
    Removing stream_buffer.o(i.xStreamBufferSendCompletedFromISR), (70 bytes).
    Removing stream_buffer.o(i.xStreamBufferSendFromISR), (142 bytes).
    Removing stream_buffer.o(i.xStreamBufferSetTriggerLevel), (40 bytes).
    Removing stream_buffer.o(i.xStreamBufferSpacesAvailable), (38 bytes).
    Removing tasks.o(i.eTaskGetState), (104 bytes).
    Removing tasks.o(i.pcTaskGetName), (32 bytes).
    Removing tasks.o(i.prvListTasksWithinSingleList), (88 bytes).
    Removing tasks.o(i.prvTaskCheckFreeStackSpace), (20 bytes).
    Removing tasks.o(i.prvTaskIsTaskSuspended), (52 bytes).
    Removing tasks.o(i.pvTaskIncrementMutexHeldCount), (24 bytes).
    Removing tasks.o(i.ulTaskNotifyTake), (104 bytes).
    Removing tasks.o(i.uxTaskGetNumberOfTasks), (12 bytes).
    Removing tasks.o(i.uxTaskGetStackHighWaterMark), (16 bytes).
    Removing tasks.o(i.uxTaskGetSystemState), (172 bytes).
    Removing tasks.o(i.uxTaskGetTaskNumber), (8 bytes).
    Removing tasks.o(i.uxTaskPriorityGet), (28 bytes).
    Removing tasks.o(i.uxTaskPriorityGetFromISR), (44 bytes).
    Removing tasks.o(i.uxTaskResetEventItemValue), (24 bytes).
    Removing tasks.o(i.vTaskDelayUntil), (140 bytes).
    Removing tasks.o(i.vTaskDelete), (144 bytes).
    Removing tasks.o(i.vTaskEndScheduler), (28 bytes).
    Removing tasks.o(i.vTaskGetInfo), (116 bytes).
    Removing tasks.o(i.vTaskNotifyGiveFromISR), (176 bytes).
    Removing tasks.o(i.vTaskPlaceOnUnorderedEventList), (80 bytes).
    Removing tasks.o(i.vTaskPriorityDisinheritAfterTimeout), (144 bytes).
    Removing tasks.o(i.vTaskPrioritySet), (180 bytes).
    Removing tasks.o(i.vTaskRemoveFromUnorderedEventList), (112 bytes).
    Removing tasks.o(i.vTaskResume), (124 bytes).
    Removing tasks.o(i.vTaskSetTaskNumber), (8 bytes).
    Removing tasks.o(i.vTaskSetTimeOutState), (48 bytes).
    Removing tasks.o(i.vTaskSuspend), (156 bytes).
    Removing tasks.o(i.xTaskGenericNotify), (200 bytes).
    Removing tasks.o(i.xTaskGenericNotifyFromISR), (240 bytes).
    Removing tasks.o(i.xTaskGetCurrentTaskHandle), (12 bytes).
    Removing tasks.o(i.xTaskGetTickCountFromISR), (16 bytes).
    Removing tasks.o(i.xTaskNotifyStateClear), (52 bytes).
    Removing tasks.o(i.xTaskNotifyWait), (140 bytes).
    Removing tasks.o(i.xTaskPriorityInherit), (120 bytes).
    Removing tasks.o(i.xTaskResumeFromISR), (136 bytes).
    Removing timers.o(i.pcTimerGetName), (22 bytes).
    Removing timers.o(i.prvInitialiseNewTimer), (68 bytes).
    Removing timers.o(i.pvTimerGetTimerID), (36 bytes).
    Removing timers.o(i.uxTimerGetTimerNumber), (4 bytes).
    Removing timers.o(i.vTimerSetTimerID), (38 bytes).
    Removing timers.o(i.vTimerSetTimerNumber), (4 bytes).
    Removing timers.o(i.xTimerCreate), (52 bytes).
    Removing timers.o(i.xTimerCreateStatic), (46 bytes).
    Removing timers.o(i.xTimerGetExpiryTime), (22 bytes).
    Removing timers.o(i.xTimerGetPeriod), (22 bytes).
    Removing timers.o(i.xTimerGetTimerDaemonTaskHandle), (32 bytes).
    Removing timers.o(i.xTimerIsTimerActive), (44 bytes).
    Removing timers.o(i.xTimerPendFunctionCall), (60 bytes).
    Removing timers.o(i.xTimerPendFunctionCallFromISR), (40 bytes).
    Removing port.o(i.vPortEndScheduler), (32 bytes).
    Removing heap_4.o(i.vPortInitialiseBlocks), (2 bytes).
    Removing heap_4.o(i.xPortGetFreeHeapSize), (12 bytes).
    Removing heap_4.o(i.xPortGetMinimumEverFreeHeapSize), (12 bytes).
    Removing cmsis_os1.o(i.osMessageCreate), (18 bytes).
    Removing cmsis_os1.o(i.osMessageGet), (44 bytes).
    Removing cmsis_os1.o(i.osMessagePut), (14 bytes).
    Removing cmsis_os1.o(i.osMutexCreate), (10 bytes).
    Removing cmsis_os1.o(i.osSemaphoreCreate), (14 bytes).
    Removing cmsis_os1.o(i.osSemaphoreWait), (42 bytes).
    Removing cmsis_os1.o(i.osSignalClear), (32 bytes).
    Removing cmsis_os1.o(i.osSignalSet), (22 bytes).
    Removing cmsis_os1.o(i.osSignalWait), (78 bytes).
    Removing cmsis_os1.o(i.osThreadCreate), (16 bytes).
    Removing cmsis_os1.o(i.osTimerCreate), (22 bytes).
    Removing cmsis_os2.o(.rev16_text), (4 bytes).
    Removing cmsis_os2.o(.revsh_text), (4 bytes).
    Removing cmsis_os2.o(.rrx_text), (6 bytes).
    Removing cmsis_os2.o(i.TimerCallback), (24 bytes).
    Removing cmsis_os2.o(i.osDelayUntil), (60 bytes).
    Removing cmsis_os2.o(i.osEventFlagsClear), (88 bytes).
    Removing cmsis_os2.o(i.osEventFlagsDelete), (56 bytes).
    Removing cmsis_os2.o(i.osEventFlagsGet), (48 bytes).
    Removing cmsis_os2.o(i.osEventFlagsNew), (68 bytes).
    Removing cmsis_os2.o(i.osEventFlagsSet), (108 bytes).
    Removing cmsis_os2.o(i.osEventFlagsWait), (124 bytes).
    Removing cmsis_os2.o(i.osKernelGetInfo), (60 bytes).
    Removing cmsis_os2.o(i.osKernelGetState), (32 bytes).
    Removing cmsis_os2.o(i.osKernelGetSysTimerCount), (48 bytes).
    Removing cmsis_os2.o(i.osKernelGetSysTimerFreq), (12 bytes).
    Removing cmsis_os2.o(i.osKernelGetTickCount), (40 bytes).
    Removing cmsis_os2.o(i.osKernelGetTickFreq), (6 bytes).
    Removing cmsis_os2.o(i.osKernelLock), (68 bytes).
    Removing cmsis_os2.o(i.osKernelRestoreLock), (92 bytes).
    Removing cmsis_os2.o(i.osKernelUnlock), (84 bytes).
    Removing cmsis_os2.o(i.osMessageQueueDelete), (68 bytes).
    Removing cmsis_os2.o(i.osMessageQueueGet), (124 bytes).
    Removing cmsis_os2.o(i.osMessageQueueGetCapacity), (8 bytes).
    Removing cmsis_os2.o(i.osMessageQueueGetCount), (44 bytes).
    Removing cmsis_os2.o(i.osMessageQueueGetMsgSize), (8 bytes).
    Removing cmsis_os2.o(i.osMessageQueueGetSpace), (68 bytes).
    Removing cmsis_os2.o(i.osMessageQueueNew), (116 bytes).
    Removing cmsis_os2.o(i.osMessageQueuePut), (128 bytes).
    Removing cmsis_os2.o(i.osMessageQueueReset), (60 bytes).
    Removing cmsis_os2.o(i.osMutexAcquire), (108 bytes).
    Removing cmsis_os2.o(i.osMutexDelete), (68 bytes).
    Removing cmsis_os2.o(i.osMutexGetOwner), (44 bytes).
    Removing cmsis_os2.o(i.osMutexNew), (128 bytes).
    Removing cmsis_os2.o(i.osMutexRelease), (92 bytes).
    Removing cmsis_os2.o(i.osSemaphoreAcquire), (116 bytes).
    Removing cmsis_os2.o(i.osSemaphoreDelete), (68 bytes).
    Removing cmsis_os2.o(i.osSemaphoreGetCount), (44 bytes).
    Removing cmsis_os2.o(i.osSemaphoreNew), (176 bytes).
    Removing cmsis_os2.o(i.osSemaphoreRelease), (112 bytes).
    Removing cmsis_os2.o(i.osThreadEnumerate), (124 bytes).
    Removing cmsis_os2.o(i.osThreadExit), (8 bytes).
    Removing cmsis_os2.o(i.osThreadFlagsClear), (104 bytes).
    Removing cmsis_os2.o(i.osThreadFlagsGet), (68 bytes).
    Removing cmsis_os2.o(i.osThreadFlagsSet), (140 bytes).
    Removing cmsis_os2.o(i.osThreadFlagsWait), (176 bytes).
    Removing cmsis_os2.o(i.osThreadGetCount), (40 bytes).
    Removing cmsis_os2.o(i.osThreadGetId), (40 bytes).
    Removing cmsis_os2.o(i.osThreadGetName), (40 bytes).
    Removing cmsis_os2.o(i.osThreadGetPriority), (44 bytes).
    Removing cmsis_os2.o(i.osThreadGetStackSize), (4 bytes).
    Removing cmsis_os2.o(i.osThreadGetStackSpace), (40 bytes).
    Removing cmsis_os2.o(i.osThreadGetState), (80 bytes).
    Removing cmsis_os2.o(i.osThreadResume), (56 bytes).
    Removing cmsis_os2.o(i.osThreadSetPriority), (64 bytes).
    Removing cmsis_os2.o(i.osThreadSuspend), (56 bytes).
    Removing cmsis_os2.o(i.osThreadTerminate), (76 bytes).
    Removing cmsis_os2.o(i.osThreadYield), (60 bytes).
    Removing cmsis_os2.o(i.osTimerDelete), (92 bytes).
    Removing cmsis_os2.o(i.osTimerGetName), (40 bytes).
    Removing cmsis_os2.o(i.osTimerIsRunning), (40 bytes).
    Removing cmsis_os2.o(i.osTimerNew), (132 bytes).
    Removing cmsis_os2.o(i.osTimerStart), (76 bytes).
    Removing cmsis_os2.o(i.osTimerStop), (92 bytes).
    Removing dfltui.o(.text), (26 bytes).
    Removing dfixui.o(.text), (50 bytes).
    Removing dfixul.o(.text), (48 bytes).

651 unused section(s) (total 64916 bytes) removed from the image.

==============================================================================

Memory Map of the image

  Image Entry point : 0x00000000

  Load Region LR_IROM1 (Base: 0x08000000, Size: 0x00005050, Max: 0x00040000, ABSOLUTE)

    Execution Region ER_IROM1 (Base: 0x08000000, Size: 0x00004fa0, Max: 0x00040000, ABSOLUTE)

    Base Addr    Size         Type   Attr      Idx    E Section Name        Object

    0x08000000   0x00000130   Data   RO            3    RESET               startup_stm32f103xe.o
    0x08000130   0x00000000   Code   RO         5162  * .ARM.Collect$$$$00000000  mc_w.l(entry.o)
    0x08000130   0x00000004   Code   RO         5496    .ARM.Collect$$$$00000001  mc_w.l(entry2.o)
    0x08000134   0x00000004   Code   RO         5499    .ARM.Collect$$$$00000004  mc_w.l(entry5.o)
    0x08000138   0x00000000   Code   RO         5501    .ARM.Collect$$$$00000008  mc_w.l(entry7b.o)
    0x08000138   0x00000000   Code   RO         5503    .ARM.Collect$$$$0000000A  mc_w.l(entry8b.o)
    0x08000138   0x00000008   Code   RO         5504    .ARM.Collect$$$$0000000B  mc_w.l(entry9a.o)
    0x08000140   0x00000000   Code   RO         5506    .ARM.Collect$$$$0000000D  mc_w.l(entry10a.o)
    0x08000140   0x00000000   Code   RO         5508    .ARM.Collect$$$$0000000F  mc_w.l(entry11a.o)
    0x08000140   0x00000004   Code   RO         5497    .ARM.Collect$$$$00002712  mc_w.l(entry2.o)
    0x08000144   0x00000096   Code   RO         4533    .emb_text           port.o
    0x080001da   0x00000002   PAD
    0x080001dc   0x00000024   Code   RO            4    .text               startup_stm32f103xe.o
    0x08000200   0x00000020   Code   RO         5165    .text               mc_w.l(llushr.o)
    0x08000220   0x00000024   Code   RO         5167    .text               mc_w.l(memcpya.o)
    0x08000244   0x00000024   Code   RO         5171    .text               mc_w.l(memseta.o)
    0x08000268   0x000000b0   Code   RO         5464    .text               mf_w.l(fadd.o)
    0x08000318   0x00000064   Code   RO         5466    .text               mf_w.l(fmul.o)
    0x0800037c   0x0000014e   Code   RO         5468    .text               mf_w.l(dadd.o)
    0x080004ca   0x000000e4   Code   RO         5470    .text               mf_w.l(dmul.o)
    0x080005ae   0x000000de   Code   RO         5472    .text               mf_w.l(ddiv.o)
    0x0800068c   0x0000002e   Code   RO         5474    .text               mf_w.l(dscalb.o)
    0x080006ba   0x00000012   Code   RO         5476    .text               mf_w.l(fflti.o)
    0x080006cc   0x0000000a   Code   RO         5478    .text               mf_w.l(ffltui.o)
    0x080006d6   0x00000032   Code   RO         5482    .text               mf_w.l(ffixi.o)
    0x08000708   0x0000003e   Code   RO         5484    .text               mf_w.l(dfixi.o)
    0x08000746   0x00000026   Code   RO         5488    .text               mf_w.l(f2d.o)
    0x0800076c   0x00000030   Code   RO         5490    .text               mf_w.l(cdrcmple.o)
    0x0800079c   0x00000038   Code   RO         5492    .text               mf_w.l(d2f.o)
    0x080007d4   0x00000014   Code   RO         5494    .text               mf_w.l(cfrcmple.o)
    0x080007e8   0x0000002c   Code   RO         5511    .text               mc_w.l(uidiv.o)
    0x08000814   0x0000001e   Code   RO         5515    .text               mc_w.l(llshl.o)
    0x08000832   0x00000024   Code   RO         5517    .text               mc_w.l(llsshr.o)
    0x08000856   0x00000000   Code   RO         5521    .text               mc_w.l(iusefp.o)
    0x08000856   0x0000006e   Code   RO         5522    .text               mf_w.l(fepilogue.o)
    0x080008c4   0x000000ba   Code   RO         5524    .text               mf_w.l(depilogue.o)
    0x0800097e   0x00000002   PAD
    0x08000980   0x00000024   Code   RO         5528    .text               mc_w.l(init.o)
    0x080009a4   0x00000002   Code   RO          231    i.BusFault_Handler  stm32f1xx_it.o
    0x080009a6   0x00000002   Code   RO          232    i.DebugMon_Handler  stm32f1xx_it.o
    0x080009a8   0x00000130   Code   RO         1711    i.HAL_DMA_Abort_IT  stm32f1xx_hal_dma.o
    0x08000ad8   0x00000024   Code   RO         1338    i.HAL_Delay         stm32f1xx_hal.o
    0x08000afc   0x000001f8   Code   RO         1646    i.HAL_GPIO_Init     stm32f1xx_hal_gpio.o
    0x08000cf4   0x0000000a   Code   RO         1650    i.HAL_GPIO_WritePin  stm32f1xx_hal_gpio.o
    0x08000cfe   0x00000002   PAD
    0x08000d00   0x0000000c   Code   RO         1342    i.HAL_GetTick       stm32f1xx_hal.o
    0x08000d0c   0x00000010   Code   RO         1348    i.HAL_IncTick       stm32f1xx_hal.o
    0x08000d1c   0x00000024   Code   RO         1349    i.HAL_Init          stm32f1xx_hal.o
    0x08000d40   0x00000040   Code   RO         1350    i.HAL_InitTick      stm32f1xx_hal.o
    0x08000d80   0x00000048   Code   RO          307    i.HAL_MspInit       stm32f1xx_hal_msp.o
    0x08000dc8   0x0000001a   Code   RO         1806    i.HAL_NVIC_EnableIRQ  stm32f1xx_hal_cortex.o
    0x08000de2   0x00000002   PAD
    0x08000de4   0x00000040   Code   RO         1812    i.HAL_NVIC_SetPriority  stm32f1xx_hal_cortex.o
    0x08000e24   0x00000024   Code   RO         1813    i.HAL_NVIC_SetPriorityGrouping  stm32f1xx_hal_cortex.o
    0x08000e48   0x0000012c   Code   RO         1506    i.HAL_RCC_ClockConfig  stm32f1xx_hal_rcc.o
    0x08000f74   0x00000020   Code   RO         1513    i.HAL_RCC_GetPCLK1Freq  stm32f1xx_hal_rcc.o
    0x08000f94   0x00000020   Code   RO         1514    i.HAL_RCC_GetPCLK2Freq  stm32f1xx_hal_rcc.o
    0x08000fb4   0x0000006c   Code   RO         1515    i.HAL_RCC_GetSysClockFreq  stm32f1xx_hal_rcc.o
    0x08001020   0x00000320   Code   RO         1518    i.HAL_RCC_OscConfig  stm32f1xx_hal_rcc.o
    0x08001340   0x0000007c   Code   RO         2643    i.HAL_SPI_Init      stm32f1xx_hal_spi.o
    0x080013bc   0x00000070   Code   RO          309    i.HAL_SPI_MspInit   stm32f1xx_hal_msp.o
    0x0800142c   0x0000015c   Code   RO         2651    i.HAL_SPI_Transmit  stm32f1xx_hal_spi.o
    0x08001588   0x000001e2   Code   RO         2652    i.HAL_SPI_TransmitReceive  stm32f1xx_hal_spi.o
    0x0800176a   0x00000028   Code   RO         1817    i.HAL_SYSTICK_Config  stm32f1xx_hal_cortex.o
    0x08001792   0x00000002   Code   RO         1080    i.HAL_TIMEx_BreakCallback  stm32f1xx_hal_tim_ex.o
    0x08001794   0x00000002   Code   RO         1081    i.HAL_TIMEx_CommutCallback  stm32f1xx_hal_tim_ex.o
    0x08001796   0x00000042   Code   RO         1098    i.HAL_TIMEx_MasterConfigSynchronization  stm32f1xx_hal_tim_ex.o
    0x080017d8   0x00000036   Code   RO          405    i.HAL_TIM_Base_Init  stm32f1xx_hal_tim.o
    0x0800180e   0x00000002   PAD
    0x08001810   0x00000028   Code   RO          311    i.HAL_TIM_Base_MspInit  stm32f1xx_hal_msp.o
    0x08001838   0x00000024   Code   RO          408    i.HAL_TIM_Base_Start  stm32f1xx_hal_tim.o
    0x0800185c   0x0000002c   Code   RO          411    i.HAL_TIM_Base_Stop  stm32f1xx_hal_tim.o
    0x08001888   0x000000d6   Code   RO          414    i.HAL_TIM_ConfigClockSource  stm32f1xx_hal_tim.o
    0x0800195e   0x00000002   Code   RO          434    i.HAL_TIM_IC_CaptureCallback  stm32f1xx_hal_tim.o
    0x08001960   0x00000166   Code   RO          448    i.HAL_TIM_IRQHandler  stm32f1xx_hal_tim.o
    0x08001ac6   0x00000056   Code   RO          449    i.HAL_TIM_OC_ConfigChannel  stm32f1xx_hal_tim.o
    0x08001b1c   0x00000002   Code   RO          451    i.HAL_TIM_OC_DelayElapsedCallback  stm32f1xx_hal_tim.o
    0x08001b1e   0x00000036   Code   RO          453    i.HAL_TIM_OC_Init   stm32f1xx_hal_tim.o
    0x08001b54   0x00000002   Code   RO          455    i.HAL_TIM_OC_MspInit  stm32f1xx_hal_tim.o
    0x08001b56   0x00000002   Code   RO          478    i.HAL_TIM_PWM_PulseFinishedCallback  stm32f1xx_hal_tim.o
    0x08001b58   0x0000000e   Code   RO           14    i.HAL_TIM_PeriodElapsedCallback  main.o
    0x08001b66   0x00000002   Code   RO          491    i.HAL_TIM_TriggerCallback  stm32f1xx_hal_tim.o
    0x08001b68   0x00000002   Code   RO         2327    i.HAL_UART_ErrorCallback  stm32f1xx_hal_uart.o
    0x08001b6a   0x00000002   PAD
    0x08001b6c   0x00000110   Code   RO         2330    i.HAL_UART_IRQHandler  stm32f1xx_hal_uart.o
    0x08001c7c   0x00000062   Code   RO         2331    i.HAL_UART_Init     stm32f1xx_hal_uart.o
    0x08001cde   0x00000002   PAD
    0x08001ce0   0x000000cc   Code   RO          313    i.HAL_UART_MspInit  stm32f1xx_hal_msp.o
    0x08001dac   0x00000052   Code   RO         2336    i.HAL_UART_Receive_IT  stm32f1xx_hal_uart.o
    0x08001dfe   0x00000002   PAD
    0x08001e00   0x00000020   Code   RO         3068    i.HAL_UART_RxCpltCallback  comm.o
    0x08001e20   0x000000ba   Code   RO         2339    i.HAL_UART_Transmit  stm32f1xx_hal_uart.o
    0x08001eda   0x00000002   Code   RO         2342    i.HAL_UART_TxCpltCallback  stm32f1xx_hal_uart.o
    0x08001edc   0x00000002   Code   RO          233    i.HardFault_Handler  stm32f1xx_it.o
    0x08001ede   0x00000002   PAD
    0x08001ee0   0x0000010c   Code   RO           15    i.MX_GPIO_Init      main.o
    0x08001fec   0x00000038   Code   RO           16    i.MX_SPI1_Init      main.o
    0x08002024   0x00000074   Code   RO           17    i.MX_TIM3_Init      main.o
    0x08002098   0x00000002   Code   RO          234    i.MemManage_Handler  stm32f1xx_it.o
    0x0800209a   0x00000002   PAD
    0x0800209c   0x00000020   Code   RO         3160    i.NCS               opticalflow.o
    0x080020bc   0x00000002   Code   RO          235    i.NMI_Handler       stm32f1xx_it.o
    0x080020be   0x00000002   PAD
    0x080020c0   0x0000003c   Code   RO         3161    i.OPTF_Reset        opticalflow.o
    0x080020fc   0x0000008c   Code   RO         3162    i.OpticalFlowInit   opticalflow.o
    0x08002188   0x0000010c   Code   RO         3134    i.PID_Calc          pid.o
    0x08002294   0x0000002e   Code   RO         3135    i.PID_Init          pid.o
    0x080022c2   0x00000002   PAD
    0x080022c4   0x00000060   Code   RO         3163    i.ReadReg           opticalflow.o
    0x08002324   0x00000078   Code   RO         3069    i.RxConfirm         comm.o
    0x0800239c   0x00000070   Code   RO         3070    i.RxDecode          comm.o
    0x0800240c   0x00000020   Code   RO         2681    i.SPI_EndRxTxTransaction  stm32f1xx_hal_spi.o
    0x0800242c   0x00000094   Code   RO         2686    i.SPI_WaitFlagStateUntilTimeout  stm32f1xx_hal_spi.o
    0x080024c0   0x0000008c   Code   RO         3164    i.SetFP             opticalflow.o
    0x0800254c   0x000000a4   Code   RO         3165    i.SromReload        opticalflow.o
    0x080025f0   0x00000008   Code   RO           18    i.StartDefaultTask  main.o
    0x080025f8   0x0000002a   Code   RO         2992    i.StepperAutoRotate  stepper.o
    0x08002622   0x00000022   Code   RO         2993    i.StepperInit       stepper.o
    0x08002644   0x000000fc   Code   RO         2994    i.StepperRotate     stepper.o
    0x08002740   0x0000002c   Code   RO         4534    i.SysTick_Handler   port.o
    0x0800276c   0x0000004e   Code   RO           19    i.SystemClock_Config  main.o
    0x080027ba   0x00000002   PAD
    0x080027bc   0x00000048   Code   RO         2955    i.SystemInit        system_stm32f1xx.o
    0x08002804   0x0000000c   Code   RO          236    i.TIM2_IRQHandler   stm32f1xx_it.o
    0x08002810   0x0000008c   Code   RO          493    i.TIM_Base_SetConfig  stm32f1xx_hal_tim.o
    0x0800289c   0x00000014   Code   RO          504    i.TIM_ETR_SetConfig  stm32f1xx_hal_tim.o
    0x080028b0   0x00000010   Code   RO          505    i.TIM_ITRx_SetConfig  stm32f1xx_hal_tim.o
    0x080028c0   0x00000060   Code   RO          506    i.TIM_OC1_SetConfig  stm32f1xx_hal_tim.o
    0x08002920   0x0000006c   Code   RO          507    i.TIM_OC2_SetConfig  stm32f1xx_hal_tim.o
    0x0800298c   0x00000068   Code   RO          508    i.TIM_OC3_SetConfig  stm32f1xx_hal_tim.o
    0x080029f4   0x00000050   Code   RO          509    i.TIM_OC4_SetConfig  stm32f1xx_hal_tim.o
    0x08002a44   0x00000022   Code   RO          511    i.TIM_TI1_ConfigInputStage  stm32f1xx_hal_tim.o
    0x08002a66   0x00000024   Code   RO          513    i.TIM_TI2_ConfigInputStage  stm32f1xx_hal_tim.o
    0x08002a8a   0x00000010   Code   RO         2344    i.UART_DMAAbortOnError  stm32f1xx_hal_uart.o
    0x08002a9a   0x0000001c   Code   RO         2354    i.UART_EndRxTransfer  stm32f1xx_hal_uart.o
    0x08002ab6   0x00000096   Code   RO         2356    i.UART_Receive_IT   stm32f1xx_hal_uart.o
    0x08002b4c   0x000000b8   Code   RO         2357    i.UART_SetConfig    stm32f1xx_hal_uart.o
    0x08002c04   0x00000062   Code   RO         2358    i.UART_Transmit_IT  stm32f1xx_hal_uart.o
    0x08002c66   0x00000064   Code   RO         2359    i.UART_WaitOnFlagUntilTimeout  stm32f1xx_hal_uart.o
    0x08002cca   0x00000002   PAD
    0x08002ccc   0x0000000c   Code   RO          237    i.USART2_IRQHandler  stm32f1xx_it.o
    0x08002cd8   0x00000002   Code   RO          238    i.UsageFault_Handler  stm32f1xx_it.o
    0x08002cda   0x00000002   PAD
    0x08002cdc   0x00000050   Code   RO         3166    i.WriteReg          opticalflow.o
    0x08002d2c   0x00000020   Code   RO         5220    i.__0printf$1       mc_w.l(printf1.o)
    0x08002d4c   0x00000020   Code   RO         1819    i.__NVIC_SetPriority  stm32f1xx_hal_cortex.o
    0x08002d6c   0x00000154   Code   RO         5227    i._printf_core      mc_w.l(printf1.o)
    0x08002ec0   0x00000018   Code   RO         3072    i.fputc             comm.o
    0x08002ed8   0x00000030   Code   RO         3044    i.gen_delay_us      delay.o
    0x08002f08   0x000000e8   Code   RO           20    i.main              main.o
    0x08002ff0   0x0000006c   Code   RO         5437    i.malloc            mc_w.l(malloc.o)
    0x0800305c   0x00000034   Code   RO         4744    i.osDelay           cmsis_os2.o
    0x08003090   0x00000038   Code   RO         4758    i.osKernelInitialize  cmsis_os2.o
    0x080030c8   0x00000040   Code   RO         4761    i.osKernelStart     cmsis_os2.o
    0x08003108   0x000000a4   Code   RO         4795    i.osThreadNew       cmsis_os2.o
    0x080031ac   0x0000005c   Code   RO         4033    i.prvAddCurrentTaskToDelayedList  tasks.o
    0x08003208   0x000000d0   Code   RO         4034    i.prvAddNewTaskToReadyList  tasks.o
    0x080032d8   0x00000058   Code   RO         4383    i.prvCheckForValidListAndQueue  timers.o
    0x08003330   0x00000026   Code   RO         3636    i.prvCopyDataFromQueue  queue.o
    0x08003356   0x0000006c   Code   RO         3637    i.prvCopyDataToQueue  queue.o
    0x080033c2   0x00000034   Code   RO         4035    i.prvDeleteTCB      tasks.o
    0x080033f6   0x00000002   PAD
    0x080033f8   0x0000004c   Code   RO         4610    i.prvHeapInit       heap_4.o
    0x08003444   0x00000060   Code   RO         4036    i.prvIdleTask       tasks.o
    0x080034a4   0x00000022   Code   RO         3639    i.prvInitialiseNewQueue  queue.o
    0x080034c6   0x0000009c   Code   RO         4037    i.prvInitialiseNewTask  tasks.o
    0x08003562   0x00000002   PAD
    0x08003564   0x0000004c   Code   RO         4611    i.prvInsertBlockIntoFreeList  heap_4.o
    0x080035b0   0x00000038   Code   RO         4385    i.prvInsertTimerInActiveList  timers.o
    0x080035e8   0x0000001c   Code   RO         3640    i.prvIsQueueEmpty   queue.o
    0x08003604   0x000000cc   Code   RO         4386    i.prvProcessReceivedCommands  timers.o
    0x080036d0   0x000000b4   Code   RO         4387    i.prvProcessTimerOrBlockTask  timers.o
    0x08003784   0x00000020   Code   RO         4039    i.prvResetNextTaskUnblockTime  tasks.o
    0x080037a4   0x00000028   Code   RO         4388    i.prvSampleTimeNow  timers.o
    0x080037cc   0x0000006c   Code   RO         4389    i.prvSwitchTimerLists  timers.o
    0x08003838   0x00000028   Code   RO         4535    i.prvTaskExitError  port.o
    0x08003860   0x00000024   Code   RO         4390    i.prvTimerTask      timers.o
    0x08003884   0x0000006a   Code   RO         3641    i.prvUnlockQueue    queue.o
    0x080038ee   0x00000002   PAD
    0x080038f0   0x000000d8   Code   RO         4612    i.pvPortMalloc      heap_4.o
    0x080039c8   0x00000024   Code   RO         4536    i.pxPortInitialiseStack  port.o
    0x080039ec   0x00000026   Code   RO         3596    i.uxListRemove      list.o
    0x08003a12   0x00000002   PAD
    0x08003a14   0x00000014   Code   RO         4807    i.vApplicationGetIdleTaskMemory  cmsis_os2.o
    0x08003a28   0x00000018   Code   RO         4808    i.vApplicationGetTimerTaskMemory  cmsis_os2.o
    0x08003a40   0x00000016   Code   RO         3597    i.vListInitialise   list.o
    0x08003a56   0x00000006   Code   RO         3598    i.vListInitialiseItem  list.o
    0x08003a5c   0x00000030   Code   RO         3599    i.vListInsert       list.o
    0x08003a8c   0x00000018   Code   RO         3600    i.vListInsertEnd    list.o
    0x08003aa4   0x00000040   Code   RO         4538    i.vPortEnterCritical  port.o
    0x08003ae4   0x00000028   Code   RO         4539    i.vPortExitCritical  port.o
    0x08003b0c   0x0000005c   Code   RO         4613    i.vPortFree         heap_4.o
    0x08003b68   0x00000024   Code   RO         4540    i.vPortSetupTimerInterrupt  port.o
    0x08003b8c   0x00000054   Code   RO         4541    i.vPortValidateInterruptPriority  port.o
    0x08003be0   0x00000028   Code   RO         3647    i.vQueueAddToRegistry  queue.o
    0x08003c08   0x00000044   Code   RO         3651    i.vQueueWaitForMessageRestricted  queue.o
    0x08003c4c   0x0000004c   Code   RO         4051    i.vTaskDelay        tasks.o
    0x08003c98   0x00000010   Code   RO         4056    i.vTaskInternalSetTimeOutState  tasks.o
    0x08003ca8   0x0000000c   Code   RO         4057    i.vTaskMissedYield  tasks.o
    0x08003cb4   0x00000030   Code   RO         4059    i.vTaskPlaceOnEventList  tasks.o
    0x08003ce4   0x00000038   Code   RO         4060    i.vTaskPlaceOnEventListRestricted  tasks.o
    0x08003d1c   0x00000088   Code   RO         4068    i.vTaskStartScheduler  tasks.o
    0x08003da4   0x00000010   Code   RO         4070    i.vTaskSuspendAll   tasks.o
    0x08003db4   0x00000064   Code   RO         4071    i.vTaskSwitchContext  tasks.o
    0x08003e18   0x000000a8   Code   RO         4542    i.xPortStartScheduler  port.o
    0x08003ec0   0x00000066   Code   RO         3657    i.xQueueGenericCreateStatic  queue.o
    0x08003f26   0x00000002   PAD
    0x08003f28   0x00000088   Code   RO         3658    i.xQueueGenericReset  queue.o
    0x08003fb0   0x00000160   Code   RO         3659    i.xQueueGenericSend  queue.o
    0x08004110   0x000000bc   Code   RO         3660    i.xQueueGenericSendFromISR  queue.o
    0x080041cc   0x00000138   Code   RO         3669    i.xQueueReceive     queue.o
    0x08004304   0x00000074   Code   RO         4072    i.xTaskCheckForTimeOut  tasks.o
    0x08004378   0x0000005a   Code   RO         4073    i.xTaskCreate       tasks.o
    0x080043d2   0x00000056   Code   RO         4074    i.xTaskCreateStatic  tasks.o
    0x08004428   0x0000001c   Code   RO         4078    i.xTaskGetSchedulerState  tasks.o
    0x08004444   0x0000000c   Code   RO         4079    i.xTaskGetTickCount  tasks.o
    0x08004450   0x000000c8   Code   RO         4081    i.xTaskIncrementTick  tasks.o
    0x08004518   0x00000080   Code   RO         4084    i.xTaskPriorityDisinherit  tasks.o
    0x08004598   0x00000070   Code   RO         4086    i.xTaskRemoveFromEventList  tasks.o
    0x08004608   0x000000c4   Code   RO         4087    i.xTaskResumeAll    tasks.o
    0x080046cc   0x00000060   Code   RO         4397    i.xTimerCreateTimerTask  timers.o
    0x0800472c   0x00000068   Code   RO         4398    i.xTimerGenericCommand  timers.o
    0x08004794   0x00000024   Data   RO           23    .constdata          main.o
    0x080047b8   0x00000010   Data   RO         2956    .constdata          system_stm32f1xx.o
    0x080047c8   0x00000008   Data   RO         2957    .constdata          system_stm32f1xx.o
    0x080047d0   0x000007c2   Data   RO         3237    .constdata          srom.o
    0x08004f92   0x00000002   PAD
    0x08004f94   0x0000000c   Data   RO           24    .conststring        main.o
    0x08004fa0   0x00000000   Data   RO         5530    Region$$Table       anon$$obj.o


    Execution Region RW_IRAM1 (Base: 0x20000000, Size: 0x00002120, Max: 0x0000c000, ABSOLUTE)

    Base Addr    Size         Type   Attr      Idx    E Section Name        Object

    0x20000000   0x00000014   Data   RW           25    .data               main.o
    0x20000014   0x0000000c   Data   RW         1356    .data               stm32f1xx_hal.o
    0x20000020   0x00000004   Data   RW         2958    .data               system_stm32f1xx.o
    0x20000024   0x00000008   Data   RW         3074    .data               comm.o
    0x2000002c   0x0000003c   Data   RW         4090    .data               tasks.o
    0x20000068   0x00000014   Data   RW         4406    .data               timers.o
    0x2000007c   0x0000000c   Data   RW         4543    .data               port.o
    0x20000088   0x00000018   Data   RW         4618    .data               heap_4.o
    0x200000a0   0x00000004   Data   RW         4810    .data               cmsis_os2.o
    0x200000a4   0x00000004   Data   RW         5510    .data               mc_w.l(stdout.o)
    0x200000a8   0x00000004   Data   RW         5519    .data               mc_w.l(mvars.o)
    0x200000ac   0x00000004   Data   RW         5520    .data               mc_w.l(mvars.o)
    0x200000b0   0x00000118   Zero   RW           21    .bss                main.o
    0x200001c8   0x00000080   Zero   RW         3073    .bss                comm.o
    0x20000248   0x00000040   Zero   RW         3673    .bss                queue.o
    0x20000288   0x000004c4   Zero   RW         4089    .bss                tasks.o
    0x2000074c   0x00000118   Zero   RW         4405    .bss                timers.o
    0x20000864   0x00000c00   Zero   RW         4617    .bss                heap_4.o
    0x20001464   0x000006b8   Zero   RW         4809    .bss                cmsis_os2.o
    0x20001b1c   0x00000004   PAD
    0x20001b20   0x00000200   Zero   RW            2    HEAP                startup_stm32f103xe.o
    0x20001d20   0x00000400   Zero   RW            1    STACK               startup_stm32f103xe.o

